  Determining projects to restore...
C:\Users\OM WAGH\source\repos\Acczite20\Acczite20.csproj : warning NU1603: Acczite20 depends on OpenTK.Windowing.Desktop (>= 4.8.3) but OpenTK.Windowing.Desktop 4.8.3 was not found. OpenTK.Windowing.Desktop 4.9.1 was resolved instead.
C:\Users\OM WAGH\source\repos\Acczite20\Acczite20.csproj : warning NU1701: Package 'OpenTK 3.3.1' was restored using '.NETFramework,Version=v4.6.1, .NETFramework,Version=v4.6.2, .NETFramework,Version=v4.7, .NETFramework,Version=v4.7.1, .NETFramework,Version=v4.7.2, .NETFramework,Version=v4.8, .NETFramework,Version=v4.8.1' instead of the project target framework 'net8.0-windows7.0'. This package may not be fully compatible with your project.
C:\Users\OM WAGH\source\repos\Acczite20\Acczite20.csproj : warning NU1701: Package 'OpenTK.GLWpfControl 3.3.0' was restored using '.NETFramework,Version=v4.6.1, .NETFramework,Version=v4.6.2, .NETFramework,Version=v4.7, .NETFramework,Version=v4.7.1, .NETFramework,Version=v4.7.2, .NETFramework,Version=v4.8, .NETFramework,Version=v4.8.1' instead of the project target framework 'net8.0-windows7.0'. This package may not be fully compatible with your project.
C:\Users\OM WAGH\source\repos\Acczite20\Acczite20.csproj : warning NU1701: Package 'SkiaSharp.Views.WPF 3.116.1' was restored using '.NETFramework,Version=v4.6.1, .NETFramework,Version=v4.6.2, .NETFramework,Version=v4.7, .NETFramework,Version=v4.7.1, .NETFramework,Version=v4.7.2, .NETFramework,Version=v4.8, .NETFramework,Version=v4.8.1' instead of the project target framework 'net8.0-windows7.0'. This package may not be fully compatible with your project.
  All projects are up-to-date for restore.
C:\Users\OM WAGH\source\repos\Acczite20\Acczite20.csproj : warning NU1603: Acczite20 depends on OpenTK.Windowing.Desktop (>= 4.8.3) but OpenTK.Windowing.Desktop 4.8.3 was not found. OpenTK.Windowing.Desktop 4.9.1 was resolved instead.
C:\Users\OM WAGH\source\repos\Acczite20\Acczite20.csproj : warning NU1701: Package 'OpenTK 3.3.1' was restored using '.NETFramework,Version=v4.6.1, .NETFramework,Version=v4.6.2, .NETFramework,Version=v4.7, .NETFramework,Version=v4.7.1, .NETFramework,Version=v4.7.2, .NETFramework,Version=v4.8, .NETFramework,Version=v4.8.1' instead of the project target framework 'net8.0-windows7.0'. This package may not be fully compatible with your project.
C:\Users\OM WAGH\source\repos\Acczite20\Acczite20.csproj : warning NU1701: Package 'OpenTK.GLWpfControl 3.3.0' was restored using '.NETFramework,Version=v4.6.1, .NETFramework,Version=v4.6.2, .NETFramework,Version=v4.7, .NETFramework,Version=v4.7.1, .NETFramework,Version=v4.7.2, .NETFramework,Version=v4.8, .NETFramework,Version=v4.8.1' instead of the project target framework 'net8.0-windows7.0'. This package may not be fully compatible with your project.
C:\Users\OM WAGH\source\repos\Acczite20\Acczite20.csproj : warning NU1701: Package 'SkiaSharp.Views.WPF 3.116.1' was restored using '.NETFramework,Version=v4.6.1, .NETFramework,Version=v4.6.2, .NETFramework,Version=v4.7, .NETFramework,Version=v4.7.1, .NETFramework,Version=v4.7.2, .NETFramework,Version=v4.8, .NETFramework,Version=v4.8.1' instead of the project target framework 'net8.0-windows7.0'. This package may not be fully compatible with your project.
C:\Users\OM WAGH\source\repos\Acczite20\Acczite20_px5pzvfx_wpftmp.csproj : warning NU1603: Acczite20 depends on OpenTK.Windowing.Desktop (>= 4.8.3) but OpenTK.Windowing.Desktop 4.8.3 was not found. OpenTK.Windowing.Desktop 4.9.1 was resolved instead.
C:\Users\OM WAGH\source\repos\Acczite20\Acczite20_px5pzvfx_wpftmp.csproj : warning NU1701: Package 'OpenTK 3.3.1' was restored using '.NETFramework,Version=v4.6.1, .NETFramework,Version=v4.6.2, .NETFramework,Version=v4.7, .NETFramework,Version=v4.7.1, .NETFramework,Version=v4.7.2, .NETFramework,Version=v4.8, .NETFramework,Version=v4.8.1' instead of the project target framework 'net8.0-windows7.0'. This package may not be fully compatible with your project.
C:\Users\OM WAGH\source\repos\Acczite20\Acczite20_px5pzvfx_wpftmp.csproj : warning NU1701: Package 'OpenTK.GLWpfControl 3.3.0' was restored using '.NETFramework,Version=v4.6.1, .NETFramework,Version=v4.6.2, .NETFramework,Version=v4.7, .NETFramework,Version=v4.7.1, .NETFramework,Version=v4.7.2, .NETFramework,Version=v4.8, .NETFramework,Version=v4.8.1' instead of the project target framework 'net8.0-windows7.0'. This package may not be fully compatible with your project.
C:\Users\OM WAGH\source\repos\Acczite20\Acczite20_px5pzvfx_wpftmp.csproj : warning NU1701: Package 'SkiaSharp.Views.WPF 3.116.1' was restored using '.NETFramework,Version=v4.6.1, .NETFramework,Version=v4.6.2, .NETFramework,Version=v4.7, .NETFramework,Version=v4.7.1, .NETFramework,Version=v4.7.2, .NETFramework,Version=v4.8, .NETFramework,Version=v4.8.1' instead of the project target framework 'net8.0-windows7.0'. This package may not be fully compatible with your project.
C:\Users\OM WAGH\source\repos\Acczite20\Models\Company.cs(11,21): warning CS0108: 'Company.IsActive' hides inherited member 'BaseEntity.IsActive'. Use the new keyword if hiding was intended. [C:\Users\OM WAGH\source\repos\Acczite20\Acczite20_px5pzvfx_wpftmp.csproj]
C:\Users\OM WAGH\source\repos\Acczite20\Models\Integration\IntegrationCoreModels.cs(25,25): warning CS0108: 'PendingMapping.CreatedAt' hides inherited member 'BaseEntity.CreatedAt'. Use the new keyword if hiding was intended. [C:\Users\OM WAGH\source\repos\Acczite20\Acczite20_px5pzvfx_wpftmp.csproj]
C:\Users\OM WAGH\source\repos\Acczite20\Models\Integration\IntegrationCoreModels.cs(34,31): warning CS0108: 'IntegrationEventQueue.CreatedAt' hides inherited member 'BaseEntity.CreatedAt'. Use the new keyword if hiding was intended. [C:\Users\OM WAGH\source\repos\Acczite20\Acczite20_px5pzvfx_wpftmp.csproj]
C:\Users\OM WAGH\source\repos\Acczite20\Views\Pages\LedgerExplorerPage.xaml.cs(17,83): warning CS8625: Cannot convert null literal to non-nullable reference type. [C:\Users\OM WAGH\source\repos\Acczite20\Acczite20_px5pzvfx_wpftmp.csproj]
C:\Users\OM WAGH\source\repos\Acczite20\Views\Pages\TrialBalancePage.xaml.cs(26,83): warning CS8625: Cannot convert null literal to non-nullable reference type. [C:\Users\OM WAGH\source\repos\Acczite20\Acczite20_px5pzvfx_wpftmp.csproj]
C:\Users\OM WAGH\source\repos\Acczite20\Services\TallyXmlService.cs(38,26): error CS0246: The type or namespace name 'SyncStateMonitor' could not be found (are you missing a using directive or an assembly reference?) [C:\Users\OM WAGH\source\repos\Acczite20\Acczite20_px5pzvfx_wpftmp.csproj]
C:\Users\OM WAGH\source\repos\Acczite20\Services\TallyXmlService.cs(40,32): error CS0246: The type or namespace name 'SyncStateMonitor' could not be found (are you missing a using directive or an assembly reference?) [C:\Users\OM WAGH\source\repos\Acczite20\Acczite20_px5pzvfx_wpftmp.csproj]
C:\Users\OM WAGH\source\repos\Acczite20\Views\Pages\VoucherExplorerPage.xaml.cs(17,83): warning CS8625: Cannot convert null literal to non-nullable reference type. [C:\Users\OM WAGH\source\repos\Acczite20\Acczite20_px5pzvfx_wpftmp.csproj]

Build FAILED.

C:\Users\OM WAGH\source\repos\Acczite20\Acczite20.csproj : warning NU1603: Acczite20 depends on OpenTK.Windowing.Desktop (>= 4.8.3) but OpenTK.Windowing.Desktop 4.8.3 was not found. OpenTK.Windowing.Desktop 4.9.1 was resolved instead.
C:\Users\OM WAGH\source\repos\Acczite20\Acczite20.csproj : warning NU1701: Package 'OpenTK 3.3.1' was restored using '.NETFramework,Version=v4.6.1, .NETFramework,Version=v4.6.2, .NETFramework,Version=v4.7, .NETFramework,Version=v4.7.1, .NETFramework,Version=v4.7.2, .NETFramework,Version=v4.8, .NETFramework,Version=v4.8.1' instead of the project target framework 'net8.0-windows7.0'. This package may not be fully compatible with your project.
C:\Users\OM WAGH\source\repos\Acczite20\Acczite20.csproj : warning NU1701: Package 'OpenTK.GLWpfControl 3.3.0' was restored using '.NETFramework,Version=v4.6.1, .NETFramework,Version=v4.6.2, .NETFramework,Version=v4.7, .NETFramework,Version=v4.7.1, .NETFramework,Version=v4.7.2, .NETFramework,Version=v4.8, .NETFramework,Version=v4.8.1' instead of the project target framework 'net8.0-windows7.0'. This package may not be fully compatible with your project.
C:\Users\OM WAGH\source\repos\Acczite20\Acczite20.csproj : warning NU1701: Package 'SkiaSharp.Views.WPF 3.116.1' was restored using '.NETFramework,Version=v4.6.1, .NETFramework,Version=v4.6.2, .NETFramework,Version=v4.7, .NETFramework,Version=v4.7.1, .NETFramework,Version=v4.7.2, .NETFramework,Version=v4.8, .NETFramework,Version=v4.8.1' instead of the project target framework 'net8.0-windows7.0'. This package may not be fully compatible with your project.
C:\Users\OM WAGH\source\repos\Acczite20\Acczite20.csproj : warning NU1603: Acczite20 depends on OpenTK.Windowing.Desktop (>= 4.8.3) but OpenTK.Windowing.Desktop 4.8.3 was not found. OpenTK.Windowing.Desktop 4.9.1 was resolved instead.
C:\Users\OM WAGH\source\repos\Acczite20\Acczite20.csproj : warning NU1701: Package 'OpenTK 3.3.1' was restored using '.NETFramework,Version=v4.6.1, .NETFramework,Version=v4.6.2, .NETFramework,Version=v4.7, .NETFramework,Version=v4.7.1, .NETFramework,Version=v4.7.2, .NETFramework,Version=v4.8, .NETFramework,Version=v4.8.1' instead of the project target framework 'net8.0-windows7.0'. This package may not be fully compatible with your project.
C:\Users\OM WAGH\source\repos\Acczite20\Acczite20.csproj : warning NU1701: Package 'OpenTK.GLWpfControl 3.3.0' was restored using '.NETFramework,Version=v4.6.1, .NETFramework,Version=v4.6.2, .NETFramework,Version=v4.7, .NETFramework,Version=v4.7.1, .NETFramework,Version=v4.7.2, .NETFramework,Version=v4.8, .NETFramework,Version=v4.8.1' instead of the project target framework 'net8.0-windows7.0'. This package may not be fully compatible with your project.
C:\Users\OM WAGH\source\repos\Acczite20\Acczite20.csproj : warning NU1701: Package 'SkiaSharp.Views.WPF 3.116.1' was restored using '.NETFramework,Version=v4.6.1, .NETFramework,Version=v4.6.2, .NETFramework,Version=v4.7, .NETFramework,Version=v4.7.1, .NETFramework,Version=v4.7.2, .NETFramework,Version=v4.8, .NETFramework,Version=v4.8.1' instead of the project target framework 'net8.0-windows7.0'. This package may not be fully compatible with your project.
C:\Users\OM WAGH\source\repos\Acczite20\Acczite20_px5pzvfx_wpftmp.csproj : warning NU1603: Acczite20 depends on OpenTK.Windowing.Desktop (>= 4.8.3) but OpenTK.Windowing.Desktop 4.8.3 was not found. OpenTK.Windowing.Desktop 4.9.1 was resolved instead.
C:\Users\OM WAGH\source\repos\Acczite20\Acczite20_px5pzvfx_wpftmp.csproj : warning NU1701: Package 'OpenTK 3.3.1' was restored using '.NETFramework,Version=v4.6.1, .NETFramework,Version=v4.6.2, .NETFramework,Version=v4.7, .NETFramework,Version=v4.7.1, .NETFramework,Version=v4.7.2, .NETFramework,Version=v4.8, .NETFramework,Version=v4.8.1' instead of the project target framework 'net8.0-windows7.0'. This package may not be fully compatible with your project.
C:\Users\OM WAGH\source\repos\Acczite20\Acczite20_px5pzvfx_wpftmp.csproj : warning NU1701: Package 'OpenTK.GLWpfControl 3.3.0' was restored using '.NETFramework,Version=v4.6.1, .NETFramework,Version=v4.6.2, .NETFramework,Version=v4.7, .NETFramework,Version=v4.7.1, .NETFramework,Version=v4.7.2, .NETFramework,Version=v4.8, .NETFramework,Version=v4.8.1' instead of the project target framework 'net8.0-windows7.0'. This package may not be fully compatible with your project.
C:\Users\OM WAGH\source\repos\Acczite20\Acczite20_px5pzvfx_wpftmp.csproj : warning NU1701: Package 'SkiaSharp.Views.WPF 3.116.1' was restored using '.NETFramework,Version=v4.6.1, .NETFramework,Version=v4.6.2, .NETFramework,Version=v4.7, .NETFramework,Version=v4.7.1, .NETFramework,Version=v4.7.2, .NETFramework,Version=v4.8, .NETFramework,Version=v4.8.1' instead of the project target framework 'net8.0-windows7.0'. This package may not be fully compatible with your project.
C:\Users\OM WAGH\source\repos\Acczite20\Models\Company.cs(11,21): warning CS0108: 'Company.IsActive' hides inherited member 'BaseEntity.IsActive'. Use the new keyword if hiding was intended. [C:\Users\OM WAGH\source\repos\Acczite20\Acczite20_px5pzvfx_wpftmp.csproj]
C:\Users\OM WAGH\source\repos\Acczite20\Models\Integration\IntegrationCoreModels.cs(25,25): warning CS0108: 'PendingMapping.CreatedAt' hides inherited member 'BaseEntity.CreatedAt'. Use the new keyword if hiding was intended. [C:\Users\OM WAGH\source\repos\Acczite20\Acczite20_px5pzvfx_wpftmp.csproj]
C:\Users\OM WAGH\source\repos\Acczite20\Models\Integration\IntegrationCoreModels.cs(34,31): warning CS0108: 'IntegrationEventQueue.CreatedAt' hides inherited member 'BaseEntity.CreatedAt'. Use the new keyword if hiding was intended. [C:\Users\OM WAGH\source\repos\Acczite20\Acczite20_px5pzvfx_wpftmp.csproj]
C:\Users\OM WAGH\source\repos\Acczite20\Views\Pages\LedgerExplorerPage.xaml.cs(17,83): warning CS8625: Cannot convert null literal to non-nullable reference type. [C:\Users\OM WAGH\source\repos\Acczite20\Acczite20_px5pzvfx_wpftmp.csproj]
C:\Users\OM WAGH\source\repos\Acczite20\Views\Pages\TrialBalancePage.xaml.cs(26,83): warning CS8625: Cannot convert null literal to non-nullable reference type. [C:\Users\OM WAGH\source\repos\Acczite20\Acczite20_px5pzvfx_wpftmp.csproj]
C:\Users\OM WAGH\source\repos\Acczite20\Views\Pages\VoucherExplorerPage.xaml.cs(17,83): warning CS8625: Cannot convert null literal to non-nullable reference type. [C:\Users\OM WAGH\source\repos\Acczite20\Acczite20_px5pzvfx_wpftmp.csproj]
C:\Users\OM WAGH\source\repos\Acczite20\Services\TallyXmlService.cs(38,26): error CS0246: The type or namespace name 'SyncStateMonitor' could not be found (are you missing a using directive or an assembly reference?) [C:\Users\OM WAGH\source\repos\Acczite20\Acczite20_px5pzvfx_wpftmp.csproj]
C:\Users\OM WAGH\source\repos\Acczite20\Services\TallyXmlService.cs(40,32): error CS0246: The type or namespace name 'SyncStateMonitor' could not be found (are you missing a using directive or an assembly reference?) [C:\Users\OM WAGH\source\repos\Acczite20\Acczite20_px5pzvfx_wpftmp.csproj]
    18 Warning(s)
    2 Error(s)

Time Elapsed 00:00:27.19
