C:\vaibhav\tallyAcczite\Acczite20.csproj : warning NU1603: Acczite20 depends on OpenTK.Windowing.Desktop (>= 4.8.3) but OpenTK.Windowing.Desktop 4.8.3 was not found. OpenTK.Windowing.Desktop 4.9.1 was resolved instead.
C:\vaibhav\tallyAcczite\Acczite20.csproj : warning NU1701: Package 'OpenTK 3.3.1' was restored using '.NETFramework,Version=v4.6.1, .NETFramework,Version=v4.6.2, .NETFramework,Version=v4.7, .NETFramework,Version=v4.7.1, .NETFramework,Version=v4.7.2, .NETFramework,Version=v4.8, .NETFramework,Version=v4.8.1' instead of the project target framework 'net8.0-windows7.0'. This package may not be fully compatible with your project.
C:\vaibhav\tallyAcczite\Acczite20.csproj : warning NU1701: Package 'OpenTK.GLWpfControl 3.3.0' was restored using '.NETFramework,Version=v4.6.1, .NETFramework,Version=v4.6.2, .NETFramework,Version=v4.7, .NETFramework,Version=v4.7.1, .NETFramework,Version=v4.7.2, .NETFramework,Version=v4.8, .NETFramework,Version=v4.8.1' instead of the project target framework 'net8.0-windows7.0'. This package may not be fully compatible with your project.
C:\vaibhav\tallyAcczite\Acczite20.csproj : warning NU1701: Package 'SkiaSharp.Views.WPF 3.116.1' was restored using '.NETFramework,Version=v4.6.1, .NETFramework,Version=v4.6.2, .NETFramework,Version=v4.7, .NETFramework,Version=v4.7.1, .NETFramework,Version=v4.7.2, .NETFramework,Version=v4.8, .NETFramework,Version=v4.8.1' instead of the project target framework 'net8.0-windows7.0'. This package may not be fully compatible with your project.
C:\vaibhav\tallyAcczite\Acczite20.csproj : warning NU1603: Acczite20 depends on OpenTK.Windowing.Desktop (>= 4.8.3) but OpenTK.Windowing.Desktop 4.8.3 was not found. OpenTK.Windowing.Desktop 4.9.1 was resolved instead.
C:\vaibhav\tallyAcczite\Acczite20.csproj : warning NU1701: Package 'OpenTK 3.3.1' was restored using '.NETFramework,Version=v4.6.1, .NETFramework,Version=v4.6.2, .NETFramework,Version=v4.7, .NETFramework,Version=v4.7.1, .NETFramework,Version=v4.7.2, .NETFramework,Version=v4.8, .NETFramework,Version=v4.8.1' instead of the project target framework 'net8.0-windows7.0'. This package may not be fully compatible with your project.
C:\vaibhav\tallyAcczite\Acczite20.csproj : warning NU1701: Package 'OpenTK.GLWpfControl 3.3.0' was restored using '.NETFramework,Version=v4.6.1, .NETFramework,Version=v4.6.2, .NETFramework,Version=v4.7, .NETFramework,Version=v4.7.1, .NETFramework,Version=v4.7.2, .NETFramework,Version=v4.8, .NETFramework,Version=v4.8.1' instead of the project target framework 'net8.0-windows7.0'. This package may not be fully compatible with your project.
C:\vaibhav\tallyAcczite\Acczite20.csproj : warning NU1701: Package 'SkiaSharp.Views.WPF 3.116.1' was restored using '.NETFramework,Version=v4.6.1, .NETFramework,Version=v4.6.2, .NETFramework,Version=v4.7, .NETFramework,Version=v4.7.1, .NETFramework,Version=v4.7.2, .NETFramework,Version=v4.8, .NETFramework,Version=v4.8.1' instead of the project target framework 'net8.0-windows7.0'. This package may not be fully compatible with your project.
C:\vaibhav\tallyAcczite\Acczite20_tm1w50bx_wpftmp.csproj : warning NU1603: Acczite20 depends on OpenTK.Windowing.Desktop (>= 4.8.3) but OpenTK.Windowing.Desktop 4.8.3 was not found. OpenTK.Windowing.Desktop 4.9.1 was resolved instead.
C:\vaibhav\tallyAcczite\Acczite20_tm1w50bx_wpftmp.csproj : warning NU1701: Package 'OpenTK 3.3.1' was restored using '.NETFramework,Version=v4.6.1, .NETFramework,Version=v4.6.2, .NETFramework,Version=v4.7, .NETFramework,Version=v4.7.1, .NETFramework,Version=v4.7.2, .NETFramework,Version=v4.8, .NETFramework,Version=v4.8.1' instead of the project target framework 'net8.0-windows7.0'. This package may not be fully compatible with your project.
C:\vaibhav\tallyAcczite\Acczite20_tm1w50bx_wpftmp.csproj : warning NU1701: Package 'OpenTK.GLWpfControl 3.3.0' was restored using '.NETFramework,Version=v4.6.1, .NETFramework,Version=v4.6.2, .NETFramework,Version=v4.7, .NETFramework,Version=v4.7.1, .NETFramework,Version=v4.7.2, .NETFramework,Version=v4.8, .NETFramework,Version=v4.8.1' instead of the project target framework 'net8.0-windows7.0'. This package may not be fully compatible with your project.
C:\vaibhav\tallyAcczite\Acczite20_tm1w50bx_wpftmp.csproj : warning NU1701: Package 'SkiaSharp.Views.WPF 3.116.1' was restored using '.NETFramework,Version=v4.6.1, .NETFramework,Version=v4.6.2, .NETFramework,Version=v4.7, .NETFramework,Version=v4.7.1, .NETFramework,Version=v4.7.2, .NETFramework,Version=v4.8, .NETFramework,Version=v4.8.1' instead of the project target framework 'net8.0-windows7.0'. This package may not be fully compatible with your project.
C:\vaibhav\tallyAcczite\Models\Company.cs(11,21): warning CS0108: 'Company.IsActive' hides inherited member 'BaseEntity.IsActive'. Use the new keyword if hiding was intended. [C:\vaibhav\tallyAcczite\Acczite20_tm1w50bx_wpftmp.csproj]
C:\vaibhav\tallyAcczite\Models\Integration\IntegrationCoreModels.cs(25,25): warning CS0108: 'PendingMapping.CreatedAt' hides inherited member 'BaseEntity.CreatedAt'. Use the new keyword if hiding was intended. [C:\vaibhav\tallyAcczite\Acczite20_tm1w50bx_wpftmp.csproj]
C:\vaibhav\tallyAcczite\Models\Integration\IntegrationCoreModels.cs(34,31): warning CS0108: 'IntegrationEventQueue.CreatedAt' hides inherited member 'BaseEntity.CreatedAt'. Use the new keyword if hiding was intended. [C:\vaibhav\tallyAcczite\Acczite20_tm1w50bx_wpftmp.csproj]
C:\vaibhav\tallyAcczite\Views\Pages\LedgerExplorerPage.xaml.cs(17,83): warning CS8625: Cannot convert null literal to non-nullable reference type. [C:\vaibhav\tallyAcczite\Acczite20_tm1w50bx_wpftmp.csproj]
C:\vaibhav\tallyAcczite\Views\Pages\VoucherExplorerPage.xaml.cs(17,83): warning CS8625: Cannot convert null literal to non-nullable reference type. [C:\vaibhav\tallyAcczite\Acczite20_tm1w50bx_wpftmp.csproj]
C:\vaibhav\tallyAcczite\Views\Pages\TrialBalancePage.xaml.cs(28,83): warning CS8625: Cannot convert null literal to non-nullable reference type. [C:\vaibhav\tallyAcczite\Acczite20_tm1w50bx_wpftmp.csproj]
C:\vaibhav\tallyAcczite\test_tally.cs(7,23): warning CS8892: Method 'Program.Main()' will not be used as an entry point because a synchronous entry point 'App.Main()' was found. [C:\vaibhav\tallyAcczite\Acczite20_tm1w50bx_wpftmp.csproj]
C:\vaibhav\tallyAcczite\Views\Pages\UnifiedSyncPage.xaml.cs(161,23): warning CS8618: Non-nullable property 'Message' must contain a non-null value when exiting constructor. Consider adding the 'required' modifier or declaring the property as nullable. [C:\vaibhav\tallyAcczite\Acczite20_tm1w50bx_wpftmp.csproj]
C:\vaibhav\tallyAcczite\Views\Pages\UnifiedSyncPage.xaml.cs(162,23): warning CS8618: Non-nullable property 'Category' must contain a non-null value when exiting constructor. Consider adding the 'required' modifier or declaring the property as nullable. [C:\vaibhav\tallyAcczite\Acczite20_tm1w50bx_wpftmp.csproj]
C:\vaibhav\tallyAcczite\Converters\ComparisonConverter.cs(13,31): warning CS8600: Converting null literal or possible null value to non-nullable type. [C:\vaibhav\tallyAcczite\Acczite20_tm1w50bx_wpftmp.csproj]
C:\vaibhav\tallyAcczite\Models\Warehouse\LedgerMapping.cs(8,23): warning CS8618: Non-nullable property 'MappedCategory' must contain a non-null value when exiting constructor. Consider adding the 'required' modifier or declaring the property as nullable. [C:\vaibhav\tallyAcczite\Acczite20_tm1w50bx_wpftmp.csproj]
C:\vaibhav\tallyAcczite\Models\Warehouse\LedgerMapping.cs(9,23): warning CS8618: Non-nullable property 'TallyLedgerName' must contain a non-null value when exiting constructor. Consider adding the 'required' modifier or declaring the property as nullable. [C:\vaibhav\tallyAcczite\Acczite20_tm1w50bx_wpftmp.csproj]
C:\vaibhav\tallyAcczite\Models\Warehouse\FactTables.cs(48,23): warning CS8618: Non-nullable property 'TaxType' must contain a non-null value when exiting constructor. Consider adding the 'required' modifier or declaring the property as nullable. [C:\vaibhav\tallyAcczite\Acczite20_tm1w50bx_wpftmp.csproj]
C:\vaibhav\tallyAcczite\MongoDocuments\VoucherDocument.cs(50,23): warning CS8618: Non-nullable property 'LedgerName' must contain a non-null value when exiting constructor. Consider adding the 'required' modifier or declaring the property as nullable. [C:\vaibhav\tallyAcczite\Acczite20_tm1w50bx_wpftmp.csproj]
C:\vaibhav\tallyAcczite\MongoDocuments\VoucherDocument.cs(11,23): warning CS8618: Non-nullable property 'Id' must contain a non-null value when exiting constructor. Consider adding the 'required' modifier or declaring the property as nullable. [C:\vaibhav\tallyAcczite\Acczite20_tm1w50bx_wpftmp.csproj]
C:\vaibhav\tallyAcczite\MongoDocuments\VoucherDocument.cs(14,23): warning CS8618: Non-nullable property 'CompanyId' must contain a non-null value when exiting constructor. Consider adding the 'required' modifier or declaring the property as nullable. [C:\vaibhav\tallyAcczite\Acczite20_tm1w50bx_wpftmp.csproj]
C:\vaibhav\tallyAcczite\MongoDocuments\VoucherDocument.cs(17,23): warning CS8618: Non-nullable property 'OrganizationId' must contain a non-null value when exiting constructor. Consider adding the 'required' modifier or declaring the property as nullable. [C:\vaibhav\tallyAcczite\Acczite20_tm1w50bx_wpftmp.csproj]
C:\vaibhav\tallyAcczite\MongoDocuments\VoucherDocument.cs(20,23): warning CS8618: Non-nullable property 'VoucherNumber' must contain a non-null value when exiting constructor. Consider adding the 'required' modifier or declaring the property as nullable. [C:\vaibhav\tallyAcczite\Acczite20_tm1w50bx_wpftmp.csproj]
C:\vaibhav\tallyAcczite\MongoDocuments\VoucherDocument.cs(23,23): warning CS8618: Non-nullable property 'VoucherType' must contain a non-null value when exiting constructor. Consider adding the 'required' modifier or declaring the property as nullable. [C:\vaibhav\tallyAcczite\Acczite20_tm1w50bx_wpftmp.csproj]
C:\vaibhav\tallyAcczite\MongoDocuments\VoucherDocument.cs(26,23): warning CS8618: Non-nullable property 'VoucherDate' must contain a non-null value when exiting constructor. Consider adding the 'required' modifier or declaring the property as nullable. [C:\vaibhav\tallyAcczite\Acczite20_tm1w50bx_wpftmp.csproj]
C:\vaibhav\tallyAcczite\MongoDocuments\VoucherDocument.cs(29,23): warning CS8618: Non-nullable property 'ReferenceNumber' must contain a non-null value when exiting constructor. Consider adding the 'required' modifier or declaring the property as nullable. [C:\vaibhav\tallyAcczite\Acczite20_tm1w50bx_wpftmp.csproj]
C:\vaibhav\tallyAcczite\MongoDocuments\VoucherDocument.cs(41,35): warning CS8618: Non-nullable property 'TaxDetails' must contain a non-null value when exiting constructor. Consider adding the 'required' modifier or declaring the property as nullable. [C:\vaibhav\tallyAcczite\Acczite20_tm1w50bx_wpftmp.csproj]
C:\vaibhav\tallyAcczite\MongoDocuments\VoucherDocument.cs(44,23): warning CS8618: Non-nullable property 'LastModified' must contain a non-null value when exiting constructor. Consider adding the 'required' modifier or declaring the property as nullable. [C:\vaibhav\tallyAcczite\Acczite20_tm1w50bx_wpftmp.csproj]
C:\vaibhav\tallyAcczite\ViewModels\Wizard\TallySyncViewModel.cs(73,16): warning CS8618: Non-nullable field '_tallyService' must contain a non-null value when exiting constructor. Consider adding the 'required' modifier or declaring the field as nullable. [C:\vaibhav\tallyAcczite\Acczite20_tm1w50bx_wpftmp.csproj]
C:\vaibhav\tallyAcczite\MongoDocuments\PayrollDocument.cs(10,23): warning CS8618: Non-nullable property 'Id' must contain a non-null value when exiting constructor. Consider adding the 'required' modifier or declaring the property as nullable. [C:\vaibhav\tallyAcczite\Acczite20_tm1w50bx_wpftmp.csproj]
C:\vaibhav\tallyAcczite\MongoDocuments\PayrollDocument.cs(13,23): warning CS8618: Non-nullable property 'OrganizationId' must contain a non-null value when exiting constructor. Consider adding the 'required' modifier or declaring the property as nullable. [C:\vaibhav\tallyAcczite\Acczite20_tm1w50bx_wpftmp.csproj]
C:\vaibhav\tallyAcczite\MongoDocuments\PayrollDocument.cs(16,23): warning CS8618: Non-nullable property 'EmployeeId' must contain a non-null value when exiting constructor. Consider adding the 'required' modifier or declaring the property as nullable. [C:\vaibhav\tallyAcczite\Acczite20_tm1w50bx_wpftmp.csproj]
C:\vaibhav\tallyAcczite\MongoDocuments\PayrollDocument.cs(19,23): warning CS8618: Non-nullable property 'EmployeeName' must contain a non-null value when exiting constructor. Consider adding the 'required' modifier or declaring the property as nullable. [C:\vaibhav\tallyAcczite\Acczite20_tm1w50bx_wpftmp.csproj]
C:\vaibhav\tallyAcczite\MongoDocuments\PayrollDocument.cs(22,23): warning CS8618: Non-nullable property 'Month' must contain a non-null value when exiting constructor. Consider adding the 'required' modifier or declaring the property as nullable. [C:\vaibhav\tallyAcczite\Acczite20_tm1w50bx_wpftmp.csproj]
C:\vaibhav\tallyAcczite\MongoDocuments\MongoUserDocument.cs(32,23): warning CS8618: Non-nullable property 'SectionKey' must contain a non-null value when exiting constructor. Consider adding the 'required' modifier or declaring the property as nullable. [C:\vaibhav\tallyAcczite\Acczite20_tm1w50bx_wpftmp.csproj]
C:\vaibhav\tallyAcczite\MongoDocuments\AdminInventoryDocument.cs(30,23): warning CS8618: Non-nullable property 'Batch' must contain a non-null value when exiting constructor. Consider adding the 'required' modifier or declaring the property as nullable. [C:\vaibhav\tallyAcczite\Acczite20_tm1w50bx_wpftmp.csproj]
C:\vaibhav\tallyAcczite\Infrastructure\BulkInsertHandler.cs(46,52): warning CS8604: Possible null reference argument for parameter 'connectionString' in 'Task BulkInsertHandler.SqlBulkInsertAsync(List<Voucher> vouchers, string connectionString)'. [C:\vaibhav\tallyAcczite\Acczite20_tm1w50bx_wpftmp.csproj]
C:\vaibhav\tallyAcczite\Infrastructure\BulkInsertHandler.cs(51,54): warning CS8604: Possible null reference argument for parameter 'connectionString' in 'Task BulkInsertHandler.MySqlBulkInsertAsync(List<Voucher> vouchers, string connectionString)'. [C:\vaibhav\tallyAcczite\Acczite20_tm1w50bx_wpftmp.csproj]
C:\vaibhav\tallyAcczite\MongoDocuments\MongoUserDocument.cs(14,23): warning CS8618: Non-nullable property 'Email' must contain a non-null value when exiting constructor. Consider adding the 'required' modifier or declaring the property as nullable. [C:\vaibhav\tallyAcczite\Acczite20_tm1w50bx_wpftmp.csproj]
C:\vaibhav\tallyAcczite\MongoDocuments\MongoUserDocument.cs(17,23): warning CS8618: Non-nullable property 'Phone' must contain a non-null value when exiting constructor. Consider adding the 'required' modifier or declaring the property as nullable. [C:\vaibhav\tallyAcczite\Acczite20_tm1w50bx_wpftmp.csproj]
C:\vaibhav\tallyAcczite\MongoDocuments\MongoUserDocument.cs(20,23): warning CS8618: Non-nullable property 'Password' must contain a non-null value when exiting constructor. Consider adding the 'required' modifier or declaring the property as nullable. [C:\vaibhav\tallyAcczite\Acczite20_tm1w50bx_wpftmp.csproj]
C:\vaibhav\tallyAcczite\MongoDocuments\HrPayrollDocument.cs(51,23): warning CS8618: Non-nullable property 'Allowances' must contain a non-null value when exiting constructor. Consider adding the 'required' modifier or declaring the property as nullable. [C:\vaibhav\tallyAcczite\Acczite20_tm1w50bx_wpftmp.csproj]
C:\vaibhav\tallyAcczite\MongoDocuments\HrPayrollDocument.cs(17,23): warning CS8618: Non-nullable property 'Period' must contain a non-null value when exiting constructor. Consider adding the 'required' modifier or declaring the property as nullable. [C:\vaibhav\tallyAcczite\Acczite20_tm1w50bx_wpftmp.csproj]
C:\vaibhav\tallyAcczite\MongoDocuments\HrPayrollDocument.cs(38,23): warning CS8618: Non-nullable property 'Status' must contain a non-null value when exiting constructor. Consider adding the 'required' modifier or declaring the property as nullable. [C:\vaibhav\tallyAcczite\Acczite20_tm1w50bx_wpftmp.csproj]
C:\vaibhav\tallyAcczite\MongoDocuments\HrEmployeeDocument.cs(14,23): warning CS8618: Non-nullable property 'EmployeeCode' must contain a non-null value when exiting constructor. Consider adding the 'required' modifier or declaring the property as nullable. [C:\vaibhav\tallyAcczite\Acczite20_tm1w50bx_wpftmp.csproj]
C:\vaibhav\tallyAcczite\MongoDocuments\HrEmployeeDocument.cs(17,23): warning CS8618: Non-nullable property 'Name' must contain a non-null value when exiting constructor. Consider adding the 'required' modifier or declaring the property as nullable. [C:\vaibhav\tallyAcczite\Acczite20_tm1w50bx_wpftmp.csproj]
C:\vaibhav\tallyAcczite\MongoDocuments\HrEmployeeDocument.cs(20,23): warning CS8618: Non-nullable property 'Email' must contain a non-null value when exiting constructor. Consider adding the 'required' modifier or declaring the property as nullable. [C:\vaibhav\tallyAcczite\Acczite20_tm1w50bx_wpftmp.csproj]
C:\vaibhav\tallyAcczite\MongoDocuments\HrEmployeeDocument.cs(23,23): warning CS8618: Non-nullable property 'Phone' must contain a non-null value when exiting constructor. Consider adding the 'required' modifier or declaring the property as nullable. [C:\vaibhav\tallyAcczite\Acczite20_tm1w50bx_wpftmp.csproj]
C:\vaibhav\tallyAcczite\MongoDocuments\HrEmployeeDocument.cs(26,23): warning CS8618: Non-nullable property 'Department' must contain a non-null value when exiting constructor. Consider adding the 'required' modifier or declaring the property as nullable. [C:\vaibhav\tallyAcczite\Acczite20_tm1w50bx_wpftmp.csproj]
C:\vaibhav\tallyAcczite\MongoDocuments\HrEmployeeDocument.cs(29,23): warning CS8618: Non-nullable property 'Designation' must contain a non-null value when exiting constructor. Consider adding the 'required' modifier or declaring the property as nullable. [C:\vaibhav\tallyAcczite\Acczite20_tm1w50bx_wpftmp.csproj]
C:\vaibhav\tallyAcczite\MongoDocuments\HrEmployeeDocument.cs(32,23): warning CS8618: Non-nullable property 'Status' must contain a non-null value when exiting constructor. Consider adding the 'required' modifier or declaring the property as nullable. [C:\vaibhav\tallyAcczite\Acczite20_tm1w50bx_wpftmp.csproj]
C:\vaibhav\tallyAcczite\MongoDocuments\HrAttendanceDocument.cs(17,23): warning CS8618: Non-nullable property 'EmployeeCode' must contain a non-null value when exiting constructor. Consider adding the 'required' modifier or declaring the property as nullable. [C:\vaibhav\tallyAcczite\Acczite20_tm1w50bx_wpftmp.csproj]
C:\vaibhav\tallyAcczite\MongoDocuments\HrAttendanceDocument.cs(20,23): warning CS8618: Non-nullable property 'Name' must contain a non-null value when exiting constructor. Consider adding the 'required' modifier or declaring the property as nullable. [C:\vaibhav\tallyAcczite\Acczite20_tm1w50bx_wpftmp.csproj]
C:\vaibhav\tallyAcczite\MongoDocuments\HrAttendanceDocument.cs(23,23): warning CS8618: Non-nullable property 'Department' must contain a non-null value when exiting constructor. Consider adding the 'required' modifier or declaring the property as nullable. [C:\vaibhav\tallyAcczite\Acczite20_tm1w50bx_wpftmp.csproj]
C:\vaibhav\tallyAcczite\MongoDocuments\HrAttendanceDocument.cs(29,23): warning CS8618: Non-nullable property 'Period' must contain a non-null value when exiting constructor. Consider adding the 'required' modifier or declaring the property as nullable. [C:\vaibhav\tallyAcczite\Acczite20_tm1w50bx_wpftmp.csproj]
C:\vaibhav\tallyAcczite\MongoDocuments\HrAttendanceDocument.cs(32,23): warning CS8618: Non-nullable property 'Status' must contain a non-null value when exiting constructor. Consider adding the 'required' modifier or declaring the property as nullable. [C:\vaibhav\tallyAcczite\Acczite20_tm1w50bx_wpftmp.csproj]
C:\vaibhav\tallyAcczite\MongoDocuments\HrAttendanceDocument.cs(41,23): warning CS8618: Non-nullable property 'HoursWorked' must contain a non-null value when exiting constructor. Consider adding the 'required' modifier or declaring the property as nullable. [C:\vaibhav\tallyAcczite\Acczite20_tm1w50bx_wpftmp.csproj]
C:\vaibhav\tallyAcczite\MongoDocuments\ExpenseDocument.cs(10,23): warning CS8618: Non-nullable property 'Id' must contain a non-null value when exiting constructor. Consider adding the 'required' modifier or declaring the property as nullable. [C:\vaibhav\tallyAcczite\Acczite20_tm1w50bx_wpftmp.csproj]
C:\vaibhav\tallyAcczite\MongoDocuments\ExpenseDocument.cs(13,23): warning CS8618: Non-nullable property 'OrganizationId' must contain a non-null value when exiting constructor. Consider adding the 'required' modifier or declaring the property as nullable. [C:\vaibhav\tallyAcczite\Acczite20_tm1w50bx_wpftmp.csproj]
C:\vaibhav\tallyAcczite\MongoDocuments\ExpenseDocument.cs(16,23): warning CS8618: Non-nullable property 'Category' must contain a non-null value when exiting constructor. Consider adding the 'required' modifier or declaring the property as nullable. [C:\vaibhav\tallyAcczite\Acczite20_tm1w50bx_wpftmp.csproj]
C:\vaibhav\tallyAcczite\MongoDocuments\ExpenseDocument.cs(22,23): warning CS8618: Non-nullable property 'VoucherNumber' must contain a non-null value when exiting constructor. Consider adding the 'required' modifier or declaring the property as nullable. [C:\vaibhav\tallyAcczite\Acczite20_tm1w50bx_wpftmp.csproj]
C:\vaibhav\tallyAcczite\MongoDocuments\ExpenseDocument.cs(25,23): warning CS8618: Non-nullable property 'Date' must contain a non-null value when exiting constructor. Consider adding the 'required' modifier or declaring the property as nullable. [C:\vaibhav\tallyAcczite\Acczite20_tm1w50bx_wpftmp.csproj]
C:\vaibhav\tallyAcczite\MongoDocuments\AdminProductDocument.cs(14,23): warning CS8618: Non-nullable property 'Sku' must contain a non-null value when exiting constructor. Consider adding the 'required' modifier or declaring the property as nullable. [C:\vaibhav\tallyAcczite\Acczite20_tm1w50bx_wpftmp.csproj]
C:\vaibhav\tallyAcczite\MongoDocuments\AdminProductDocument.cs(17,23): warning CS8618: Non-nullable property 'Name' must contain a non-null value when exiting constructor. Consider adding the 'required' modifier or declaring the property as nullable. [C:\vaibhav\tallyAcczite\Acczite20_tm1w50bx_wpftmp.csproj]
C:\vaibhav\tallyAcczite\MongoDocuments\AdminProductDocument.cs(20,23): warning CS8618: Non-nullable property 'Category' must contain a non-null value when exiting constructor. Consider adding the 'required' modifier or declaring the property as nullable. [C:\vaibhav\tallyAcczite\Acczite20_tm1w50bx_wpftmp.csproj]
C:\vaibhav\tallyAcczite\MongoDocuments\AdminProductDocument.cs(23,23): warning CS8618: Non-nullable property 'Uom' must contain a non-null value when exiting constructor. Consider adding the 'required' modifier or declaring the property as nullable. [C:\vaibhav\tallyAcczite\Acczite20_tm1w50bx_wpftmp.csproj]
C:\vaibhav\tallyAcczite\Models\Warehouse\FactTables.cs(21,23): warning CS8618: Non-nullable property 'Narration' must contain a non-null value when exiting constructor. Consider adding the 'required' modifier or declaring the property as nullable. [C:\vaibhav\tallyAcczite\Acczite20_tm1w50bx_wpftmp.csproj]
C:\vaibhav\tallyAcczite\Models\Warehouse\FactTables.cs(8,23): warning CS8618: Non-nullable property 'VoucherNumber' must contain a non-null value when exiting constructor. Consider adding the 'required' modifier or declaring the property as nullable. [C:\vaibhav\tallyAcczite\Acczite20_tm1w50bx_wpftmp.csproj]
C:\vaibhav\tallyAcczite\Models\Warehouse\FactTables.cs(12,23): warning CS8618: Non-nullable property 'TallyMasterId' must contain a non-null value when exiting constructor. Consider adding the 'required' modifier or declaring the property as nullable. [C:\vaibhav\tallyAcczite\Acczite20_tm1w50bx_wpftmp.csproj]
C:\vaibhav\tallyAcczite\Models\Analytics\ReportingModels.cs(19,23): warning CS8618: Non-nullable property 'Title' must contain a non-null value when exiting constructor. Consider adding the 'required' modifier or declaring the property as nullable. [C:\vaibhav\tallyAcczite\Acczite20_tm1w50bx_wpftmp.csproj]
C:\vaibhav\tallyAcczite\Models\Analytics\ReportingModels.cs(20,23): warning CS8618: Non-nullable property 'Description' must contain a non-null value when exiting constructor. Consider adding the 'required' modifier or declaring the property as nullable. [C:\vaibhav\tallyAcczite\Acczite20_tm1w50bx_wpftmp.csproj]
C:\vaibhav\tallyAcczite\Models\Analytics\ReportingModels.cs(21,23): warning CS8618: Non-nullable property 'Severity' must contain a non-null value when exiting constructor. Consider adding the 'required' modifier or declaring the property as nullable. [C:\vaibhav\tallyAcczite\Acczite20_tm1w50bx_wpftmp.csproj]
C:\vaibhav\tallyAcczite\Models\Analytics\ReportingModels.cs(24,23): warning CS8618: Non-nullable property 'RelatedEntityName' must contain a non-null value when exiting constructor. Consider adding the 'required' modifier or declaring the property as nullable. [C:\vaibhav\tallyAcczite\Acczite20_tm1w50bx_wpftmp.csproj]
C:\vaibhav\tallyAcczite\Models\Warehouse\DimensionTables.cs(34,23): warning CS8618: Non-nullable property 'VoucherTypeName' must contain a non-null value when exiting constructor. Consider adding the 'required' modifier or declaring the property as nullable. [C:\vaibhav\tallyAcczite\Acczite20_tm1w50bx_wpftmp.csproj]
C:\vaibhav\tallyAcczite\Models\Warehouse\DimensionTables.cs(35,23): warning CS8618: Non-nullable property 'TallyMasterId' must contain a non-null value when exiting constructor. Consider adding the 'required' modifier or declaring the property as nullable. [C:\vaibhav\tallyAcczite\Acczite20_tm1w50bx_wpftmp.csproj]
C:\vaibhav\tallyAcczite\Models\Analytics\AnalysisModels.cs(7,23): warning CS8618: Non-nullable property 'LedgerName' must contain a non-null value when exiting constructor. Consider adding the 'required' modifier or declaring the property as nullable. [C:\vaibhav\tallyAcczite\Acczite20_tm1w50bx_wpftmp.csproj]
C:\vaibhav\tallyAcczite\Models\Analytics\AnalysisModels.cs(10,23): warning CS8618: Non-nullable property 'RiskLevel' must contain a non-null value when exiting constructor. Consider adding the 'required' modifier or declaring the property as nullable. [C:\vaibhav\tallyAcczite\Acczite20_tm1w50bx_wpftmp.csproj]
C:\vaibhav\tallyAcczite\Models\AuthResponses.cs(13,23): warning CS8618: Non-nullable property 'Message' must contain a non-null value when exiting constructor. Consider adding the 'required' modifier or declaring the property as nullable. [C:\vaibhav\tallyAcczite\Acczite20_tm1w50bx_wpftmp.csproj]
C:\vaibhav\tallyAcczite\Models\AuthResponses.cs(16,23): warning CS8618: Non-nullable property 'Token' must contain a non-null value when exiting constructor. Consider adding the 'required' modifier or declaring the property as nullable. [C:\vaibhav\tallyAcczite\Acczite20_tm1w50bx_wpftmp.csproj]
C:\vaibhav\tallyAcczite\Models\AuthResponses.cs(19,25): warning CS8618: Non-nullable property 'User' must contain a non-null value when exiting constructor. Consider adding the 'required' modifier or declaring the property as nullable. [C:\vaibhav\tallyAcczite\Acczite20_tm1w50bx_wpftmp.csproj]
C:\vaibhav\tallyAcczite\Models\Warehouse\DimensionTables.cs(25,23): warning CS8618: Non-nullable property 'StockItemName' must contain a non-null value when exiting constructor. Consider adding the 'required' modifier or declaring the property as nullable. [C:\vaibhav\tallyAcczite\Acczite20_tm1w50bx_wpftmp.csproj]
C:\vaibhav\tallyAcczite\Models\Warehouse\DimensionTables.cs(28,23): warning CS8618: Non-nullable property 'HsnCode' must contain a non-null value when exiting constructor. Consider adding the 'required' modifier or declaring the property as nullable. [C:\vaibhav\tallyAcczite\Acczite20_tm1w50bx_wpftmp.csproj]
C:\vaibhav\tallyAcczite\Models\Warehouse\DimensionTables.cs(29,23): warning CS8618: Non-nullable property 'TallyMasterId' must contain a non-null value when exiting constructor. Consider adding the 'required' modifier or declaring the property as nullable. [C:\vaibhav\tallyAcczite\Acczite20_tm1w50bx_wpftmp.csproj]
C:\vaibhav\tallyAcczite\Models\Analytics\ReportingModels.cs(9,23): warning CS8618: Non-nullable property 'LedgerName' must contain a non-null value when exiting constructor. Consider adding the 'required' modifier or declaring the property as nullable. [C:\vaibhav\tallyAcczite\Acczite20_tm1w50bx_wpftmp.csproj]
C:\vaibhav\tallyAcczite\Models\Analytics\ReportingModels.cs(10,23): warning CS8618: Non-nullable property 'GroupName' must contain a non-null value when exiting constructor. Consider adding the 'required' modifier or declaring the property as nullable. [C:\vaibhav\tallyAcczite\Acczite20_tm1w50bx_wpftmp.csproj]
C:\vaibhav\tallyAcczite\Models\Warehouse\DimensionTables.cs(17,23): warning CS8618: Non-nullable property 'GroupName' must contain a non-null value when exiting constructor. Consider adding the 'required' modifier or declaring the property as nullable. [C:\vaibhav\tallyAcczite\Acczite20_tm1w50bx_wpftmp.csproj]
C:\vaibhav\tallyAcczite\Models\Warehouse\DimensionTables.cs(19,23): warning CS8618: Non-nullable property 'RootGroup' must contain a non-null value when exiting constructor. Consider adding the 'required' modifier or declaring the property as nullable. [C:\vaibhav\tallyAcczite\Acczite20_tm1w50bx_wpftmp.csproj]
C:\vaibhav\tallyAcczite\Models\Warehouse\DimensionTables.cs(20,23): warning CS8618: Non-nullable property 'TallyMasterId' must contain a non-null value when exiting constructor. Consider adding the 'required' modifier or declaring the property as nullable. [C:\vaibhav\tallyAcczite\Acczite20_tm1w50bx_wpftmp.csproj]
C:\vaibhav\tallyAcczite\Models\Analytics\CustomerRisk.cs(20,23): warning CS8618: Non-nullable property 'Type' must contain a non-null value when exiting constructor. Consider adding the 'required' modifier or declaring the property as nullable. [C:\vaibhav\tallyAcczite\Acczite20_tm1w50bx_wpftmp.csproj]
C:\vaibhav\tallyAcczite\Models\Analytics\CustomerRisk.cs(21,23): warning CS8618: Non-nullable property 'Status' must contain a non-null value when exiting constructor. Consider adding the 'required' modifier or declaring the property as nullable. [C:\vaibhav\tallyAcczite\Acczite20_tm1w50bx_wpftmp.csproj]
C:\vaibhav\tallyAcczite\Models\Analytics\CustomerRisk.cs(22,23): warning CS8618: Non-nullable property 'Message' must contain a non-null value when exiting constructor. Consider adding the 'required' modifier or declaring the property as nullable. [C:\vaibhav\tallyAcczite\Acczite20_tm1w50bx_wpftmp.csproj]
C:\vaibhav\tallyAcczite\Models\Analytics\CustomerRisk.cs(9,23): warning CS8618: Non-nullable property 'CustomerName' must contain a non-null value when exiting constructor. Consider adding the 'required' modifier or declaring the property as nullable. [C:\vaibhav\tallyAcczite\Acczite20_tm1w50bx_wpftmp.csproj]
C:\vaibhav\tallyAcczite\Models\Analytics\CustomerRisk.cs(13,23): warning CS8618: Non-nullable property 'RiskLevel' must contain a non-null value when exiting constructor. Consider adding the 'required' modifier or declaring the property as nullable. [C:\vaibhav\tallyAcczite\Acczite20_tm1w50bx_wpftmp.csproj]
C:\vaibhav\tallyAcczite\Models\Analytics\CustomerRisk.cs(14,23): warning CS8618: Non-nullable property 'RiskReason' must contain a non-null value when exiting constructor. Consider adding the 'required' modifier or declaring the property as nullable. [C:\vaibhav\tallyAcczite\Acczite20_tm1w50bx_wpftmp.csproj]
C:\vaibhav\tallyAcczite\Models\Warehouse\DimensionTables.cs(7,23): warning CS8618: Non-nullable property 'LedgerName' must contain a non-null value when exiting constructor. Consider adding the 'required' modifier or declaring the property as nullable. [C:\vaibhav\tallyAcczite\Acczite20_tm1w50bx_wpftmp.csproj]
C:\vaibhav\tallyAcczite\Models\Warehouse\DimensionTables.cs(9,23): warning CS8618: Non-nullable property 'ParentGroupName' must contain a non-null value when exiting constructor. Consider adding the 'required' modifier or declaring the property as nullable. [C:\vaibhav\tallyAcczite\Acczite20_tm1w50bx_wpftmp.csproj]
C:\vaibhav\tallyAcczite\Models\Warehouse\DimensionTables.cs(12,23): warning CS8618: Non-nullable property 'TallyMasterId' must contain a non-null value when exiting constructor. Consider adding the 'required' modifier or declaring the property as nullable. [C:\vaibhav\tallyAcczite\Acczite20_tm1w50bx_wpftmp.csproj]
C:\vaibhav\tallyAcczite\Models\VoucherType.cs(7,23): warning CS8618: Non-nullable property 'Name' must contain a non-null value when exiting constructor. Consider adding the 'required' modifier or declaring the property as nullable. [C:\vaibhav\tallyAcczite\Acczite20_tm1w50bx_wpftmp.csproj]
C:\vaibhav\tallyAcczite\Models\VoucherType.cs(8,23): warning CS8618: Non-nullable property 'Category' must contain a non-null value when exiting constructor. Consider adding the 'required' modifier or declaring the property as nullable. [C:\vaibhav\tallyAcczite\Acczite20_tm1w50bx_wpftmp.csproj]
C:\vaibhav\tallyAcczite\Models\Analytics\BusinessPulseModels.cs(25,23): warning CS8618: Non-nullable property 'Message' must contain a non-null value when exiting constructor. Consider adding the 'required' modifier or declaring the property as nullable. [C:\vaibhav\tallyAcczite\Acczite20_tm1w50bx_wpftmp.csproj]
C:\vaibhav\tallyAcczite\Models\Analytics\BusinessPulseModels.cs(26,23): warning CS8618: Non-nullable property 'Severity' must contain a non-null value when exiting constructor. Consider adding the 'required' modifier or declaring the property as nullable. [C:\vaibhav\tallyAcczite\Acczite20_tm1w50bx_wpftmp.csproj]
C:\vaibhav\tallyAcczite\Models\Analytics\BusinessPulseModels.cs(27,23): warning CS8618: Non-nullable property 'Category' must contain a non-null value when exiting constructor. Consider adding the 'required' modifier or declaring the property as nullable. [C:\vaibhav\tallyAcczite\Acczite20_tm1w50bx_wpftmp.csproj]
C:\vaibhav\tallyAcczite\Models\Analytics\BusinessPulseModels.cs(18,23): warning CS8618: Non-nullable property 'TopExpenseLedger' must contain a non-null value when exiting constructor. Consider adding the 'required' modifier or declaring the property as nullable. [C:\vaibhav\tallyAcczite\Acczite20_tm1w50bx_wpftmp.csproj]
C:\vaibhav\tallyAcczite\Models\Voucher.cs(9,23): warning CS8618: Non-nullable property 'VoucherNumber' must contain a non-null value when exiting constructor. Consider adding the 'required' modifier or declaring the property as nullable. [C:\vaibhav\tallyAcczite\Acczite20_tm1w50bx_wpftmp.csproj]
C:\vaibhav\tallyAcczite\Models\Voucher.cs(12,23): warning CS8618: Non-nullable property 'ReferenceNumber' must contain a non-null value when exiting constructor. Consider adding the 'required' modifier or declaring the property as nullable. [C:\vaibhav\tallyAcczite\Acczite20_tm1w50bx_wpftmp.csproj]
C:\vaibhav\tallyAcczite\Models\Voucher.cs(13,23): warning CS8618: Non-nullable property 'Narration' must contain a non-null value when exiting constructor. Consider adding the 'required' modifier or declaring the property as nullable. [C:\vaibhav\tallyAcczite\Acczite20_tm1w50bx_wpftmp.csproj]
C:\vaibhav\tallyAcczite\Models\Voucher.cs(17,23): warning CS8618: Non-nullable property 'TallyMasterId' must contain a non-null value when exiting constructor. Consider adding the 'required' modifier or declaring the property as nullable. [C:\vaibhav\tallyAcczite\Acczite20_tm1w50bx_wpftmp.csproj]
C:\vaibhav\tallyAcczite\Models\Voucher.cs(22,32): warning CS8618: Non-nullable property 'Company' must contain a non-null value when exiting constructor. Consider adding the 'required' modifier or declaring the property as nullable. [C:\vaibhav\tallyAcczite\Acczite20_tm1w50bx_wpftmp.csproj]
C:\vaibhav\tallyAcczite\Models\Voucher.cs(23,36): warning CS8618: Non-nullable property 'VoucherType' must contain a non-null value when exiting constructor. Consider adding the 'required' modifier or declaring the property as nullable. [C:\vaibhav\tallyAcczite\Acczite20_tm1w50bx_wpftmp.csproj]
C:\vaibhav\tallyAcczite\Models\Voucher.cs(24,49): warning CS8618: Non-nullable property 'LedgerEntries' must contain a non-null value when exiting constructor. Consider adding the 'required' modifier or declaring the property as nullable. [C:\vaibhav\tallyAcczite\Acczite20_tm1w50bx_wpftmp.csproj]
C:\vaibhav\tallyAcczite\Models\Voucher.cs(25,57): warning CS8618: Non-nullable property 'InventoryAllocations' must contain a non-null value when exiting constructor. Consider adding the 'required' modifier or declaring the property as nullable. [C:\vaibhav\tallyAcczite\Acczite20_tm1w50bx_wpftmp.csproj]
C:\vaibhav\tallyAcczite\Models\Voucher.cs(26,50): warning CS8618: Non-nullable property 'GstBreakdowns' must contain a non-null value when exiting constructor. Consider adding the 'required' modifier or declaring the property as nullable. [C:\vaibhav\tallyAcczite\Acczite20_tm1w50bx_wpftmp.csproj]
C:\vaibhav\tallyAcczite\Views\Pages\TallyExecutePage.xaml.cs(40,36): warning CS8604: Possible null reference argument for parameter 'selectedFields' in 'string TallyExecutePage.BuildSummary(List<string> selectedFields)'. [C:\vaibhav\tallyAcczite\Acczite20_tm1w50bx_wpftmp.csproj]
C:\vaibhav\tallyAcczite\Services\Analytics\GlobalSearchService.cs(12,23): warning CS8618: Non-nullable property 'Title' must contain a non-null value when exiting constructor. Consider adding the 'required' modifier or declaring the property as nullable. [C:\vaibhav\tallyAcczite\Acczite20_tm1w50bx_wpftmp.csproj]
C:\vaibhav\tallyAcczite\Services\Analytics\GlobalSearchService.cs(13,23): warning CS8618: Non-nullable property 'SubTitle' must contain a non-null value when exiting constructor. Consider adding the 'required' modifier or declaring the property as nullable. [C:\vaibhav\tallyAcczite\Acczite20_tm1w50bx_wpftmp.csproj]
C:\vaibhav\tallyAcczite\Services\Analytics\GlobalSearchService.cs(14,23): warning CS8618: Non-nullable property 'Category' must contain a non-null value when exiting constructor. Consider adding the 'required' modifier or declaring the property as nullable. [C:\vaibhav\tallyAcczite\Acczite20_tm1w50bx_wpftmp.csproj]
C:\vaibhav\tallyAcczite\Services\Analytics\GlobalSearchService.cs(15,23): warning CS8618: Non-nullable property 'DetailActionId' must contain a non-null value when exiting constructor. Consider adding the 'required' modifier or declaring the property as nullable. [C:\vaibhav\tallyAcczite\Acczite20_tm1w50bx_wpftmp.csproj]
C:\vaibhav\tallyAcczite\Services\Analytics\FinancialAnalysisService.cs(168,23): warning CS8618: Non-nullable property 'LedgerName' must contain a non-null value when exiting constructor. Consider adding the 'required' modifier or declaring the property as nullable. [C:\vaibhav\tallyAcczite\Acczite20_tm1w50bx_wpftmp.csproj]
C:\vaibhav\tallyAcczite\Models\AuthResponses.cs(25,23): warning CS8618: Non-nullable property 'Id' must contain a non-null value when exiting constructor. Consider adding the 'required' modifier or declaring the property as nullable. [C:\vaibhav\tallyAcczite\Acczite20_tm1w50bx_wpftmp.csproj]
C:\vaibhav\tallyAcczite\Models\AuthResponses.cs(28,23): warning CS8618: Non-nullable property 'Username' must contain a non-null value when exiting constructor. Consider adding the 'required' modifier or declaring the property as nullable. [C:\vaibhav\tallyAcczite\Acczite20_tm1w50bx_wpftmp.csproj]
C:\vaibhav\tallyAcczite\Models\AuthResponses.cs(31,23): warning CS8618: Non-nullable property 'Email' must contain a non-null value when exiting constructor. Consider adding the 'required' modifier or declaring the property as nullable. [C:\vaibhav\tallyAcczite\Acczite20_tm1w50bx_wpftmp.csproj]
C:\vaibhav\tallyAcczite\Models\AuthResponses.cs(34,23): warning CS8618: Non-nullable property 'Authority' must contain a non-null value when exiting constructor. Consider adding the 'required' modifier or declaring the property as nullable. [C:\vaibhav\tallyAcczite\Acczite20_tm1w50bx_wpftmp.csproj]
C:\vaibhav\tallyAcczite\Models\AuthResponses.cs(40,33): warning CS8618: Non-nullable property 'Organization' must contain a non-null value when exiting constructor. Consider adding the 'required' modifier or declaring the property as nullable. [C:\vaibhav\tallyAcczite\Acczite20_tm1w50bx_wpftmp.csproj]
C:\vaibhav\tallyAcczite\ViewModels\LoginViewModel.cs(86,21): warning CS4014: Because this call is not awaited, execution of the current method continues before the call is completed. Consider applying the 'await' operator to the result of the call. [C:\vaibhav\tallyAcczite\Acczite20_tm1w50bx_wpftmp.csproj]
C:\vaibhav\tallyAcczite\Models\AuthResponses.cs(46,23): warning CS8618: Non-nullable property 'SectionKey' must contain a non-null value when exiting constructor. Consider adding the 'required' modifier or declaring the property as nullable. [C:\vaibhav\tallyAcczite\Acczite20_tm1w50bx_wpftmp.csproj]
C:\vaibhav\tallyAcczite\Models\AuthResponses.cs(55,23): warning CS8618: Non-nullable property 'Id' must contain a non-null value when exiting constructor. Consider adding the 'required' modifier or declaring the property as nullable. [C:\vaibhav\tallyAcczite\Acczite20_tm1w50bx_wpftmp.csproj]
C:\vaibhav\tallyAcczite\Models\AuthResponses.cs(58,23): warning CS8618: Non-nullable property 'Name' must contain a non-null value when exiting constructor. Consider adding the 'required' modifier or declaring the property as nullable. [C:\vaibhav\tallyAcczite\Acczite20_tm1w50bx_wpftmp.csproj]
C:\vaibhav\tallyAcczite\Models\SyncLog.cs(8,23): warning CS8618: Non-nullable property 'Level' must contain a non-null value when exiting constructor. Consider adding the 'required' modifier or declaring the property as nullable. [C:\vaibhav\tallyAcczite\Acczite20_tm1w50bx_wpftmp.csproj]
C:\vaibhav\tallyAcczite\Models\SyncLog.cs(9,23): warning CS8618: Non-nullable property 'Message' must contain a non-null value when exiting constructor. Consider adding the 'required' modifier or declaring the property as nullable. [C:\vaibhav\tallyAcczite\Acczite20_tm1w50bx_wpftmp.csproj]
C:\vaibhav\tallyAcczite\Models\SyncLog.cs(10,23): warning CS8618: Non-nullable property 'EntityType' must contain a non-null value when exiting constructor. Consider adding the 'required' modifier or declaring the property as nullable. [C:\vaibhav\tallyAcczite\Acczite20_tm1w50bx_wpftmp.csproj]
C:\vaibhav\tallyAcczite\Models\SyncLog.cs(11,23): warning CS8618: Non-nullable property 'RecordReference' must contain a non-null value when exiting constructor. Consider adding the 'required' modifier or declaring the property as nullable. [C:\vaibhav\tallyAcczite\Acczite20_tm1w50bx_wpftmp.csproj]
C:\vaibhav\tallyAcczite\Services\Explorer\VoucherExplorerService.cs(76,25): warning CS8601: Possible null reference assignment. [C:\vaibhav\tallyAcczite\Acczite20_tm1w50bx_wpftmp.csproj]
C:\vaibhav\tallyAcczite\Services\History\TimelineEventSubscriber.cs(30,40): warning CS8600: Converting null literal or possible null value to non-nullable type. [C:\vaibhav\tallyAcczite\Acczite20_tm1w50bx_wpftmp.csproj]
C:\vaibhav\tallyAcczite\Services\Explorer\InventoryExplorerService.cs(82,24): warning CS8601: Possible null reference assignment. [C:\vaibhav\tallyAcczite\Acczite20_tm1w50bx_wpftmp.csproj]
C:\vaibhav\tallyAcczite\Services\Explorer\InventoryExplorerService.cs(83,30): warning CS8601: Possible null reference assignment. [C:\vaibhav\tallyAcczite\Acczite20_tm1w50bx_wpftmp.csproj]
C:\vaibhav\tallyAcczite\Services\Explorer\InventoryExplorerService.cs(84,24): warning CS8601: Possible null reference assignment. [C:\vaibhav\tallyAcczite\Acczite20_tm1w50bx_wpftmp.csproj]
C:\vaibhav\tallyAcczite\Models\Payslip.cs(9,23): warning CS8618: Non-nullable property 'PDFPath' must contain a non-null value when exiting constructor. Consider adding the 'required' modifier or declaring the property as nullable. [C:\vaibhav\tallyAcczite\Acczite20_tm1w50bx_wpftmp.csproj]
C:\vaibhav\tallyAcczite\Models\Payslip.cs(12,32): warning CS8618: Non-nullable property 'Payroll' must contain a non-null value when exiting constructor. Consider adding the 'required' modifier or declaring the property as nullable. [C:\vaibhav\tallyAcczite\Acczite20_tm1w50bx_wpftmp.csproj]
C:\vaibhav\tallyAcczite\Models\Payroll.cs(8,23): warning CS8618: Non-nullable property 'EmployeeName' must contain a non-null value when exiting constructor. Consider adding the 'required' modifier or declaring the property as nullable. [C:\vaibhav\tallyAcczite\Acczite20_tm1w50bx_wpftmp.csproj]
C:\vaibhav\tallyAcczite\Models\Payroll.cs(9,23): warning CS8618: Non-nullable property 'EmployeeId' must contain a non-null value when exiting constructor. Consider adding the 'required' modifier or declaring the property as nullable. [C:\vaibhav\tallyAcczite\Acczite20_tm1w50bx_wpftmp.csproj]
C:\vaibhav\tallyAcczite\Models\Payroll.cs(14,23): warning CS8618: Non-nullable property 'PayrollMonth' must contain a non-null value when exiting constructor. Consider adding the 'required' modifier or declaring the property as nullable. [C:\vaibhav\tallyAcczite\Acczite20_tm1w50bx_wpftmp.csproj]
C:\vaibhav\tallyAcczite\Models\Payroll.cs(16,32): warning CS8618: Non-nullable property 'Voucher' must contain a non-null value when exiting constructor. Consider adding the 'required' modifier or declaring the property as nullable. [C:\vaibhav\tallyAcczite\Acczite20_tm1w50bx_wpftmp.csproj]
C:\vaibhav\tallyAcczite\Models\LedgerEntry.cs(8,23): warning CS8618: Non-nullable property 'LedgerName' must contain a non-null value when exiting constructor. Consider adding the 'required' modifier or declaring the property as nullable. [C:\vaibhav\tallyAcczite\Acczite20_tm1w50bx_wpftmp.csproj]
C:\vaibhav\tallyAcczite\Models\LedgerEntry.cs(9,23): warning CS8618: Non-nullable property 'LedgerGroup' must contain a non-null value when exiting constructor. Consider adding the 'required' modifier or declaring the property as nullable. [C:\vaibhav\tallyAcczite\Acczite20_tm1w50bx_wpftmp.csproj]
C:\vaibhav\tallyAcczite\Models\LedgerEntry.cs(14,32): warning CS8618: Non-nullable property 'Voucher' must contain a non-null value when exiting constructor. Consider adding the 'required' modifier or declaring the property as nullable. [C:\vaibhav\tallyAcczite\Acczite20_tm1w50bx_wpftmp.csproj]
C:\vaibhav\tallyAcczite\Models\Invoice.cs(8,23): warning CS8618: Non-nullable property 'InvoiceNumber' must contain a non-null value when exiting constructor. Consider adding the 'required' modifier or declaring the property as nullable. [C:\vaibhav\tallyAcczite\Acczite20_tm1w50bx_wpftmp.csproj]
C:\vaibhav\tallyAcczite\Models\Invoice.cs(9,23): warning CS8618: Non-nullable property 'CustomerName' must contain a non-null value when exiting constructor. Consider adding the 'required' modifier or declaring the property as nullable. [C:\vaibhav\tallyAcczite\Acczite20_tm1w50bx_wpftmp.csproj]
C:\vaibhav\tallyAcczite\Models\Invoice.cs(10,23): warning CS8618: Non-nullable property 'GSTNumber' must contain a non-null value when exiting constructor. Consider adding the 'required' modifier or declaring the property as nullable. [C:\vaibhav\tallyAcczite\Acczite20_tm1w50bx_wpftmp.csproj]
C:\vaibhav\tallyAcczite\Models\Invoice.cs(17,23): warning CS8618: Non-nullable property 'Status' must contain a non-null value when exiting constructor. Consider adding the 'required' modifier or declaring the property as nullable. [C:\vaibhav\tallyAcczite\Acczite20_tm1w50bx_wpftmp.csproj]
C:\vaibhav\tallyAcczite\Models\Invoice.cs(19,32): warning CS8618: Non-nullable property 'Voucher' must contain a non-null value when exiting constructor. Consider adding the 'required' modifier or declaring the property as nullable. [C:\vaibhav\tallyAcczite\Acczite20_tm1w50bx_wpftmp.csproj]
C:\vaibhav\tallyAcczite\Models\InventoryAllocation.cs(14,32): warning CS8618: Non-nullable property 'Voucher' must contain a non-null value when exiting constructor. Consider adding the 'required' modifier or declaring the property as nullable. [C:\vaibhav\tallyAcczite\Acczite20_tm1w50bx_wpftmp.csproj]
C:\vaibhav\tallyAcczite\Services\Integration\IntegrationEventDispatcher.cs(41,16): warning CS8618: Non-nullable field '_cts' must contain a non-null value when exiting constructor. Consider adding the 'required' modifier or declaring the field as nullable. [C:\vaibhav\tallyAcczite\Acczite20_tm1w50bx_wpftmp.csproj]
C:\vaibhav\tallyAcczite\Models\Integration\MernIntegrationModels.cs(38,23): warning CS8618: Non-nullable property 'MernId' must contain a non-null value when exiting constructor. Consider adding the 'required' modifier or declaring the property as nullable. [C:\vaibhav\tallyAcczite\Acczite20_tm1w50bx_wpftmp.csproj]
C:\vaibhav\tallyAcczite\Models\Integration\MernIntegrationModels.cs(39,23): warning CS8618: Non-nullable property 'EmployeeMernId' must contain a non-null value when exiting constructor. Consider adding the 'required' modifier or declaring the property as nullable. [C:\vaibhav\tallyAcczite\Acczite20_tm1w50bx_wpftmp.csproj]
C:\vaibhav\tallyAcczite\Models\Integration\MernIntegrationModels.cs(42,23): warning CS8618: Non-nullable property 'Status' must contain a non-null value when exiting constructor. Consider adding the 'required' modifier or declaring the property as nullable. [C:\vaibhav\tallyAcczite\Acczite20_tm1w50bx_wpftmp.csproj]
C:\vaibhav\tallyAcczite\Models\Integration\MernIntegrationModels.cs(27,23): warning CS8618: Non-nullable property 'MernId' must contain a non-null value when exiting constructor. Consider adding the 'required' modifier or declaring the property as nullable. [C:\vaibhav\tallyAcczite\Acczite20_tm1w50bx_wpftmp.csproj]
C:\vaibhav\tallyAcczite\Models\Integration\MernIntegrationModels.cs(28,23): warning CS8618: Non-nullable property 'EmployeeNo' must contain a non-null value when exiting constructor. Consider adding the 'required' modifier or declaring the property as nullable. [C:\vaibhav\tallyAcczite\Acczite20_tm1w50bx_wpftmp.csproj]
C:\vaibhav\tallyAcczite\Models\Integration\MernIntegrationModels.cs(29,23): warning CS8618: Non-nullable property 'FullName' must contain a non-null value when exiting constructor. Consider adding the 'required' modifier or declaring the property as nullable. [C:\vaibhav\tallyAcczite\Acczite20_tm1w50bx_wpftmp.csproj]
C:\vaibhav\tallyAcczite\Models\Integration\MernIntegrationModels.cs(30,23): warning CS8618: Non-nullable property 'Email' must contain a non-null value when exiting constructor. Consider adding the 'required' modifier or declaring the property as nullable. [C:\vaibhav\tallyAcczite\Acczite20_tm1w50bx_wpftmp.csproj]
C:\vaibhav\tallyAcczite\Models\Integration\MernIntegrationModels.cs(31,23): warning CS8618: Non-nullable property 'Department' must contain a non-null value when exiting constructor. Consider adding the 'required' modifier or declaring the property as nullable. [C:\vaibhav\tallyAcczite\Acczite20_tm1w50bx_wpftmp.csproj]
C:\vaibhav\tallyAcczite\Models\Integration\MernIntegrationModels.cs(32,23): warning CS8618: Non-nullable property 'Designation' must contain a non-null value when exiting constructor. Consider adding the 'required' modifier or declaring the property as nullable. [C:\vaibhav\tallyAcczite\Acczite20_tm1w50bx_wpftmp.csproj]
C:\vaibhav\tallyAcczite\Models\Integration\MernIntegrationModels.cs(33,23): warning CS8618: Non-nullable property 'TallyEmployeeName' must contain a non-null value when exiting constructor. Consider adding the 'required' modifier or declaring the property as nullable. [C:\vaibhav\tallyAcczite\Acczite20_tm1w50bx_wpftmp.csproj]
C:\vaibhav\tallyAcczite\Models\Integration\MernIntegrationModels.cs(16,23): warning CS8618: Non-nullable property 'MernId' must contain a non-null value when exiting constructor. Consider adding the 'required' modifier or declaring the property as nullable. [C:\vaibhav\tallyAcczite\Acczite20_tm1w50bx_wpftmp.csproj]
C:\vaibhav\tallyAcczite\Models\Integration\MernIntegrationModels.cs(17,23): warning CS8618: Non-nullable property 'SKU' must contain a non-null value when exiting constructor. Consider adding the 'required' modifier or declaring the property as nullable. [C:\vaibhav\tallyAcczite\Acczite20_tm1w50bx_wpftmp.csproj]
C:\vaibhav\tallyAcczite\Models\Integration\MernIntegrationModels.cs(18,23): warning CS8618: Non-nullable property 'Name' must contain a non-null value when exiting constructor. Consider adding the 'required' modifier or declaring the property as nullable. [C:\vaibhav\tallyAcczite\Acczite20_tm1w50bx_wpftmp.csproj]
C:\vaibhav\tallyAcczite\Models\Integration\MernIntegrationModels.cs(19,23): warning CS8618: Non-nullable property 'Category' must contain a non-null value when exiting constructor. Consider adding the 'required' modifier or declaring the property as nullable. [C:\vaibhav\tallyAcczite\Acczite20_tm1w50bx_wpftmp.csproj]
C:\vaibhav\tallyAcczite\Models\Integration\MernIntegrationModels.cs(21,23): warning CS8618: Non-nullable property 'UOM' must contain a non-null value when exiting constructor. Consider adding the 'required' modifier or declaring the property as nullable. [C:\vaibhav\tallyAcczite\Acczite20_tm1w50bx_wpftmp.csproj]
C:\vaibhav\tallyAcczite\Models\Integration\MernIntegrationModels.cs(22,23): warning CS8618: Non-nullable property 'TallyStockItemName' must contain a non-null value when exiting constructor. Consider adding the 'required' modifier or declaring the property as nullable. [C:\vaibhav\tallyAcczite\Acczite20_tm1w50bx_wpftmp.csproj]
C:\vaibhav\tallyAcczite\Services\Explorer\LedgerExplorerService.cs(77,29): warning CS8601: Possible null reference assignment. [C:\vaibhav\tallyAcczite\Acczite20_tm1w50bx_wpftmp.csproj]
C:\vaibhav\tallyAcczite\Views\Pages\SettingsPage.xaml.cs(120,30): warning CS0168: The variable 'ex' is declared but never used [C:\vaibhav\tallyAcczite\Acczite20_tm1w50bx_wpftmp.csproj]
C:\vaibhav\tallyAcczite\Services\Integration\IntegrationEventDispatcher.cs(141,46): warning CS8604: Possible null reference argument for parameter 'key' in 'bool Dictionary<string, string>.TryGetValue(string key, out string value)'. [C:\vaibhav\tallyAcczite\Acczite20_tm1w50bx_wpftmp.csproj]
C:\vaibhav\tallyAcczite\Services\Integration\IntegrationEventDispatcher.cs(147,49): warning CS8604: Possible null reference argument for parameter 'content' in 'StringContent.StringContent(string content, Encoding? encoding, string mediaType)'. [C:\vaibhav\tallyAcczite\Acczite20_tm1w50bx_wpftmp.csproj]
C:\vaibhav\tallyAcczite\Models\Integration\MernIntegrationModels.cs(7,23): warning CS8618: Non-nullable property 'EntityType' must contain a non-null value when exiting constructor. Consider adding the 'required' modifier or declaring the property as nullable. [C:\vaibhav\tallyAcczite\Acczite20_tm1w50bx_wpftmp.csproj]
C:\vaibhav\tallyAcczite\Models\Integration\MernIntegrationModels.cs(8,23): warning CS8618: Non-nullable property 'MernId' must contain a non-null value when exiting constructor. Consider adding the 'required' modifier or declaring the property as nullable. [C:\vaibhav\tallyAcczite\Acczite20_tm1w50bx_wpftmp.csproj]
C:\vaibhav\tallyAcczite\Models\Integration\MernIntegrationModels.cs(9,23): warning CS8618: Non-nullable property 'TallyMasterId' must contain a non-null value when exiting constructor. Consider adding the 'required' modifier or declaring the property as nullable. [C:\vaibhav\tallyAcczite\Acczite20_tm1w50bx_wpftmp.csproj]
C:\vaibhav\tallyAcczite\Services\Integration\EntityMappingService.cs(47,34): warning CS8601: Possible null reference assignment. [C:\vaibhav\tallyAcczite\Acczite20_tm1w50bx_wpftmp.csproj]
C:\vaibhav\tallyAcczite\Services\Integration\EntityMappingService.cs(48,30): warning CS8601: Possible null reference assignment. [C:\vaibhav\tallyAcczite\Acczite20_tm1w50bx_wpftmp.csproj]
C:\vaibhav\tallyAcczite\Services\Integration\EntityMappingService.cs(49,37): warning CS8601: Possible null reference assignment. [C:\vaibhav\tallyAcczite\Acczite20_tm1w50bx_wpftmp.csproj]
C:\vaibhav\tallyAcczite\Services\Integration\EntityMappingService.cs(57,34): warning CS8601: Possible null reference assignment. [C:\vaibhav\tallyAcczite\Acczite20_tm1w50bx_wpftmp.csproj]
C:\vaibhav\tallyAcczite\Services\Integration\EntityMappingService.cs(58,41): warning CS8601: Possible null reference assignment. [C:\vaibhav\tallyAcczite\Acczite20_tm1w50bx_wpftmp.csproj]
C:\vaibhav\tallyAcczite\Models\GstBreakdown.cs(13,32): warning CS8618: Non-nullable property 'Voucher' must contain a non-null value when exiting constructor. Consider adding the 'required' modifier or declaring the property as nullable. [C:\vaibhav\tallyAcczite\Acczite20_tm1w50bx_wpftmp.csproj]
C:\vaibhav\tallyAcczite\Models\Expense.cs(8,23): warning CS8618: Non-nullable property 'ExpenseCategory' must contain a non-null value when exiting constructor. Consider adding the 'required' modifier or declaring the property as nullable. [C:\vaibhav\tallyAcczite\Acczite20_tm1w50bx_wpftmp.csproj]
C:\vaibhav\tallyAcczite\Models\Expense.cs(10,23): warning CS8618: Non-nullable property 'PaymentMode' must contain a non-null value when exiting constructor. Consider adding the 'required' modifier or declaring the property as nullable. [C:\vaibhav\tallyAcczite\Acczite20_tm1w50bx_wpftmp.csproj]
C:\vaibhav\tallyAcczite\Models\Expense.cs(11,23): warning CS8618: Non-nullable property 'Remarks' must contain a non-null value when exiting constructor. Consider adding the 'required' modifier or declaring the property as nullable. [C:\vaibhav\tallyAcczite\Acczite20_tm1w50bx_wpftmp.csproj]
C:\vaibhav\tallyAcczite\Models\Expense.cs(13,32): warning CS8618: Non-nullable property 'Voucher' must contain a non-null value when exiting constructor. Consider adding the 'required' modifier or declaring the property as nullable. [C:\vaibhav\tallyAcczite\Acczite20_tm1w50bx_wpftmp.csproj]
C:\vaibhav\tallyAcczite\Models\ContraEntry.cs(8,23): warning CS8618: Non-nullable property 'FromAccount' must contain a non-null value when exiting constructor. Consider adding the 'required' modifier or declaring the property as nullable. [C:\vaibhav\tallyAcczite\Acczite20_tm1w50bx_wpftmp.csproj]
C:\vaibhav\tallyAcczite\Models\ContraEntry.cs(9,23): warning CS8618: Non-nullable property 'ToAccount' must contain a non-null value when exiting constructor. Consider adding the 'required' modifier or declaring the property as nullable. [C:\vaibhav\tallyAcczite\Acczite20_tm1w50bx_wpftmp.csproj]
C:\vaibhav\tallyAcczite\Models\ContraEntry.cs(12,32): warning CS8618: Non-nullable property 'Voucher' must contain a non-null value when exiting constructor. Consider adding the 'required' modifier or declaring the property as nullable. [C:\vaibhav\tallyAcczite\Acczite20_tm1w50bx_wpftmp.csproj]
C:\vaibhav\tallyAcczite\Models\Company.cs(7,23): warning CS8618: Non-nullable property 'Name' must contain a non-null value when exiting constructor. Consider adding the 'required' modifier or declaring the property as nullable. [C:\vaibhav\tallyAcczite\Acczite20_tm1w50bx_wpftmp.csproj]
C:\vaibhav\tallyAcczite\Models\Company.cs(8,23): warning CS8618: Non-nullable property 'TallyCompanyName' must contain a non-null value when exiting constructor. Consider adding the 'required' modifier or declaring the property as nullable. [C:\vaibhav\tallyAcczite\Acczite20_tm1w50bx_wpftmp.csproj]
C:\vaibhav\tallyAcczite\Models\Company.cs(9,23): warning CS8618: Non-nullable property 'GSTNumber' must contain a non-null value when exiting constructor. Consider adding the 'required' modifier or declaring the property as nullable. [C:\vaibhav\tallyAcczite\Acczite20_tm1w50bx_wpftmp.csproj]
C:\vaibhav\tallyAcczite\Models\Company.cs(10,23): warning CS8618: Non-nullable property 'Address' must contain a non-null value when exiting constructor. Consider adding the 'required' modifier or declaring the property as nullable. [C:\vaibhav\tallyAcczite\Acczite20_tm1w50bx_wpftmp.csproj]
C:\vaibhav\tallyAcczite\Services\Integration\EntityMappingService.cs(110,30): warning CS8601: Possible null reference assignment. [C:\vaibhav\tallyAcczite\Acczite20_tm1w50bx_wpftmp.csproj]
C:\vaibhav\tallyAcczite\Services\Integration\EntityMappingService.cs(111,37): warning CS8601: Possible null reference assignment. [C:\vaibhav\tallyAcczite\Acczite20_tm1w50bx_wpftmp.csproj]
C:\vaibhav\tallyAcczite\Services\Integration\EntityMappingService.cs(146,17): warning CS8604: Possible null reference argument for parameter 'entityType' in 'MappingApprovedEvent.MappingApprovedEvent(string entityType, string mernName, string tallyName)'. [C:\vaibhav\tallyAcczite\Acczite20_tm1w50bx_wpftmp.csproj]
C:\vaibhav\tallyAcczite\Services\Integration\EntityMappingService.cs(147,17): warning CS8604: Possible null reference argument for parameter 'mernName' in 'MappingApprovedEvent.MappingApprovedEvent(string entityType, string mernName, string tallyName)'. [C:\vaibhav\tallyAcczite\Acczite20_tm1w50bx_wpftmp.csproj]
C:\vaibhav\tallyAcczite\Services\Integration\EntityMappingService.cs(148,17): warning CS8604: Possible null reference argument for parameter 'tallyName' in 'MappingApprovedEvent.MappingApprovedEvent(string entityType, string mernName, string tallyName)'. [C:\vaibhav\tallyAcczite\Acczite20_tm1w50bx_wpftmp.csproj]
C:\vaibhav\tallyAcczite\Services\Sync\TallySyncOrchestrator.cs(187,46): warning CS8604: Possible null reference argument for parameter 'source' in 'bool Enumerable.Any<string>(IEnumerable<string> source, Func<string, bool> predicate)'. [C:\vaibhav\tallyAcczite\Acczite20_tm1w50bx_wpftmp.csproj]
C:\vaibhav\tallyAcczite\Services\Sync\TallySyncOrchestrator.cs(194,46): warning CS8604: Possible null reference argument for parameter 'source' in 'bool Enumerable.Any<string>(IEnumerable<string> source, Func<string, bool> predicate)'. [C:\vaibhav\tallyAcczite\Acczite20_tm1w50bx_wpftmp.csproj]
C:\vaibhav\tallyAcczite\Services\Sync\TallySyncOrchestrator.cs(69,25): warning CS0169: The field 'TallySyncOrchestrator._lastMasterIdInCheckpoint' is never used [C:\vaibhav\tallyAcczite\Acczite20_tm1w50bx_wpftmp.csproj]
C:\vaibhav\tallyAcczite\Services\Sync\TallySyncOrchestrator.cs(70,22): warning CS0414: The field 'TallySyncOrchestrator._lastBatchLatencyMs' is assigned but its value is never used [C:\vaibhav\tallyAcczite\Acczite20_tm1w50bx_wpftmp.csproj]
C:\vaibhav\tallyAcczite\App.xaml.cs(133,13): warning CA1416: This call site is reachable on all platforms. 'DashboardPage' is only supported on: 'windows' 7.0 and later. (https://learn.microsoft.com/dotnet/fundamentals/code-analysis/quality-rules/ca1416) [C:\vaibhav\tallyAcczite\Acczite20_tm1w50bx_wpftmp.csproj]
C:\vaibhav\tallyAcczite\App.xaml.cs(295,13): warning CA1416: This call site is reachable on all platforms. 'ThemeManager.ApplicationTheme' is only supported on: 'Windows'. (https://learn.microsoft.com/dotnet/fundamentals/code-analysis/quality-rules/ca1416) [C:\vaibhav\tallyAcczite\Acczite20_tm1w50bx_wpftmp.csproj]
C:\vaibhav\tallyAcczite\App.xaml.cs(295,13): warning CA1416: This call site is reachable on all platforms. 'ThemeManager.Current' is only supported on: 'Windows'. (https://learn.microsoft.com/dotnet/fundamentals/code-analysis/quality-rules/ca1416) [C:\vaibhav\tallyAcczite\Acczite20_tm1w50bx_wpftmp.csproj]
C:\vaibhav\tallyAcczite\App.xaml.cs(295,63): warning CA1416: This call site is reachable on all platforms. 'ApplicationTheme.Light' is only supported on: 'Windows'. (https://learn.microsoft.com/dotnet/fundamentals/code-analysis/quality-rules/ca1416) [C:\vaibhav\tallyAcczite\Acczite20_tm1w50bx_wpftmp.csproj]
C:\vaibhav\tallyAcczite\Views\Pages\TallySyncPage.xaml.cs(67,26): warning CA1416: This call site is reachable on all platforms. 'AutoSuggestBox.Text' is only supported on: 'Windows' 7.0 and later. (https://learn.microsoft.com/dotnet/fundamentals/code-analysis/quality-rules/ca1416) [C:\vaibhav\tallyAcczite\Acczite20_tm1w50bx_wpftmp.csproj]
C:\vaibhav\tallyAcczite\Services\Authentication\SessionPersistenceService.cs(43,76): warning CA1416: This call site is reachable on all platforms. 'DataProtectionScope.CurrentUser' is only supported on: 'windows'. (https://learn.microsoft.com/dotnet/fundamentals/code-analysis/quality-rules/ca1416) [C:\vaibhav\tallyAcczite\Acczite20_tm1w50bx_wpftmp.csproj]
C:\vaibhav\tallyAcczite\Services\Authentication\SessionPersistenceService.cs(43,38): warning CA1416: This call site is reachable on all platforms. 'ProtectedData.Protect(byte[], byte[]?, DataProtectionScope)' is only supported on: 'windows'. (https://learn.microsoft.com/dotnet/fundamentals/code-analysis/quality-rules/ca1416) [C:\vaibhav\tallyAcczite\Acczite20_tm1w50bx_wpftmp.csproj]
C:\vaibhav\tallyAcczite\Services\Authentication\SessionPersistenceService.cs(59,78): warning CA1416: This call site is reachable on all platforms. 'DataProtectionScope.CurrentUser' is only supported on: 'windows'. (https://learn.microsoft.com/dotnet/fundamentals/code-analysis/quality-rules/ca1416) [C:\vaibhav\tallyAcczite\Acczite20_tm1w50bx_wpftmp.csproj]
C:\vaibhav\tallyAcczite\Services\Authentication\SessionPersistenceService.cs(59,32): warning CA1416: This call site is reachable on all platforms. 'ProtectedData.Unprotect(byte[], byte[]?, DataProtectionScope)' is only supported on: 'windows'. (https://learn.microsoft.com/dotnet/fundamentals/code-analysis/quality-rules/ca1416) [C:\vaibhav\tallyAcczite\Acczite20_tm1w50bx_wpftmp.csproj]
C:\vaibhav\tallyAcczite\Views\Pages\TallySyncPage.xaml.cs(50,44): warning CA1416: This call site is reachable on all platforms. 'AutoSuggestBox.Text' is only supported on: 'Windows' 7.0 and later. (https://learn.microsoft.com/dotnet/fundamentals/code-analysis/quality-rules/ca1416) [C:\vaibhav\tallyAcczite\Acczite20_tm1w50bx_wpftmp.csproj]
C:\vaibhav\tallyAcczite\Views\Pages\TallySyncPage.xaml.cs(47,58): warning CA1416: This call site is reachable on all platforms. 'AutoSuggestBox.Text' is only supported on: 'Windows' 7.0 and later. (https://learn.microsoft.com/dotnet/fundamentals/code-analysis/quality-rules/ca1416) [C:\vaibhav\tallyAcczite\Acczite20_tm1w50bx_wpftmp.csproj]
C:\vaibhav\tallyAcczite\Views\Pages\TallyExecutePage.xaml.cs(314,21): warning CA1416: This call site is reachable on all platforms. 'ToggleSwitch.IsOn' is only supported on: 'Windows' 7.0 and later. (https://learn.microsoft.com/dotnet/fundamentals/code-analysis/quality-rules/ca1416) [C:\vaibhav\tallyAcczite\Acczite20_tm1w50bx_wpftmp.csproj]
C:\vaibhav\tallyAcczite\Views\Pages\TallyExecutePage.xaml.cs(310,17): warning CA1416: This call site is reachable on all platforms. 'ToggleSwitch.IsOn' is only supported on: 'Windows' 7.0 and later. (https://learn.microsoft.com/dotnet/fundamentals/code-analysis/quality-rules/ca1416) [C:\vaibhav\tallyAcczite\Acczite20_tm1w50bx_wpftmp.csproj]
C:\vaibhav\tallyAcczite\Views\Pages\TallyExecutePage.xaml.cs(133,13): warning CA1416: This call site is reachable on all platforms. 'ProgressRing.IsActive' is only supported on: 'Windows' 7.0 and later. (https://learn.microsoft.com/dotnet/fundamentals/code-analysis/quality-rules/ca1416) [C:\vaibhav\tallyAcczite\Acczite20_tm1w50bx_wpftmp.csproj]
C:\vaibhav\tallyAcczite\ViewModels\LoginViewModel.cs(95,29): warning CA1416: This call site is reachable on all platforms. 'DashboardPage' is only supported on: 'windows' 7.0 and later. (https://learn.microsoft.com/dotnet/fundamentals/code-analysis/quality-rules/ca1416) [C:\vaibhav\tallyAcczite\Acczite20_tm1w50bx_wpftmp.csproj]
C:\vaibhav\tallyAcczite\Views\Pages\TallyExecutePage.xaml.cs(257,23): warning CA1416: This call site is reachable on all platforms. 'ContentDialog.ShowAsync()' is only supported on: 'Windows' 7.0 and later. (https://learn.microsoft.com/dotnet/fundamentals/code-analysis/quality-rules/ca1416) [C:\vaibhav\tallyAcczite\Acczite20_tm1w50bx_wpftmp.csproj]
C:\vaibhav\tallyAcczite\Views\Pages\TallyExecutePage.xaml.cs(254,21): warning CA1416: This call site is reachable on all platforms. 'ContentDialog.Owner' is only supported on: 'Windows' 7.0 and later. (https://learn.microsoft.com/dotnet/fundamentals/code-analysis/quality-rules/ca1416) [C:\vaibhav\tallyAcczite\Acczite20_tm1w50bx_wpftmp.csproj]
C:\vaibhav\tallyAcczite\Views\MainWindow.xaml.cs(81,17): warning CA1416: This call site is reachable on all platforms. 'DashboardPage' is only supported on: 'windows' 7.0 and later. (https://learn.microsoft.com/dotnet/fundamentals/code-analysis/quality-rules/ca1416) [C:\vaibhav\tallyAcczite\Acczite20_tm1w50bx_wpftmp.csproj]
C:\vaibhav\tallyAcczite\Views\MainWindow.xaml.cs(341,78): warning CA1416: This call site is reachable on all platforms. 'DashboardPage' is only supported on: 'windows' 7.0 and later. (https://learn.microsoft.com/dotnet/fundamentals/code-analysis/quality-rules/ca1416) [C:\vaibhav\tallyAcczite\Acczite20_tm1w50bx_wpftmp.csproj]
C:\vaibhav\tallyAcczite\Views\Pages\DaybookPage.xaml.cs(47,17): warning CA1416: This call site is reachable on all platforms. 'ProgressRing.IsActive' is only supported on: 'Windows' 7.0 and later. (https://learn.microsoft.com/dotnet/fundamentals/code-analysis/quality-rules/ca1416) [C:\vaibhav\tallyAcczite\Acczite20_tm1w50bx_wpftmp.csproj]
C:\vaibhav\tallyAcczite\Views\Pages\DaybookPage.xaml.cs(142,17): warning CA1416: This call site is reachable on all platforms. 'ProgressRing.IsActive' is only supported on: 'Windows' 7.0 and later. (https://learn.microsoft.com/dotnet/fundamentals/code-analysis/quality-rules/ca1416) [C:\vaibhav\tallyAcczite\Acczite20_tm1w50bx_wpftmp.csproj]
C:\vaibhav\tallyAcczite\Views\Pages\GlobalSearchPage.xaml.cs(31,13): warning CA1416: This call site is reachable on all platforms. 'ProgressRing.IsActive' is only supported on: 'Windows' 7.0 and later. (https://learn.microsoft.com/dotnet/fundamentals/code-analysis/quality-rules/ca1416) [C:\vaibhav\tallyAcczite\Acczite20_tm1w50bx_wpftmp.csproj]
C:\vaibhav\tallyAcczite\Views\Pages\GlobalSearchPage.xaml.cs(46,17): warning CA1416: This call site is reachable on all platforms. 'ProgressRing.IsActive' is only supported on: 'Windows' 7.0 and later. (https://learn.microsoft.com/dotnet/fundamentals/code-analysis/quality-rules/ca1416) [C:\vaibhav\tallyAcczite\Acczite20_tm1w50bx_wpftmp.csproj]
C:\vaibhav\tallyAcczite\Views\Pages\GstReportingPage.xaml.cs(73,95): warning CA1416: This call site is reachable on all platforms. 'CircleGeometry' is only supported on: 'Windows' 7.0 and later. (https://learn.microsoft.com/dotnet/fundamentals/code-analysis/quality-rules/ca1416) [C:\vaibhav\tallyAcczite\Acczite20_tm1w50bx_wpftmp.csproj]
C:\vaibhav\tallyAcczite\Views\Pages\GstReportingPage.xaml.cs(73,95): warning CA1416: This call site is reachable on all platforms. 'LabelGeometry' is only supported on: 'Windows' 7.0 and later. (https://learn.microsoft.com/dotnet/fundamentals/code-analysis/quality-rules/ca1416) [C:\vaibhav\tallyAcczite\Acczite20_tm1w50bx_wpftmp.csproj]
C:\vaibhav\tallyAcczite\Views\Pages\GstReportingPage.xaml.cs(73,95): warning CA1416: This call site is reachable on all platforms. 'DoughnutGeometry' is only supported on: 'Windows' 7.0 and later. (https://learn.microsoft.com/dotnet/fundamentals/code-analysis/quality-rules/ca1416) [C:\vaibhav\tallyAcczite\Acczite20_tm1w50bx_wpftmp.csproj]
C:\vaibhav\tallyAcczite\Views\Pages\GstReportingPage.xaml.cs(73,95): warning CA1416: This call site is reachable on all platforms. 'CorePieSeries<decimal, DoughnutGeometry, LabelGeometry, CircleGeometry>.Pushout' is only supported on: 'Windows' 7.0 and later. (https://learn.microsoft.com/dotnet/fundamentals/code-analysis/quality-rules/ca1416) [C:\vaibhav\tallyAcczite\Acczite20_tm1w50bx_wpftmp.csproj]
C:\vaibhav\tallyAcczite\Views\Pages\GstReportingPage.xaml.cs(71,13): warning CA1416: This call site is reachable on all platforms. 'PieChart.Series' is only supported on: 'Windows' 7.0 and later. (https://learn.microsoft.com/dotnet/fundamentals/code-analysis/quality-rules/ca1416) [C:\vaibhav\tallyAcczite\Acczite20_tm1w50bx_wpftmp.csproj]
C:\vaibhav\tallyAcczite\Views\Pages\GstReportingPage.xaml.cs(75,80): warning CA1416: This call site is reachable on all platforms. 'LabelGeometry' is only supported on: 'Windows' 7.0 and later. (https://learn.microsoft.com/dotnet/fundamentals/code-analysis/quality-rules/ca1416) [C:\vaibhav\tallyAcczite\Acczite20_tm1w50bx_wpftmp.csproj]
C:\vaibhav\tallyAcczite\Views\Pages\GstReportingPage.xaml.cs(75,80): warning CA1416: This call site is reachable on all platforms. 'DoughnutGeometry' is only supported on: 'Windows' 7.0 and later. (https://learn.microsoft.com/dotnet/fundamentals/code-analysis/quality-rules/ca1416) [C:\vaibhav\tallyAcczite\Acczite20_tm1w50bx_wpftmp.csproj]
C:\vaibhav\tallyAcczite\Views\Pages\GstReportingPage.xaml.cs(75,80): warning CA1416: This call site is reachable on all platforms. 'Series<decimal, DoughnutGeometry, LabelGeometry>.Name' is only supported on: 'Windows' 7.0 and later. (https://learn.microsoft.com/dotnet/fundamentals/code-analysis/quality-rules/ca1416) [C:\vaibhav\tallyAcczite\Acczite20_tm1w50bx_wpftmp.csproj]
C:\vaibhav\tallyAcczite\Views\Pages\GstReportingPage.xaml.cs(74,95): warning CA1416: This call site is reachable on all platforms. 'CircleGeometry' is only supported on: 'Windows' 7.0 and later. (https://learn.microsoft.com/dotnet/fundamentals/code-analysis/quality-rules/ca1416) [C:\vaibhav\tallyAcczite\Acczite20_tm1w50bx_wpftmp.csproj]
C:\vaibhav\tallyAcczite\Views\Pages\GstReportingPage.xaml.cs(74,95): warning CA1416: This call site is reachable on all platforms. 'DoughnutGeometry' is only supported on: 'Windows' 7.0 and later. (https://learn.microsoft.com/dotnet/fundamentals/code-analysis/quality-rules/ca1416) [C:\vaibhav\tallyAcczite\Acczite20_tm1w50bx_wpftmp.csproj]
C:\vaibhav\tallyAcczite\Views\Pages\GstReportingPage.xaml.cs(74,95): warning CA1416: This call site is reachable on all platforms. 'CorePieSeries<decimal, DoughnutGeometry, LabelGeometry, CircleGeometry>.Pushout' is only supported on: 'Windows' 7.0 and later. (https://learn.microsoft.com/dotnet/fundamentals/code-analysis/quality-rules/ca1416) [C:\vaibhav\tallyAcczite\Acczite20_tm1w50bx_wpftmp.csproj]
C:\vaibhav\tallyAcczite\Views\Pages\GstReportingPage.xaml.cs(74,95): warning CA1416: This call site is reachable on all platforms. 'LabelGeometry' is only supported on: 'Windows' 7.0 and later. (https://learn.microsoft.com/dotnet/fundamentals/code-analysis/quality-rules/ca1416) [C:\vaibhav\tallyAcczite\Acczite20_tm1w50bx_wpftmp.csproj]
C:\vaibhav\tallyAcczite\Views\Pages\GstReportingPage.xaml.cs(75,42): warning CA1416: This call site is reachable on all platforms. 'LabelGeometry' is only supported on: 'Windows' 7.0 and later. (https://learn.microsoft.com/dotnet/fundamentals/code-analysis/quality-rules/ca1416) [C:\vaibhav\tallyAcczite\Acczite20_tm1w50bx_wpftmp.csproj]
C:\vaibhav\tallyAcczite\Views\Pages\GstReportingPage.xaml.cs(75,42): warning CA1416: This call site is reachable on all platforms. 'DoughnutGeometry' is only supported on: 'Windows' 7.0 and later. (https://learn.microsoft.com/dotnet/fundamentals/code-analysis/quality-rules/ca1416) [C:\vaibhav\tallyAcczite\Acczite20_tm1w50bx_wpftmp.csproj]
C:\vaibhav\tallyAcczite\Views\Pages\GstReportingPage.xaml.cs(75,42): warning CA1416: This call site is reachable on all platforms. 'Series<decimal, DoughnutGeometry, LabelGeometry>.Values' is only supported on: 'Windows' 7.0 and later. (https://learn.microsoft.com/dotnet/fundamentals/code-analysis/quality-rules/ca1416) [C:\vaibhav\tallyAcczite\Acczite20_tm1w50bx_wpftmp.csproj]
C:\vaibhav\tallyAcczite\Views\Pages\GstReportingPage.xaml.cs(73,80): warning CA1416: This call site is reachable on all platforms. 'LabelGeometry' is only supported on: 'Windows' 7.0 and later. (https://learn.microsoft.com/dotnet/fundamentals/code-analysis/quality-rules/ca1416) [C:\vaibhav\tallyAcczite\Acczite20_tm1w50bx_wpftmp.csproj]
C:\vaibhav\tallyAcczite\Views\Pages\GstReportingPage.xaml.cs(73,80): warning CA1416: This call site is reachable on all platforms. 'DoughnutGeometry' is only supported on: 'Windows' 7.0 and later. (https://learn.microsoft.com/dotnet/fundamentals/code-analysis/quality-rules/ca1416) [C:\vaibhav\tallyAcczite\Acczite20_tm1w50bx_wpftmp.csproj]
C:\vaibhav\tallyAcczite\Views\Pages\GstReportingPage.xaml.cs(73,80): warning CA1416: This call site is reachable on all platforms. 'Series<decimal, DoughnutGeometry, LabelGeometry>.Name' is only supported on: 'Windows' 7.0 and later. (https://learn.microsoft.com/dotnet/fundamentals/code-analysis/quality-rules/ca1416) [C:\vaibhav\tallyAcczite\Acczite20_tm1w50bx_wpftmp.csproj]
C:\vaibhav\tallyAcczite\Views\Pages\GstReportingPage.xaml.cs(74,17): warning CA1416: This call site is reachable on all platforms. 'PieSeries<decimal>' is only supported on: 'Windows' 7.0 and later. (https://learn.microsoft.com/dotnet/fundamentals/code-analysis/quality-rules/ca1416) [C:\vaibhav\tallyAcczite\Acczite20_tm1w50bx_wpftmp.csproj]
C:\vaibhav\tallyAcczite\Views\Pages\GstReportingPage.xaml.cs(73,17): warning CA1416: This call site is reachable on all platforms. 'PieSeries<decimal>' is only supported on: 'Windows' 7.0 and later. (https://learn.microsoft.com/dotnet/fundamentals/code-analysis/quality-rules/ca1416) [C:\vaibhav\tallyAcczite\Acczite20_tm1w50bx_wpftmp.csproj]
C:\vaibhav\tallyAcczite\Views\Pages\GstReportingPage.xaml.cs(74,42): warning CA1416: This call site is reachable on all platforms. 'LabelGeometry' is only supported on: 'Windows' 7.0 and later. (https://learn.microsoft.com/dotnet/fundamentals/code-analysis/quality-rules/ca1416) [C:\vaibhav\tallyAcczite\Acczite20_tm1w50bx_wpftmp.csproj]
C:\vaibhav\tallyAcczite\Views\Pages\GstReportingPage.xaml.cs(74,42): warning CA1416: This call site is reachable on all platforms. 'DoughnutGeometry' is only supported on: 'Windows' 7.0 and later. (https://learn.microsoft.com/dotnet/fundamentals/code-analysis/quality-rules/ca1416) [C:\vaibhav\tallyAcczite\Acczite20_tm1w50bx_wpftmp.csproj]
C:\vaibhav\tallyAcczite\Views\Pages\GstReportingPage.xaml.cs(74,42): warning CA1416: This call site is reachable on all platforms. 'Series<decimal, DoughnutGeometry, LabelGeometry>.Values' is only supported on: 'Windows' 7.0 and later. (https://learn.microsoft.com/dotnet/fundamentals/code-analysis/quality-rules/ca1416) [C:\vaibhav\tallyAcczite\Acczite20_tm1w50bx_wpftmp.csproj]
C:\vaibhav\tallyAcczite\Views\Pages\GstReportingPage.xaml.cs(74,80): warning CA1416: This call site is reachable on all platforms. 'LabelGeometry' is only supported on: 'Windows' 7.0 and later. (https://learn.microsoft.com/dotnet/fundamentals/code-analysis/quality-rules/ca1416) [C:\vaibhav\tallyAcczite\Acczite20_tm1w50bx_wpftmp.csproj]
C:\vaibhav\tallyAcczite\Views\Pages\GstReportingPage.xaml.cs(74,80): warning CA1416: This call site is reachable on all platforms. 'DoughnutGeometry' is only supported on: 'Windows' 7.0 and later. (https://learn.microsoft.com/dotnet/fundamentals/code-analysis/quality-rules/ca1416) [C:\vaibhav\tallyAcczite\Acczite20_tm1w50bx_wpftmp.csproj]
C:\vaibhav\tallyAcczite\Views\Pages\GstReportingPage.xaml.cs(74,80): warning CA1416: This call site is reachable on all platforms. 'Series<decimal, DoughnutGeometry, LabelGeometry>.Name' is only supported on: 'Windows' 7.0 and later. (https://learn.microsoft.com/dotnet/fundamentals/code-analysis/quality-rules/ca1416) [C:\vaibhav\tallyAcczite\Acczite20_tm1w50bx_wpftmp.csproj]
C:\vaibhav\tallyAcczite\Views\Pages\GstReportingPage.xaml.cs(73,42): warning CA1416: This call site is reachable on all platforms. 'LabelGeometry' is only supported on: 'Windows' 7.0 and later. (https://learn.microsoft.com/dotnet/fundamentals/code-analysis/quality-rules/ca1416) [C:\vaibhav\tallyAcczite\Acczite20_tm1w50bx_wpftmp.csproj]
C:\vaibhav\tallyAcczite\Views\Pages\GstReportingPage.xaml.cs(73,42): warning CA1416: This call site is reachable on all platforms. 'DoughnutGeometry' is only supported on: 'Windows' 7.0 and later. (https://learn.microsoft.com/dotnet/fundamentals/code-analysis/quality-rules/ca1416) [C:\vaibhav\tallyAcczite\Acczite20_tm1w50bx_wpftmp.csproj]
C:\vaibhav\tallyAcczite\Views\Pages\GstReportingPage.xaml.cs(73,42): warning CA1416: This call site is reachable on all platforms. 'Series<decimal, DoughnutGeometry, LabelGeometry>.Values' is only supported on: 'Windows' 7.0 and later. (https://learn.microsoft.com/dotnet/fundamentals/code-analysis/quality-rules/ca1416) [C:\vaibhav\tallyAcczite\Acczite20_tm1w50bx_wpftmp.csproj]
C:\vaibhav\tallyAcczite\Views\Pages\GstReportingPage.xaml.cs(75,95): warning CA1416: This call site is reachable on all platforms. 'CircleGeometry' is only supported on: 'Windows' 7.0 and later. (https://learn.microsoft.com/dotnet/fundamentals/code-analysis/quality-rules/ca1416) [C:\vaibhav\tallyAcczite\Acczite20_tm1w50bx_wpftmp.csproj]
C:\vaibhav\tallyAcczite\Views\Pages\GstReportingPage.xaml.cs(75,95): warning CA1416: This call site is reachable on all platforms. 'LabelGeometry' is only supported on: 'Windows' 7.0 and later. (https://learn.microsoft.com/dotnet/fundamentals/code-analysis/quality-rules/ca1416) [C:\vaibhav\tallyAcczite\Acczite20_tm1w50bx_wpftmp.csproj]
C:\vaibhav\tallyAcczite\Views\Pages\GstReportingPage.xaml.cs(75,95): warning CA1416: This call site is reachable on all platforms. 'DoughnutGeometry' is only supported on: 'Windows' 7.0 and later. (https://learn.microsoft.com/dotnet/fundamentals/code-analysis/quality-rules/ca1416) [C:\vaibhav\tallyAcczite\Acczite20_tm1w50bx_wpftmp.csproj]
C:\vaibhav\tallyAcczite\Views\Pages\GstReportingPage.xaml.cs(75,95): warning CA1416: This call site is reachable on all platforms. 'CorePieSeries<decimal, DoughnutGeometry, LabelGeometry, CircleGeometry>.Pushout' is only supported on: 'Windows' 7.0 and later. (https://learn.microsoft.com/dotnet/fundamentals/code-analysis/quality-rules/ca1416) [C:\vaibhav\tallyAcczite\Acczite20_tm1w50bx_wpftmp.csproj]
C:\vaibhav\tallyAcczite\Views\Pages\GstReportingPage.xaml.cs(75,17): warning CA1416: This call site is reachable on all platforms. 'PieSeries<decimal>' is only supported on: 'Windows' 7.0 and later. (https://learn.microsoft.com/dotnet/fundamentals/code-analysis/quality-rules/ca1416) [C:\vaibhav\tallyAcczite\Acczite20_tm1w50bx_wpftmp.csproj]
CSC : error CS2012: Cannot open 'C:\vaibhav\tallyAcczite\obj\Debug\net8.0-windows7.0\Acczite20.dll' for writing -- The process cannot access the file 'C:\vaibhav\tallyAcczite\obj\Debug\net8.0-windows7.0\Acczite20.dll' because it is being used by another process.; file may be locked by 'VBCSCompiler' (31528) [C:\vaibhav\tallyAcczite\Acczite20_tm1w50bx_wpftmp.csproj]

Build FAILED.

C:\vaibhav\tallyAcczite\Acczite20.csproj : warning NU1603: Acczite20 depends on OpenTK.Windowing.Desktop (>= 4.8.3) but OpenTK.Windowing.Desktop 4.8.3 was not found. OpenTK.Windowing.Desktop 4.9.1 was resolved instead.
C:\vaibhav\tallyAcczite\Acczite20.csproj : warning NU1701: Package 'OpenTK 3.3.1' was restored using '.NETFramework,Version=v4.6.1, .NETFramework,Version=v4.6.2, .NETFramework,Version=v4.7, .NETFramework,Version=v4.7.1, .NETFramework,Version=v4.7.2, .NETFramework,Version=v4.8, .NETFramework,Version=v4.8.1' instead of the project target framework 'net8.0-windows7.0'. This package may not be fully compatible with your project.
C:\vaibhav\tallyAcczite\Acczite20.csproj : warning NU1701: Package 'OpenTK.GLWpfControl 3.3.0' was restored using '.NETFramework,Version=v4.6.1, .NETFramework,Version=v4.6.2, .NETFramework,Version=v4.7, .NETFramework,Version=v4.7.1, .NETFramework,Version=v4.7.2, .NETFramework,Version=v4.8, .NETFramework,Version=v4.8.1' instead of the project target framework 'net8.0-windows7.0'. This package may not be fully compatible with your project.
C:\vaibhav\tallyAcczite\Acczite20.csproj : warning NU1701: Package 'SkiaSharp.Views.WPF 3.116.1' was restored using '.NETFramework,Version=v4.6.1, .NETFramework,Version=v4.6.2, .NETFramework,Version=v4.7, .NETFramework,Version=v4.7.1, .NETFramework,Version=v4.7.2, .NETFramework,Version=v4.8, .NETFramework,Version=v4.8.1' instead of the project target framework 'net8.0-windows7.0'. This package may not be fully compatible with your project.
C:\vaibhav\tallyAcczite\Acczite20.csproj : warning NU1603: Acczite20 depends on OpenTK.Windowing.Desktop (>= 4.8.3) but OpenTK.Windowing.Desktop 4.8.3 was not found. OpenTK.Windowing.Desktop 4.9.1 was resolved instead.
C:\vaibhav\tallyAcczite\Acczite20.csproj : warning NU1701: Package 'OpenTK 3.3.1' was restored using '.NETFramework,Version=v4.6.1, .NETFramework,Version=v4.6.2, .NETFramework,Version=v4.7, .NETFramework,Version=v4.7.1, .NETFramework,Version=v4.7.2, .NETFramework,Version=v4.8, .NETFramework,Version=v4.8.1' instead of the project target framework 'net8.0-windows7.0'. This package may not be fully compatible with your project.
C:\vaibhav\tallyAcczite\Acczite20.csproj : warning NU1701: Package 'OpenTK.GLWpfControl 3.3.0' was restored using '.NETFramework,Version=v4.6.1, .NETFramework,Version=v4.6.2, .NETFramework,Version=v4.7, .NETFramework,Version=v4.7.1, .NETFramework,Version=v4.7.2, .NETFramework,Version=v4.8, .NETFramework,Version=v4.8.1' instead of the project target framework 'net8.0-windows7.0'. This package may not be fully compatible with your project.
C:\vaibhav\tallyAcczite\Acczite20.csproj : warning NU1701: Package 'SkiaSharp.Views.WPF 3.116.1' was restored using '.NETFramework,Version=v4.6.1, .NETFramework,Version=v4.6.2, .NETFramework,Version=v4.7, .NETFramework,Version=v4.7.1, .NETFramework,Version=v4.7.2, .NETFramework,Version=v4.8, .NETFramework,Version=v4.8.1' instead of the project target framework 'net8.0-windows7.0'. This package may not be fully compatible with your project.
C:\vaibhav\tallyAcczite\Acczite20_tm1w50bx_wpftmp.csproj : warning NU1603: Acczite20 depends on OpenTK.Windowing.Desktop (>= 4.8.3) but OpenTK.Windowing.Desktop 4.8.3 was not found. OpenTK.Windowing.Desktop 4.9.1 was resolved instead.
C:\vaibhav\tallyAcczite\Acczite20_tm1w50bx_wpftmp.csproj : warning NU1701: Package 'OpenTK 3.3.1' was restored using '.NETFramework,Version=v4.6.1, .NETFramework,Version=v4.6.2, .NETFramework,Version=v4.7, .NETFramework,Version=v4.7.1, .NETFramework,Version=v4.7.2, .NETFramework,Version=v4.8, .NETFramework,Version=v4.8.1' instead of the project target framework 'net8.0-windows7.0'. This package may not be fully compatible with your project.
C:\vaibhav\tallyAcczite\Acczite20_tm1w50bx_wpftmp.csproj : warning NU1701: Package 'OpenTK.GLWpfControl 3.3.0' was restored using '.NETFramework,Version=v4.6.1, .NETFramework,Version=v4.6.2, .NETFramework,Version=v4.7, .NETFramework,Version=v4.7.1, .NETFramework,Version=v4.7.2, .NETFramework,Version=v4.8, .NETFramework,Version=v4.8.1' instead of the project target framework 'net8.0-windows7.0'. This package may not be fully compatible with your project.
C:\vaibhav\tallyAcczite\Acczite20_tm1w50bx_wpftmp.csproj : warning NU1701: Package 'SkiaSharp.Views.WPF 3.116.1' was restored using '.NETFramework,Version=v4.6.1, .NETFramework,Version=v4.6.2, .NETFramework,Version=v4.7, .NETFramework,Version=v4.7.1, .NETFramework,Version=v4.7.2, .NETFramework,Version=v4.8, .NETFramework,Version=v4.8.1' instead of the project target framework 'net8.0-windows7.0'. This package may not be fully compatible with your project.
C:\vaibhav\tallyAcczite\Models\Company.cs(11,21): warning CS0108: 'Company.IsActive' hides inherited member 'BaseEntity.IsActive'. Use the new keyword if hiding was intended. [C:\vaibhav\tallyAcczite\Acczite20_tm1w50bx_wpftmp.csproj]
C:\vaibhav\tallyAcczite\Models\Integration\IntegrationCoreModels.cs(25,25): warning CS0108: 'PendingMapping.CreatedAt' hides inherited member 'BaseEntity.CreatedAt'. Use the new keyword if hiding was intended. [C:\vaibhav\tallyAcczite\Acczite20_tm1w50bx_wpftmp.csproj]
C:\vaibhav\tallyAcczite\Models\Integration\IntegrationCoreModels.cs(34,31): warning CS0108: 'IntegrationEventQueue.CreatedAt' hides inherited member 'BaseEntity.CreatedAt'. Use the new keyword if hiding was intended. [C:\vaibhav\tallyAcczite\Acczite20_tm1w50bx_wpftmp.csproj]
C:\vaibhav\tallyAcczite\Views\Pages\LedgerExplorerPage.xaml.cs(17,83): warning CS8625: Cannot convert null literal to non-nullable reference type. [C:\vaibhav\tallyAcczite\Acczite20_tm1w50bx_wpftmp.csproj]
C:\vaibhav\tallyAcczite\Views\Pages\VoucherExplorerPage.xaml.cs(17,83): warning CS8625: Cannot convert null literal to non-nullable reference type. [C:\vaibhav\tallyAcczite\Acczite20_tm1w50bx_wpftmp.csproj]
C:\vaibhav\tallyAcczite\Views\Pages\TrialBalancePage.xaml.cs(28,83): warning CS8625: Cannot convert null literal to non-nullable reference type. [C:\vaibhav\tallyAcczite\Acczite20_tm1w50bx_wpftmp.csproj]
C:\vaibhav\tallyAcczite\test_tally.cs(7,23): warning CS8892: Method 'Program.Main()' will not be used as an entry point because a synchronous entry point 'App.Main()' was found. [C:\vaibhav\tallyAcczite\Acczite20_tm1w50bx_wpftmp.csproj]
C:\vaibhav\tallyAcczite\Views\Pages\UnifiedSyncPage.xaml.cs(161,23): warning CS8618: Non-nullable property 'Message' must contain a non-null value when exiting constructor. Consider adding the 'required' modifier or declaring the property as nullable. [C:\vaibhav\tallyAcczite\Acczite20_tm1w50bx_wpftmp.csproj]
C:\vaibhav\tallyAcczite\Views\Pages\UnifiedSyncPage.xaml.cs(162,23): warning CS8618: Non-nullable property 'Category' must contain a non-null value when exiting constructor. Consider adding the 'required' modifier or declaring the property as nullable. [C:\vaibhav\tallyAcczite\Acczite20_tm1w50bx_wpftmp.csproj]
C:\vaibhav\tallyAcczite\Converters\ComparisonConverter.cs(13,31): warning CS8600: Converting null literal or possible null value to non-nullable type. [C:\vaibhav\tallyAcczite\Acczite20_tm1w50bx_wpftmp.csproj]
C:\vaibhav\tallyAcczite\Models\Warehouse\LedgerMapping.cs(8,23): warning CS8618: Non-nullable property 'MappedCategory' must contain a non-null value when exiting constructor. Consider adding the 'required' modifier or declaring the property as nullable. [C:\vaibhav\tallyAcczite\Acczite20_tm1w50bx_wpftmp.csproj]
C:\vaibhav\tallyAcczite\Models\Warehouse\LedgerMapping.cs(9,23): warning CS8618: Non-nullable property 'TallyLedgerName' must contain a non-null value when exiting constructor. Consider adding the 'required' modifier or declaring the property as nullable. [C:\vaibhav\tallyAcczite\Acczite20_tm1w50bx_wpftmp.csproj]
C:\vaibhav\tallyAcczite\Models\Warehouse\FactTables.cs(48,23): warning CS8618: Non-nullable property 'TaxType' must contain a non-null value when exiting constructor. Consider adding the 'required' modifier or declaring the property as nullable. [C:\vaibhav\tallyAcczite\Acczite20_tm1w50bx_wpftmp.csproj]
C:\vaibhav\tallyAcczite\MongoDocuments\VoucherDocument.cs(50,23): warning CS8618: Non-nullable property 'LedgerName' must contain a non-null value when exiting constructor. Consider adding the 'required' modifier or declaring the property as nullable. [C:\vaibhav\tallyAcczite\Acczite20_tm1w50bx_wpftmp.csproj]
C:\vaibhav\tallyAcczite\MongoDocuments\VoucherDocument.cs(11,23): warning CS8618: Non-nullable property 'Id' must contain a non-null value when exiting constructor. Consider adding the 'required' modifier or declaring the property as nullable. [C:\vaibhav\tallyAcczite\Acczite20_tm1w50bx_wpftmp.csproj]
C:\vaibhav\tallyAcczite\MongoDocuments\VoucherDocument.cs(14,23): warning CS8618: Non-nullable property 'CompanyId' must contain a non-null value when exiting constructor. Consider adding the 'required' modifier or declaring the property as nullable. [C:\vaibhav\tallyAcczite\Acczite20_tm1w50bx_wpftmp.csproj]
C:\vaibhav\tallyAcczite\MongoDocuments\VoucherDocument.cs(17,23): warning CS8618: Non-nullable property 'OrganizationId' must contain a non-null value when exiting constructor. Consider adding the 'required' modifier or declaring the property as nullable. [C:\vaibhav\tallyAcczite\Acczite20_tm1w50bx_wpftmp.csproj]
C:\vaibhav\tallyAcczite\MongoDocuments\VoucherDocument.cs(20,23): warning CS8618: Non-nullable property 'VoucherNumber' must contain a non-null value when exiting constructor. Consider adding the 'required' modifier or declaring the property as nullable. [C:\vaibhav\tallyAcczite\Acczite20_tm1w50bx_wpftmp.csproj]
C:\vaibhav\tallyAcczite\MongoDocuments\VoucherDocument.cs(23,23): warning CS8618: Non-nullable property 'VoucherType' must contain a non-null value when exiting constructor. Consider adding the 'required' modifier or declaring the property as nullable. [C:\vaibhav\tallyAcczite\Acczite20_tm1w50bx_wpftmp.csproj]
C:\vaibhav\tallyAcczite\MongoDocuments\VoucherDocument.cs(26,23): warning CS8618: Non-nullable property 'VoucherDate' must contain a non-null value when exiting constructor. Consider adding the 'required' modifier or declaring the property as nullable. [C:\vaibhav\tallyAcczite\Acczite20_tm1w50bx_wpftmp.csproj]
C:\vaibhav\tallyAcczite\MongoDocuments\VoucherDocument.cs(29,23): warning CS8618: Non-nullable property 'ReferenceNumber' must contain a non-null value when exiting constructor. Consider adding the 'required' modifier or declaring the property as nullable. [C:\vaibhav\tallyAcczite\Acczite20_tm1w50bx_wpftmp.csproj]
C:\vaibhav\tallyAcczite\MongoDocuments\VoucherDocument.cs(41,35): warning CS8618: Non-nullable property 'TaxDetails' must contain a non-null value when exiting constructor. Consider adding the 'required' modifier or declaring the property as nullable. [C:\vaibhav\tallyAcczite\Acczite20_tm1w50bx_wpftmp.csproj]
C:\vaibhav\tallyAcczite\MongoDocuments\VoucherDocument.cs(44,23): warning CS8618: Non-nullable property 'LastModified' must contain a non-null value when exiting constructor. Consider adding the 'required' modifier or declaring the property as nullable. [C:\vaibhav\tallyAcczite\Acczite20_tm1w50bx_wpftmp.csproj]
C:\vaibhav\tallyAcczite\ViewModels\Wizard\TallySyncViewModel.cs(73,16): warning CS8618: Non-nullable field '_tallyService' must contain a non-null value when exiting constructor. Consider adding the 'required' modifier or declaring the field as nullable. [C:\vaibhav\tallyAcczite\Acczite20_tm1w50bx_wpftmp.csproj]
C:\vaibhav\tallyAcczite\MongoDocuments\PayrollDocument.cs(10,23): warning CS8618: Non-nullable property 'Id' must contain a non-null value when exiting constructor. Consider adding the 'required' modifier or declaring the property as nullable. [C:\vaibhav\tallyAcczite\Acczite20_tm1w50bx_wpftmp.csproj]
C:\vaibhav\tallyAcczite\MongoDocuments\PayrollDocument.cs(13,23): warning CS8618: Non-nullable property 'OrganizationId' must contain a non-null value when exiting constructor. Consider adding the 'required' modifier or declaring the property as nullable. [C:\vaibhav\tallyAcczite\Acczite20_tm1w50bx_wpftmp.csproj]
C:\vaibhav\tallyAcczite\MongoDocuments\PayrollDocument.cs(16,23): warning CS8618: Non-nullable property 'EmployeeId' must contain a non-null value when exiting constructor. Consider adding the 'required' modifier or declaring the property as nullable. [C:\vaibhav\tallyAcczite\Acczite20_tm1w50bx_wpftmp.csproj]
C:\vaibhav\tallyAcczite\MongoDocuments\PayrollDocument.cs(19,23): warning CS8618: Non-nullable property 'EmployeeName' must contain a non-null value when exiting constructor. Consider adding the 'required' modifier or declaring the property as nullable. [C:\vaibhav\tallyAcczite\Acczite20_tm1w50bx_wpftmp.csproj]
C:\vaibhav\tallyAcczite\MongoDocuments\PayrollDocument.cs(22,23): warning CS8618: Non-nullable property 'Month' must contain a non-null value when exiting constructor. Consider adding the 'required' modifier or declaring the property as nullable. [C:\vaibhav\tallyAcczite\Acczite20_tm1w50bx_wpftmp.csproj]
C:\vaibhav\tallyAcczite\MongoDocuments\MongoUserDocument.cs(32,23): warning CS8618: Non-nullable property 'SectionKey' must contain a non-null value when exiting constructor. Consider adding the 'required' modifier or declaring the property as nullable. [C:\vaibhav\tallyAcczite\Acczite20_tm1w50bx_wpftmp.csproj]
C:\vaibhav\tallyAcczite\MongoDocuments\AdminInventoryDocument.cs(30,23): warning CS8618: Non-nullable property 'Batch' must contain a non-null value when exiting constructor. Consider adding the 'required' modifier or declaring the property as nullable. [C:\vaibhav\tallyAcczite\Acczite20_tm1w50bx_wpftmp.csproj]
C:\vaibhav\tallyAcczite\Infrastructure\BulkInsertHandler.cs(46,52): warning CS8604: Possible null reference argument for parameter 'connectionString' in 'Task BulkInsertHandler.SqlBulkInsertAsync(List<Voucher> vouchers, string connectionString)'. [C:\vaibhav\tallyAcczite\Acczite20_tm1w50bx_wpftmp.csproj]
C:\vaibhav\tallyAcczite\Infrastructure\BulkInsertHandler.cs(51,54): warning CS8604: Possible null reference argument for parameter 'connectionString' in 'Task BulkInsertHandler.MySqlBulkInsertAsync(List<Voucher> vouchers, string connectionString)'. [C:\vaibhav\tallyAcczite\Acczite20_tm1w50bx_wpftmp.csproj]
C:\vaibhav\tallyAcczite\MongoDocuments\MongoUserDocument.cs(14,23): warning CS8618: Non-nullable property 'Email' must contain a non-null value when exiting constructor. Consider adding the 'required' modifier or declaring the property as nullable. [C:\vaibhav\tallyAcczite\Acczite20_tm1w50bx_wpftmp.csproj]
C:\vaibhav\tallyAcczite\MongoDocuments\MongoUserDocument.cs(17,23): warning CS8618: Non-nullable property 'Phone' must contain a non-null value when exiting constructor. Consider adding the 'required' modifier or declaring the property as nullable. [C:\vaibhav\tallyAcczite\Acczite20_tm1w50bx_wpftmp.csproj]
C:\vaibhav\tallyAcczite\MongoDocuments\MongoUserDocument.cs(20,23): warning CS8618: Non-nullable property 'Password' must contain a non-null value when exiting constructor. Consider adding the 'required' modifier or declaring the property as nullable. [C:\vaibhav\tallyAcczite\Acczite20_tm1w50bx_wpftmp.csproj]
C:\vaibhav\tallyAcczite\MongoDocuments\HrPayrollDocument.cs(51,23): warning CS8618: Non-nullable property 'Allowances' must contain a non-null value when exiting constructor. Consider adding the 'required' modifier or declaring the property as nullable. [C:\vaibhav\tallyAcczite\Acczite20_tm1w50bx_wpftmp.csproj]
C:\vaibhav\tallyAcczite\MongoDocuments\HrPayrollDocument.cs(17,23): warning CS8618: Non-nullable property 'Period' must contain a non-null value when exiting constructor. Consider adding the 'required' modifier or declaring the property as nullable. [C:\vaibhav\tallyAcczite\Acczite20_tm1w50bx_wpftmp.csproj]
C:\vaibhav\tallyAcczite\MongoDocuments\HrPayrollDocument.cs(38,23): warning CS8618: Non-nullable property 'Status' must contain a non-null value when exiting constructor. Consider adding the 'required' modifier or declaring the property as nullable. [C:\vaibhav\tallyAcczite\Acczite20_tm1w50bx_wpftmp.csproj]
C:\vaibhav\tallyAcczite\MongoDocuments\HrEmployeeDocument.cs(14,23): warning CS8618: Non-nullable property 'EmployeeCode' must contain a non-null value when exiting constructor. Consider adding the 'required' modifier or declaring the property as nullable. [C:\vaibhav\tallyAcczite\Acczite20_tm1w50bx_wpftmp.csproj]
C:\vaibhav\tallyAcczite\MongoDocuments\HrEmployeeDocument.cs(17,23): warning CS8618: Non-nullable property 'Name' must contain a non-null value when exiting constructor. Consider adding the 'required' modifier or declaring the property as nullable. [C:\vaibhav\tallyAcczite\Acczite20_tm1w50bx_wpftmp.csproj]
C:\vaibhav\tallyAcczite\MongoDocuments\HrEmployeeDocument.cs(20,23): warning CS8618: Non-nullable property 'Email' must contain a non-null value when exiting constructor. Consider adding the 'required' modifier or declaring the property as nullable. [C:\vaibhav\tallyAcczite\Acczite20_tm1w50bx_wpftmp.csproj]
C:\vaibhav\tallyAcczite\MongoDocuments\HrEmployeeDocument.cs(23,23): warning CS8618: Non-nullable property 'Phone' must contain a non-null value when exiting constructor. Consider adding the 'required' modifier or declaring the property as nullable. [C:\vaibhav\tallyAcczite\Acczite20_tm1w50bx_wpftmp.csproj]
C:\vaibhav\tallyAcczite\MongoDocuments\HrEmployeeDocument.cs(26,23): warning CS8618: Non-nullable property 'Department' must contain a non-null value when exiting constructor. Consider adding the 'required' modifier or declaring the property as nullable. [C:\vaibhav\tallyAcczite\Acczite20_tm1w50bx_wpftmp.csproj]
C:\vaibhav\tallyAcczite\MongoDocuments\HrEmployeeDocument.cs(29,23): warning CS8618: Non-nullable property 'Designation' must contain a non-null value when exiting constructor. Consider adding the 'required' modifier or declaring the property as nullable. [C:\vaibhav\tallyAcczite\Acczite20_tm1w50bx_wpftmp.csproj]
C:\vaibhav\tallyAcczite\MongoDocuments\HrEmployeeDocument.cs(32,23): warning CS8618: Non-nullable property 'Status' must contain a non-null value when exiting constructor. Consider adding the 'required' modifier or declaring the property as nullable. [C:\vaibhav\tallyAcczite\Acczite20_tm1w50bx_wpftmp.csproj]
C:\vaibhav\tallyAcczite\MongoDocuments\HrAttendanceDocument.cs(17,23): warning CS8618: Non-nullable property 'EmployeeCode' must contain a non-null value when exiting constructor. Consider adding the 'required' modifier or declaring the property as nullable. [C:\vaibhav\tallyAcczite\Acczite20_tm1w50bx_wpftmp.csproj]
C:\vaibhav\tallyAcczite\MongoDocuments\HrAttendanceDocument.cs(20,23): warning CS8618: Non-nullable property 'Name' must contain a non-null value when exiting constructor. Consider adding the 'required' modifier or declaring the property as nullable. [C:\vaibhav\tallyAcczite\Acczite20_tm1w50bx_wpftmp.csproj]
C:\vaibhav\tallyAcczite\MongoDocuments\HrAttendanceDocument.cs(23,23): warning CS8618: Non-nullable property 'Department' must contain a non-null value when exiting constructor. Consider adding the 'required' modifier or declaring the property as nullable. [C:\vaibhav\tallyAcczite\Acczite20_tm1w50bx_wpftmp.csproj]
C:\vaibhav\tallyAcczite\MongoDocuments\HrAttendanceDocument.cs(29,23): warning CS8618: Non-nullable property 'Period' must contain a non-null value when exiting constructor. Consider adding the 'required' modifier or declaring the property as nullable. [C:\vaibhav\tallyAcczite\Acczite20_tm1w50bx_wpftmp.csproj]
C:\vaibhav\tallyAcczite\MongoDocuments\HrAttendanceDocument.cs(32,23): warning CS8618: Non-nullable property 'Status' must contain a non-null value when exiting constructor. Consider adding the 'required' modifier or declaring the property as nullable. [C:\vaibhav\tallyAcczite\Acczite20_tm1w50bx_wpftmp.csproj]
C:\vaibhav\tallyAcczite\MongoDocuments\HrAttendanceDocument.cs(41,23): warning CS8618: Non-nullable property 'HoursWorked' must contain a non-null value when exiting constructor. Consider adding the 'required' modifier or declaring the property as nullable. [C:\vaibhav\tallyAcczite\Acczite20_tm1w50bx_wpftmp.csproj]
C:\vaibhav\tallyAcczite\MongoDocuments\ExpenseDocument.cs(10,23): warning CS8618: Non-nullable property 'Id' must contain a non-null value when exiting constructor. Consider adding the 'required' modifier or declaring the property as nullable. [C:\vaibhav\tallyAcczite\Acczite20_tm1w50bx_wpftmp.csproj]
C:\vaibhav\tallyAcczite\MongoDocuments\ExpenseDocument.cs(13,23): warning CS8618: Non-nullable property 'OrganizationId' must contain a non-null value when exiting constructor. Consider adding the 'required' modifier or declaring the property as nullable. [C:\vaibhav\tallyAcczite\Acczite20_tm1w50bx_wpftmp.csproj]
C:\vaibhav\tallyAcczite\MongoDocuments\ExpenseDocument.cs(16,23): warning CS8618: Non-nullable property 'Category' must contain a non-null value when exiting constructor. Consider adding the 'required' modifier or declaring the property as nullable. [C:\vaibhav\tallyAcczite\Acczite20_tm1w50bx_wpftmp.csproj]
C:\vaibhav\tallyAcczite\MongoDocuments\ExpenseDocument.cs(22,23): warning CS8618: Non-nullable property 'VoucherNumber' must contain a non-null value when exiting constructor. Consider adding the 'required' modifier or declaring the property as nullable. [C:\vaibhav\tallyAcczite\Acczite20_tm1w50bx_wpftmp.csproj]
C:\vaibhav\tallyAcczite\MongoDocuments\ExpenseDocument.cs(25,23): warning CS8618: Non-nullable property 'Date' must contain a non-null value when exiting constructor. Consider adding the 'required' modifier or declaring the property as nullable. [C:\vaibhav\tallyAcczite\Acczite20_tm1w50bx_wpftmp.csproj]
C:\vaibhav\tallyAcczite\MongoDocuments\AdminProductDocument.cs(14,23): warning CS8618: Non-nullable property 'Sku' must contain a non-null value when exiting constructor. Consider adding the 'required' modifier or declaring the property as nullable. [C:\vaibhav\tallyAcczite\Acczite20_tm1w50bx_wpftmp.csproj]
C:\vaibhav\tallyAcczite\MongoDocuments\AdminProductDocument.cs(17,23): warning CS8618: Non-nullable property 'Name' must contain a non-null value when exiting constructor. Consider adding the 'required' modifier or declaring the property as nullable. [C:\vaibhav\tallyAcczite\Acczite20_tm1w50bx_wpftmp.csproj]
C:\vaibhav\tallyAcczite\MongoDocuments\AdminProductDocument.cs(20,23): warning CS8618: Non-nullable property 'Category' must contain a non-null value when exiting constructor. Consider adding the 'required' modifier or declaring the property as nullable. [C:\vaibhav\tallyAcczite\Acczite20_tm1w50bx_wpftmp.csproj]
C:\vaibhav\tallyAcczite\MongoDocuments\AdminProductDocument.cs(23,23): warning CS8618: Non-nullable property 'Uom' must contain a non-null value when exiting constructor. Consider adding the 'required' modifier or declaring the property as nullable. [C:\vaibhav\tallyAcczite\Acczite20_tm1w50bx_wpftmp.csproj]
C:\vaibhav\tallyAcczite\Models\Warehouse\FactTables.cs(21,23): warning CS8618: Non-nullable property 'Narration' must contain a non-null value when exiting constructor. Consider adding the 'required' modifier or declaring the property as nullable. [C:\vaibhav\tallyAcczite\Acczite20_tm1w50bx_wpftmp.csproj]
C:\vaibhav\tallyAcczite\Models\Warehouse\FactTables.cs(8,23): warning CS8618: Non-nullable property 'VoucherNumber' must contain a non-null value when exiting constructor. Consider adding the 'required' modifier or declaring the property as nullable. [C:\vaibhav\tallyAcczite\Acczite20_tm1w50bx_wpftmp.csproj]
C:\vaibhav\tallyAcczite\Models\Warehouse\FactTables.cs(12,23): warning CS8618: Non-nullable property 'TallyMasterId' must contain a non-null value when exiting constructor. Consider adding the 'required' modifier or declaring the property as nullable. [C:\vaibhav\tallyAcczite\Acczite20_tm1w50bx_wpftmp.csproj]
C:\vaibhav\tallyAcczite\Models\Analytics\ReportingModels.cs(19,23): warning CS8618: Non-nullable property 'Title' must contain a non-null value when exiting constructor. Consider adding the 'required' modifier or declaring the property as nullable. [C:\vaibhav\tallyAcczite\Acczite20_tm1w50bx_wpftmp.csproj]
C:\vaibhav\tallyAcczite\Models\Analytics\ReportingModels.cs(20,23): warning CS8618: Non-nullable property 'Description' must contain a non-null value when exiting constructor. Consider adding the 'required' modifier or declaring the property as nullable. [C:\vaibhav\tallyAcczite\Acczite20_tm1w50bx_wpftmp.csproj]
C:\vaibhav\tallyAcczite\Models\Analytics\ReportingModels.cs(21,23): warning CS8618: Non-nullable property 'Severity' must contain a non-null value when exiting constructor. Consider adding the 'required' modifier or declaring the property as nullable. [C:\vaibhav\tallyAcczite\Acczite20_tm1w50bx_wpftmp.csproj]
C:\vaibhav\tallyAcczite\Models\Analytics\ReportingModels.cs(24,23): warning CS8618: Non-nullable property 'RelatedEntityName' must contain a non-null value when exiting constructor. Consider adding the 'required' modifier or declaring the property as nullable. [C:\vaibhav\tallyAcczite\Acczite20_tm1w50bx_wpftmp.csproj]
C:\vaibhav\tallyAcczite\Models\Warehouse\DimensionTables.cs(34,23): warning CS8618: Non-nullable property 'VoucherTypeName' must contain a non-null value when exiting constructor. Consider adding the 'required' modifier or declaring the property as nullable. [C:\vaibhav\tallyAcczite\Acczite20_tm1w50bx_wpftmp.csproj]
C:\vaibhav\tallyAcczite\Models\Warehouse\DimensionTables.cs(35,23): warning CS8618: Non-nullable property 'TallyMasterId' must contain a non-null value when exiting constructor. Consider adding the 'required' modifier or declaring the property as nullable. [C:\vaibhav\tallyAcczite\Acczite20_tm1w50bx_wpftmp.csproj]
C:\vaibhav\tallyAcczite\Models\Analytics\AnalysisModels.cs(7,23): warning CS8618: Non-nullable property 'LedgerName' must contain a non-null value when exiting constructor. Consider adding the 'required' modifier or declaring the property as nullable. [C:\vaibhav\tallyAcczite\Acczite20_tm1w50bx_wpftmp.csproj]
C:\vaibhav\tallyAcczite\Models\Analytics\AnalysisModels.cs(10,23): warning CS8618: Non-nullable property 'RiskLevel' must contain a non-null value when exiting constructor. Consider adding the 'required' modifier or declaring the property as nullable. [C:\vaibhav\tallyAcczite\Acczite20_tm1w50bx_wpftmp.csproj]
C:\vaibhav\tallyAcczite\Models\AuthResponses.cs(13,23): warning CS8618: Non-nullable property 'Message' must contain a non-null value when exiting constructor. Consider adding the 'required' modifier or declaring the property as nullable. [C:\vaibhav\tallyAcczite\Acczite20_tm1w50bx_wpftmp.csproj]
C:\vaibhav\tallyAcczite\Models\AuthResponses.cs(16,23): warning CS8618: Non-nullable property 'Token' must contain a non-null value when exiting constructor. Consider adding the 'required' modifier or declaring the property as nullable. [C:\vaibhav\tallyAcczite\Acczite20_tm1w50bx_wpftmp.csproj]
C:\vaibhav\tallyAcczite\Models\AuthResponses.cs(19,25): warning CS8618: Non-nullable property 'User' must contain a non-null value when exiting constructor. Consider adding the 'required' modifier or declaring the property as nullable. [C:\vaibhav\tallyAcczite\Acczite20_tm1w50bx_wpftmp.csproj]
C:\vaibhav\tallyAcczite\Models\Warehouse\DimensionTables.cs(25,23): warning CS8618: Non-nullable property 'StockItemName' must contain a non-null value when exiting constructor. Consider adding the 'required' modifier or declaring the property as nullable. [C:\vaibhav\tallyAcczite\Acczite20_tm1w50bx_wpftmp.csproj]
C:\vaibhav\tallyAcczite\Models\Warehouse\DimensionTables.cs(28,23): warning CS8618: Non-nullable property 'HsnCode' must contain a non-null value when exiting constructor. Consider adding the 'required' modifier or declaring the property as nullable. [C:\vaibhav\tallyAcczite\Acczite20_tm1w50bx_wpftmp.csproj]
C:\vaibhav\tallyAcczite\Models\Warehouse\DimensionTables.cs(29,23): warning CS8618: Non-nullable property 'TallyMasterId' must contain a non-null value when exiting constructor. Consider adding the 'required' modifier or declaring the property as nullable. [C:\vaibhav\tallyAcczite\Acczite20_tm1w50bx_wpftmp.csproj]
C:\vaibhav\tallyAcczite\Models\Analytics\ReportingModels.cs(9,23): warning CS8618: Non-nullable property 'LedgerName' must contain a non-null value when exiting constructor. Consider adding the 'required' modifier or declaring the property as nullable. [C:\vaibhav\tallyAcczite\Acczite20_tm1w50bx_wpftmp.csproj]
C:\vaibhav\tallyAcczite\Models\Analytics\ReportingModels.cs(10,23): warning CS8618: Non-nullable property 'GroupName' must contain a non-null value when exiting constructor. Consider adding the 'required' modifier or declaring the property as nullable. [C:\vaibhav\tallyAcczite\Acczite20_tm1w50bx_wpftmp.csproj]
C:\vaibhav\tallyAcczite\Models\Warehouse\DimensionTables.cs(17,23): warning CS8618: Non-nullable property 'GroupName' must contain a non-null value when exiting constructor. Consider adding the 'required' modifier or declaring the property as nullable. [C:\vaibhav\tallyAcczite\Acczite20_tm1w50bx_wpftmp.csproj]
C:\vaibhav\tallyAcczite\Models\Warehouse\DimensionTables.cs(19,23): warning CS8618: Non-nullable property 'RootGroup' must contain a non-null value when exiting constructor. Consider adding the 'required' modifier or declaring the property as nullable. [C:\vaibhav\tallyAcczite\Acczite20_tm1w50bx_wpftmp.csproj]
C:\vaibhav\tallyAcczite\Models\Warehouse\DimensionTables.cs(20,23): warning CS8618: Non-nullable property 'TallyMasterId' must contain a non-null value when exiting constructor. Consider adding the 'required' modifier or declaring the property as nullable. [C:\vaibhav\tallyAcczite\Acczite20_tm1w50bx_wpftmp.csproj]
C:\vaibhav\tallyAcczite\Models\Analytics\CustomerRisk.cs(20,23): warning CS8618: Non-nullable property 'Type' must contain a non-null value when exiting constructor. Consider adding the 'required' modifier or declaring the property as nullable. [C:\vaibhav\tallyAcczite\Acczite20_tm1w50bx_wpftmp.csproj]
C:\vaibhav\tallyAcczite\Models\Analytics\CustomerRisk.cs(21,23): warning CS8618: Non-nullable property 'Status' must contain a non-null value when exiting constructor. Consider adding the 'required' modifier or declaring the property as nullable. [C:\vaibhav\tallyAcczite\Acczite20_tm1w50bx_wpftmp.csproj]
C:\vaibhav\tallyAcczite\Models\Analytics\CustomerRisk.cs(22,23): warning CS8618: Non-nullable property 'Message' must contain a non-null value when exiting constructor. Consider adding the 'required' modifier or declaring the property as nullable. [C:\vaibhav\tallyAcczite\Acczite20_tm1w50bx_wpftmp.csproj]
C:\vaibhav\tallyAcczite\Models\Analytics\CustomerRisk.cs(9,23): warning CS8618: Non-nullable property 'CustomerName' must contain a non-null value when exiting constructor. Consider adding the 'required' modifier or declaring the property as nullable. [C:\vaibhav\tallyAcczite\Acczite20_tm1w50bx_wpftmp.csproj]
C:\vaibhav\tallyAcczite\Models\Analytics\CustomerRisk.cs(13,23): warning CS8618: Non-nullable property 'RiskLevel' must contain a non-null value when exiting constructor. Consider adding the 'required' modifier or declaring the property as nullable. [C:\vaibhav\tallyAcczite\Acczite20_tm1w50bx_wpftmp.csproj]
C:\vaibhav\tallyAcczite\Models\Analytics\CustomerRisk.cs(14,23): warning CS8618: Non-nullable property 'RiskReason' must contain a non-null value when exiting constructor. Consider adding the 'required' modifier or declaring the property as nullable. [C:\vaibhav\tallyAcczite\Acczite20_tm1w50bx_wpftmp.csproj]
C:\vaibhav\tallyAcczite\Models\Warehouse\DimensionTables.cs(7,23): warning CS8618: Non-nullable property 'LedgerName' must contain a non-null value when exiting constructor. Consider adding the 'required' modifier or declaring the property as nullable. [C:\vaibhav\tallyAcczite\Acczite20_tm1w50bx_wpftmp.csproj]
C:\vaibhav\tallyAcczite\Models\Warehouse\DimensionTables.cs(9,23): warning CS8618: Non-nullable property 'ParentGroupName' must contain a non-null value when exiting constructor. Consider adding the 'required' modifier or declaring the property as nullable. [C:\vaibhav\tallyAcczite\Acczite20_tm1w50bx_wpftmp.csproj]
C:\vaibhav\tallyAcczite\Models\Warehouse\DimensionTables.cs(12,23): warning CS8618: Non-nullable property 'TallyMasterId' must contain a non-null value when exiting constructor. Consider adding the 'required' modifier or declaring the property as nullable. [C:\vaibhav\tallyAcczite\Acczite20_tm1w50bx_wpftmp.csproj]
C:\vaibhav\tallyAcczite\Models\VoucherType.cs(7,23): warning CS8618: Non-nullable property 'Name' must contain a non-null value when exiting constructor. Consider adding the 'required' modifier or declaring the property as nullable. [C:\vaibhav\tallyAcczite\Acczite20_tm1w50bx_wpftmp.csproj]
C:\vaibhav\tallyAcczite\Models\VoucherType.cs(8,23): warning CS8618: Non-nullable property 'Category' must contain a non-null value when exiting constructor. Consider adding the 'required' modifier or declaring the property as nullable. [C:\vaibhav\tallyAcczite\Acczite20_tm1w50bx_wpftmp.csproj]
C:\vaibhav\tallyAcczite\Models\Analytics\BusinessPulseModels.cs(25,23): warning CS8618: Non-nullable property 'Message' must contain a non-null value when exiting constructor. Consider adding the 'required' modifier or declaring the property as nullable. [C:\vaibhav\tallyAcczite\Acczite20_tm1w50bx_wpftmp.csproj]
C:\vaibhav\tallyAcczite\Models\Analytics\BusinessPulseModels.cs(26,23): warning CS8618: Non-nullable property 'Severity' must contain a non-null value when exiting constructor. Consider adding the 'required' modifier or declaring the property as nullable. [C:\vaibhav\tallyAcczite\Acczite20_tm1w50bx_wpftmp.csproj]
C:\vaibhav\tallyAcczite\Models\Analytics\BusinessPulseModels.cs(27,23): warning CS8618: Non-nullable property 'Category' must contain a non-null value when exiting constructor. Consider adding the 'required' modifier or declaring the property as nullable. [C:\vaibhav\tallyAcczite\Acczite20_tm1w50bx_wpftmp.csproj]
C:\vaibhav\tallyAcczite\Models\Analytics\BusinessPulseModels.cs(18,23): warning CS8618: Non-nullable property 'TopExpenseLedger' must contain a non-null value when exiting constructor. Consider adding the 'required' modifier or declaring the property as nullable. [C:\vaibhav\tallyAcczite\Acczite20_tm1w50bx_wpftmp.csproj]
C:\vaibhav\tallyAcczite\Models\Voucher.cs(9,23): warning CS8618: Non-nullable property 'VoucherNumber' must contain a non-null value when exiting constructor. Consider adding the 'required' modifier or declaring the property as nullable. [C:\vaibhav\tallyAcczite\Acczite20_tm1w50bx_wpftmp.csproj]
C:\vaibhav\tallyAcczite\Models\Voucher.cs(12,23): warning CS8618: Non-nullable property 'ReferenceNumber' must contain a non-null value when exiting constructor. Consider adding the 'required' modifier or declaring the property as nullable. [C:\vaibhav\tallyAcczite\Acczite20_tm1w50bx_wpftmp.csproj]
C:\vaibhav\tallyAcczite\Models\Voucher.cs(13,23): warning CS8618: Non-nullable property 'Narration' must contain a non-null value when exiting constructor. Consider adding the 'required' modifier or declaring the property as nullable. [C:\vaibhav\tallyAcczite\Acczite20_tm1w50bx_wpftmp.csproj]
C:\vaibhav\tallyAcczite\Models\Voucher.cs(17,23): warning CS8618: Non-nullable property 'TallyMasterId' must contain a non-null value when exiting constructor. Consider adding the 'required' modifier or declaring the property as nullable. [C:\vaibhav\tallyAcczite\Acczite20_tm1w50bx_wpftmp.csproj]
C:\vaibhav\tallyAcczite\Models\Voucher.cs(22,32): warning CS8618: Non-nullable property 'Company' must contain a non-null value when exiting constructor. Consider adding the 'required' modifier or declaring the property as nullable. [C:\vaibhav\tallyAcczite\Acczite20_tm1w50bx_wpftmp.csproj]
C:\vaibhav\tallyAcczite\Models\Voucher.cs(23,36): warning CS8618: Non-nullable property 'VoucherType' must contain a non-null value when exiting constructor. Consider adding the 'required' modifier or declaring the property as nullable. [C:\vaibhav\tallyAcczite\Acczite20_tm1w50bx_wpftmp.csproj]
C:\vaibhav\tallyAcczite\Models\Voucher.cs(24,49): warning CS8618: Non-nullable property 'LedgerEntries' must contain a non-null value when exiting constructor. Consider adding the 'required' modifier or declaring the property as nullable. [C:\vaibhav\tallyAcczite\Acczite20_tm1w50bx_wpftmp.csproj]
C:\vaibhav\tallyAcczite\Models\Voucher.cs(25,57): warning CS8618: Non-nullable property 'InventoryAllocations' must contain a non-null value when exiting constructor. Consider adding the 'required' modifier or declaring the property as nullable. [C:\vaibhav\tallyAcczite\Acczite20_tm1w50bx_wpftmp.csproj]
C:\vaibhav\tallyAcczite\Models\Voucher.cs(26,50): warning CS8618: Non-nullable property 'GstBreakdowns' must contain a non-null value when exiting constructor. Consider adding the 'required' modifier or declaring the property as nullable. [C:\vaibhav\tallyAcczite\Acczite20_tm1w50bx_wpftmp.csproj]
C:\vaibhav\tallyAcczite\Views\Pages\TallyExecutePage.xaml.cs(40,36): warning CS8604: Possible null reference argument for parameter 'selectedFields' in 'string TallyExecutePage.BuildSummary(List<string> selectedFields)'. [C:\vaibhav\tallyAcczite\Acczite20_tm1w50bx_wpftmp.csproj]
C:\vaibhav\tallyAcczite\Services\Analytics\GlobalSearchService.cs(12,23): warning CS8618: Non-nullable property 'Title' must contain a non-null value when exiting constructor. Consider adding the 'required' modifier or declaring the property as nullable. [C:\vaibhav\tallyAcczite\Acczite20_tm1w50bx_wpftmp.csproj]
C:\vaibhav\tallyAcczite\Services\Analytics\GlobalSearchService.cs(13,23): warning CS8618: Non-nullable property 'SubTitle' must contain a non-null value when exiting constructor. Consider adding the 'required' modifier or declaring the property as nullable. [C:\vaibhav\tallyAcczite\Acczite20_tm1w50bx_wpftmp.csproj]
C:\vaibhav\tallyAcczite\Services\Analytics\GlobalSearchService.cs(14,23): warning CS8618: Non-nullable property 'Category' must contain a non-null value when exiting constructor. Consider adding the 'required' modifier or declaring the property as nullable. [C:\vaibhav\tallyAcczite\Acczite20_tm1w50bx_wpftmp.csproj]
C:\vaibhav\tallyAcczite\Services\Analytics\GlobalSearchService.cs(15,23): warning CS8618: Non-nullable property 'DetailActionId' must contain a non-null value when exiting constructor. Consider adding the 'required' modifier or declaring the property as nullable. [C:\vaibhav\tallyAcczite\Acczite20_tm1w50bx_wpftmp.csproj]
C:\vaibhav\tallyAcczite\Services\Analytics\FinancialAnalysisService.cs(168,23): warning CS8618: Non-nullable property 'LedgerName' must contain a non-null value when exiting constructor. Consider adding the 'required' modifier or declaring the property as nullable. [C:\vaibhav\tallyAcczite\Acczite20_tm1w50bx_wpftmp.csproj]
C:\vaibhav\tallyAcczite\Models\AuthResponses.cs(25,23): warning CS8618: Non-nullable property 'Id' must contain a non-null value when exiting constructor. Consider adding the 'required' modifier or declaring the property as nullable. [C:\vaibhav\tallyAcczite\Acczite20_tm1w50bx_wpftmp.csproj]
C:\vaibhav\tallyAcczite\Models\AuthResponses.cs(28,23): warning CS8618: Non-nullable property 'Username' must contain a non-null value when exiting constructor. Consider adding the 'required' modifier or declaring the property as nullable. [C:\vaibhav\tallyAcczite\Acczite20_tm1w50bx_wpftmp.csproj]
C:\vaibhav\tallyAcczite\Models\AuthResponses.cs(31,23): warning CS8618: Non-nullable property 'Email' must contain a non-null value when exiting constructor. Consider adding the 'required' modifier or declaring the property as nullable. [C:\vaibhav\tallyAcczite\Acczite20_tm1w50bx_wpftmp.csproj]
C:\vaibhav\tallyAcczite\Models\AuthResponses.cs(34,23): warning CS8618: Non-nullable property 'Authority' must contain a non-null value when exiting constructor. Consider adding the 'required' modifier or declaring the property as nullable. [C:\vaibhav\tallyAcczite\Acczite20_tm1w50bx_wpftmp.csproj]
C:\vaibhav\tallyAcczite\Models\AuthResponses.cs(40,33): warning CS8618: Non-nullable property 'Organization' must contain a non-null value when exiting constructor. Consider adding the 'required' modifier or declaring the property as nullable. [C:\vaibhav\tallyAcczite\Acczite20_tm1w50bx_wpftmp.csproj]
C:\vaibhav\tallyAcczite\ViewModels\LoginViewModel.cs(86,21): warning CS4014: Because this call is not awaited, execution of the current method continues before the call is completed. Consider applying the 'await' operator to the result of the call. [C:\vaibhav\tallyAcczite\Acczite20_tm1w50bx_wpftmp.csproj]
C:\vaibhav\tallyAcczite\Models\AuthResponses.cs(46,23): warning CS8618: Non-nullable property 'SectionKey' must contain a non-null value when exiting constructor. Consider adding the 'required' modifier or declaring the property as nullable. [C:\vaibhav\tallyAcczite\Acczite20_tm1w50bx_wpftmp.csproj]
C:\vaibhav\tallyAcczite\Models\AuthResponses.cs(55,23): warning CS8618: Non-nullable property 'Id' must contain a non-null value when exiting constructor. Consider adding the 'required' modifier or declaring the property as nullable. [C:\vaibhav\tallyAcczite\Acczite20_tm1w50bx_wpftmp.csproj]
C:\vaibhav\tallyAcczite\Models\AuthResponses.cs(58,23): warning CS8618: Non-nullable property 'Name' must contain a non-null value when exiting constructor. Consider adding the 'required' modifier or declaring the property as nullable. [C:\vaibhav\tallyAcczite\Acczite20_tm1w50bx_wpftmp.csproj]
C:\vaibhav\tallyAcczite\Models\SyncLog.cs(8,23): warning CS8618: Non-nullable property 'Level' must contain a non-null value when exiting constructor. Consider adding the 'required' modifier or declaring the property as nullable. [C:\vaibhav\tallyAcczite\Acczite20_tm1w50bx_wpftmp.csproj]
C:\vaibhav\tallyAcczite\Models\SyncLog.cs(9,23): warning CS8618: Non-nullable property 'Message' must contain a non-null value when exiting constructor. Consider adding the 'required' modifier or declaring the property as nullable. [C:\vaibhav\tallyAcczite\Acczite20_tm1w50bx_wpftmp.csproj]
C:\vaibhav\tallyAcczite\Models\SyncLog.cs(10,23): warning CS8618: Non-nullable property 'EntityType' must contain a non-null value when exiting constructor. Consider adding the 'required' modifier or declaring the property as nullable. [C:\vaibhav\tallyAcczite\Acczite20_tm1w50bx_wpftmp.csproj]
C:\vaibhav\tallyAcczite\Models\SyncLog.cs(11,23): warning CS8618: Non-nullable property 'RecordReference' must contain a non-null value when exiting constructor. Consider adding the 'required' modifier or declaring the property as nullable. [C:\vaibhav\tallyAcczite\Acczite20_tm1w50bx_wpftmp.csproj]
C:\vaibhav\tallyAcczite\Services\Explorer\VoucherExplorerService.cs(76,25): warning CS8601: Possible null reference assignment. [C:\vaibhav\tallyAcczite\Acczite20_tm1w50bx_wpftmp.csproj]
C:\vaibhav\tallyAcczite\Services\History\TimelineEventSubscriber.cs(30,40): warning CS8600: Converting null literal or possible null value to non-nullable type. [C:\vaibhav\tallyAcczite\Acczite20_tm1w50bx_wpftmp.csproj]
C:\vaibhav\tallyAcczite\Services\Explorer\InventoryExplorerService.cs(82,24): warning CS8601: Possible null reference assignment. [C:\vaibhav\tallyAcczite\Acczite20_tm1w50bx_wpftmp.csproj]
C:\vaibhav\tallyAcczite\Services\Explorer\InventoryExplorerService.cs(83,30): warning CS8601: Possible null reference assignment. [C:\vaibhav\tallyAcczite\Acczite20_tm1w50bx_wpftmp.csproj]
C:\vaibhav\tallyAcczite\Services\Explorer\InventoryExplorerService.cs(84,24): warning CS8601: Possible null reference assignment. [C:\vaibhav\tallyAcczite\Acczite20_tm1w50bx_wpftmp.csproj]
C:\vaibhav\tallyAcczite\Models\Payslip.cs(9,23): warning CS8618: Non-nullable property 'PDFPath' must contain a non-null value when exiting constructor. Consider adding the 'required' modifier or declaring the property as nullable. [C:\vaibhav\tallyAcczite\Acczite20_tm1w50bx_wpftmp.csproj]
C:\vaibhav\tallyAcczite\Models\Payslip.cs(12,32): warning CS8618: Non-nullable property 'Payroll' must contain a non-null value when exiting constructor. Consider adding the 'required' modifier or declaring the property as nullable. [C:\vaibhav\tallyAcczite\Acczite20_tm1w50bx_wpftmp.csproj]
C:\vaibhav\tallyAcczite\Models\Payroll.cs(8,23): warning CS8618: Non-nullable property 'EmployeeName' must contain a non-null value when exiting constructor. Consider adding the 'required' modifier or declaring the property as nullable. [C:\vaibhav\tallyAcczite\Acczite20_tm1w50bx_wpftmp.csproj]
C:\vaibhav\tallyAcczite\Models\Payroll.cs(9,23): warning CS8618: Non-nullable property 'EmployeeId' must contain a non-null value when exiting constructor. Consider adding the 'required' modifier or declaring the property as nullable. [C:\vaibhav\tallyAcczite\Acczite20_tm1w50bx_wpftmp.csproj]
C:\vaibhav\tallyAcczite\Models\Payroll.cs(14,23): warning CS8618: Non-nullable property 'PayrollMonth' must contain a non-null value when exiting constructor. Consider adding the 'required' modifier or declaring the property as nullable. [C:\vaibhav\tallyAcczite\Acczite20_tm1w50bx_wpftmp.csproj]
C:\vaibhav\tallyAcczite\Models\Payroll.cs(16,32): warning CS8618: Non-nullable property 'Voucher' must contain a non-null value when exiting constructor. Consider adding the 'required' modifier or declaring the property as nullable. [C:\vaibhav\tallyAcczite\Acczite20_tm1w50bx_wpftmp.csproj]
C:\vaibhav\tallyAcczite\Models\LedgerEntry.cs(8,23): warning CS8618: Non-nullable property 'LedgerName' must contain a non-null value when exiting constructor. Consider adding the 'required' modifier or declaring the property as nullable. [C:\vaibhav\tallyAcczite\Acczite20_tm1w50bx_wpftmp.csproj]
C:\vaibhav\tallyAcczite\Models\LedgerEntry.cs(9,23): warning CS8618: Non-nullable property 'LedgerGroup' must contain a non-null value when exiting constructor. Consider adding the 'required' modifier or declaring the property as nullable. [C:\vaibhav\tallyAcczite\Acczite20_tm1w50bx_wpftmp.csproj]
C:\vaibhav\tallyAcczite\Models\LedgerEntry.cs(14,32): warning CS8618: Non-nullable property 'Voucher' must contain a non-null value when exiting constructor. Consider adding the 'required' modifier or declaring the property as nullable. [C:\vaibhav\tallyAcczite\Acczite20_tm1w50bx_wpftmp.csproj]
C:\vaibhav\tallyAcczite\Models\Invoice.cs(8,23): warning CS8618: Non-nullable property 'InvoiceNumber' must contain a non-null value when exiting constructor. Consider adding the 'required' modifier or declaring the property as nullable. [C:\vaibhav\tallyAcczite\Acczite20_tm1w50bx_wpftmp.csproj]
C:\vaibhav\tallyAcczite\Models\Invoice.cs(9,23): warning CS8618: Non-nullable property 'CustomerName' must contain a non-null value when exiting constructor. Consider adding the 'required' modifier or declaring the property as nullable. [C:\vaibhav\tallyAcczite\Acczite20_tm1w50bx_wpftmp.csproj]
C:\vaibhav\tallyAcczite\Models\Invoice.cs(10,23): warning CS8618: Non-nullable property 'GSTNumber' must contain a non-null value when exiting constructor. Consider adding the 'required' modifier or declaring the property as nullable. [C:\vaibhav\tallyAcczite\Acczite20_tm1w50bx_wpftmp.csproj]
C:\vaibhav\tallyAcczite\Models\Invoice.cs(17,23): warning CS8618: Non-nullable property 'Status' must contain a non-null value when exiting constructor. Consider adding the 'required' modifier or declaring the property as nullable. [C:\vaibhav\tallyAcczite\Acczite20_tm1w50bx_wpftmp.csproj]
C:\vaibhav\tallyAcczite\Models\Invoice.cs(19,32): warning CS8618: Non-nullable property 'Voucher' must contain a non-null value when exiting constructor. Consider adding the 'required' modifier or declaring the property as nullable. [C:\vaibhav\tallyAcczite\Acczite20_tm1w50bx_wpftmp.csproj]
C:\vaibhav\tallyAcczite\Models\InventoryAllocation.cs(14,32): warning CS8618: Non-nullable property 'Voucher' must contain a non-null value when exiting constructor. Consider adding the 'required' modifier or declaring the property as nullable. [C:\vaibhav\tallyAcczite\Acczite20_tm1w50bx_wpftmp.csproj]
C:\vaibhav\tallyAcczite\Services\Integration\IntegrationEventDispatcher.cs(41,16): warning CS8618: Non-nullable field '_cts' must contain a non-null value when exiting constructor. Consider adding the 'required' modifier or declaring the field as nullable. [C:\vaibhav\tallyAcczite\Acczite20_tm1w50bx_wpftmp.csproj]
C:\vaibhav\tallyAcczite\Models\Integration\MernIntegrationModels.cs(38,23): warning CS8618: Non-nullable property 'MernId' must contain a non-null value when exiting constructor. Consider adding the 'required' modifier or declaring the property as nullable. [C:\vaibhav\tallyAcczite\Acczite20_tm1w50bx_wpftmp.csproj]
C:\vaibhav\tallyAcczite\Models\Integration\MernIntegrationModels.cs(39,23): warning CS8618: Non-nullable property 'EmployeeMernId' must contain a non-null value when exiting constructor. Consider adding the 'required' modifier or declaring the property as nullable. [C:\vaibhav\tallyAcczite\Acczite20_tm1w50bx_wpftmp.csproj]
C:\vaibhav\tallyAcczite\Models\Integration\MernIntegrationModels.cs(42,23): warning CS8618: Non-nullable property 'Status' must contain a non-null value when exiting constructor. Consider adding the 'required' modifier or declaring the property as nullable. [C:\vaibhav\tallyAcczite\Acczite20_tm1w50bx_wpftmp.csproj]
C:\vaibhav\tallyAcczite\Models\Integration\MernIntegrationModels.cs(27,23): warning CS8618: Non-nullable property 'MernId' must contain a non-null value when exiting constructor. Consider adding the 'required' modifier or declaring the property as nullable. [C:\vaibhav\tallyAcczite\Acczite20_tm1w50bx_wpftmp.csproj]
C:\vaibhav\tallyAcczite\Models\Integration\MernIntegrationModels.cs(28,23): warning CS8618: Non-nullable property 'EmployeeNo' must contain a non-null value when exiting constructor. Consider adding the 'required' modifier or declaring the property as nullable. [C:\vaibhav\tallyAcczite\Acczite20_tm1w50bx_wpftmp.csproj]
C:\vaibhav\tallyAcczite\Models\Integration\MernIntegrationModels.cs(29,23): warning CS8618: Non-nullable property 'FullName' must contain a non-null value when exiting constructor. Consider adding the 'required' modifier or declaring the property as nullable. [C:\vaibhav\tallyAcczite\Acczite20_tm1w50bx_wpftmp.csproj]
C:\vaibhav\tallyAcczite\Models\Integration\MernIntegrationModels.cs(30,23): warning CS8618: Non-nullable property 'Email' must contain a non-null value when exiting constructor. Consider adding the 'required' modifier or declaring the property as nullable. [C:\vaibhav\tallyAcczite\Acczite20_tm1w50bx_wpftmp.csproj]
C:\vaibhav\tallyAcczite\Models\Integration\MernIntegrationModels.cs(31,23): warning CS8618: Non-nullable property 'Department' must contain a non-null value when exiting constructor. Consider adding the 'required' modifier or declaring the property as nullable. [C:\vaibhav\tallyAcczite\Acczite20_tm1w50bx_wpftmp.csproj]
C:\vaibhav\tallyAcczite\Models\Integration\MernIntegrationModels.cs(32,23): warning CS8618: Non-nullable property 'Designation' must contain a non-null value when exiting constructor. Consider adding the 'required' modifier or declaring the property as nullable. [C:\vaibhav\tallyAcczite\Acczite20_tm1w50bx_wpftmp.csproj]
C:\vaibhav\tallyAcczite\Models\Integration\MernIntegrationModels.cs(33,23): warning CS8618: Non-nullable property 'TallyEmployeeName' must contain a non-null value when exiting constructor. Consider adding the 'required' modifier or declaring the property as nullable. [C:\vaibhav\tallyAcczite\Acczite20_tm1w50bx_wpftmp.csproj]
C:\vaibhav\tallyAcczite\Models\Integration\MernIntegrationModels.cs(16,23): warning CS8618: Non-nullable property 'MernId' must contain a non-null value when exiting constructor. Consider adding the 'required' modifier or declaring the property as nullable. [C:\vaibhav\tallyAcczite\Acczite20_tm1w50bx_wpftmp.csproj]
C:\vaibhav\tallyAcczite\Models\Integration\MernIntegrationModels.cs(17,23): warning CS8618: Non-nullable property 'SKU' must contain a non-null value when exiting constructor. Consider adding the 'required' modifier or declaring the property as nullable. [C:\vaibhav\tallyAcczite\Acczite20_tm1w50bx_wpftmp.csproj]
C:\vaibhav\tallyAcczite\Models\Integration\MernIntegrationModels.cs(18,23): warning CS8618: Non-nullable property 'Name' must contain a non-null value when exiting constructor. Consider adding the 'required' modifier or declaring the property as nullable. [C:\vaibhav\tallyAcczite\Acczite20_tm1w50bx_wpftmp.csproj]
C:\vaibhav\tallyAcczite\Models\Integration\MernIntegrationModels.cs(19,23): warning CS8618: Non-nullable property 'Category' must contain a non-null value when exiting constructor. Consider adding the 'required' modifier or declaring the property as nullable. [C:\vaibhav\tallyAcczite\Acczite20_tm1w50bx_wpftmp.csproj]
C:\vaibhav\tallyAcczite\Models\Integration\MernIntegrationModels.cs(21,23): warning CS8618: Non-nullable property 'UOM' must contain a non-null value when exiting constructor. Consider adding the 'required' modifier or declaring the property as nullable. [C:\vaibhav\tallyAcczite\Acczite20_tm1w50bx_wpftmp.csproj]
C:\vaibhav\tallyAcczite\Models\Integration\MernIntegrationModels.cs(22,23): warning CS8618: Non-nullable property 'TallyStockItemName' must contain a non-null value when exiting constructor. Consider adding the 'required' modifier or declaring the property as nullable. [C:\vaibhav\tallyAcczite\Acczite20_tm1w50bx_wpftmp.csproj]
C:\vaibhav\tallyAcczite\Services\Explorer\LedgerExplorerService.cs(77,29): warning CS8601: Possible null reference assignment. [C:\vaibhav\tallyAcczite\Acczite20_tm1w50bx_wpftmp.csproj]
C:\vaibhav\tallyAcczite\Views\Pages\SettingsPage.xaml.cs(120,30): warning CS0168: The variable 'ex' is declared but never used [C:\vaibhav\tallyAcczite\Acczite20_tm1w50bx_wpftmp.csproj]
C:\vaibhav\tallyAcczite\Services\Integration\IntegrationEventDispatcher.cs(141,46): warning CS8604: Possible null reference argument for parameter 'key' in 'bool Dictionary<string, string>.TryGetValue(string key, out string value)'. [C:\vaibhav\tallyAcczite\Acczite20_tm1w50bx_wpftmp.csproj]
C:\vaibhav\tallyAcczite\Services\Integration\IntegrationEventDispatcher.cs(147,49): warning CS8604: Possible null reference argument for parameter 'content' in 'StringContent.StringContent(string content, Encoding? encoding, string mediaType)'. [C:\vaibhav\tallyAcczite\Acczite20_tm1w50bx_wpftmp.csproj]
C:\vaibhav\tallyAcczite\Models\Integration\MernIntegrationModels.cs(7,23): warning CS8618: Non-nullable property 'EntityType' must contain a non-null value when exiting constructor. Consider adding the 'required' modifier or declaring the property as nullable. [C:\vaibhav\tallyAcczite\Acczite20_tm1w50bx_wpftmp.csproj]
C:\vaibhav\tallyAcczite\Models\Integration\MernIntegrationModels.cs(8,23): warning CS8618: Non-nullable property 'MernId' must contain a non-null value when exiting constructor. Consider adding the 'required' modifier or declaring the property as nullable. [C:\vaibhav\tallyAcczite\Acczite20_tm1w50bx_wpftmp.csproj]
C:\vaibhav\tallyAcczite\Models\Integration\MernIntegrationModels.cs(9,23): warning CS8618: Non-nullable property 'TallyMasterId' must contain a non-null value when exiting constructor. Consider adding the 'required' modifier or declaring the property as nullable. [C:\vaibhav\tallyAcczite\Acczite20_tm1w50bx_wpftmp.csproj]
C:\vaibhav\tallyAcczite\Services\Integration\EntityMappingService.cs(47,34): warning CS8601: Possible null reference assignment. [C:\vaibhav\tallyAcczite\Acczite20_tm1w50bx_wpftmp.csproj]
C:\vaibhav\tallyAcczite\Services\Integration\EntityMappingService.cs(48,30): warning CS8601: Possible null reference assignment. [C:\vaibhav\tallyAcczite\Acczite20_tm1w50bx_wpftmp.csproj]
C:\vaibhav\tallyAcczite\Services\Integration\EntityMappingService.cs(49,37): warning CS8601: Possible null reference assignment. [C:\vaibhav\tallyAcczite\Acczite20_tm1w50bx_wpftmp.csproj]
C:\vaibhav\tallyAcczite\Services\Integration\EntityMappingService.cs(57,34): warning CS8601: Possible null reference assignment. [C:\vaibhav\tallyAcczite\Acczite20_tm1w50bx_wpftmp.csproj]
C:\vaibhav\tallyAcczite\Services\Integration\EntityMappingService.cs(58,41): warning CS8601: Possible null reference assignment. [C:\vaibhav\tallyAcczite\Acczite20_tm1w50bx_wpftmp.csproj]
C:\vaibhav\tallyAcczite\Models\GstBreakdown.cs(13,32): warning CS8618: Non-nullable property 'Voucher' must contain a non-null value when exiting constructor. Consider adding the 'required' modifier or declaring the property as nullable. [C:\vaibhav\tallyAcczite\Acczite20_tm1w50bx_wpftmp.csproj]
C:\vaibhav\tallyAcczite\Models\Expense.cs(8,23): warning CS8618: Non-nullable property 'ExpenseCategory' must contain a non-null value when exiting constructor. Consider adding the 'required' modifier or declaring the property as nullable. [C:\vaibhav\tallyAcczite\Acczite20_tm1w50bx_wpftmp.csproj]
C:\vaibhav\tallyAcczite\Models\Expense.cs(10,23): warning CS8618: Non-nullable property 'PaymentMode' must contain a non-null value when exiting constructor. Consider adding the 'required' modifier or declaring the property as nullable. [C:\vaibhav\tallyAcczite\Acczite20_tm1w50bx_wpftmp.csproj]
C:\vaibhav\tallyAcczite\Models\Expense.cs(11,23): warning CS8618: Non-nullable property 'Remarks' must contain a non-null value when exiting constructor. Consider adding the 'required' modifier or declaring the property as nullable. [C:\vaibhav\tallyAcczite\Acczite20_tm1w50bx_wpftmp.csproj]
C:\vaibhav\tallyAcczite\Models\Expense.cs(13,32): warning CS8618: Non-nullable property 'Voucher' must contain a non-null value when exiting constructor. Consider adding the 'required' modifier or declaring the property as nullable. [C:\vaibhav\tallyAcczite\Acczite20_tm1w50bx_wpftmp.csproj]
C:\vaibhav\tallyAcczite\Models\ContraEntry.cs(8,23): warning CS8618: Non-nullable property 'FromAccount' must contain a non-null value when exiting constructor. Consider adding the 'required' modifier or declaring the property as nullable. [C:\vaibhav\tallyAcczite\Acczite20_tm1w50bx_wpftmp.csproj]
C:\vaibhav\tallyAcczite\Models\ContraEntry.cs(9,23): warning CS8618: Non-nullable property 'ToAccount' must contain a non-null value when exiting constructor. Consider adding the 'required' modifier or declaring the property as nullable. [C:\vaibhav\tallyAcczite\Acczite20_tm1w50bx_wpftmp.csproj]
C:\vaibhav\tallyAcczite\Models\ContraEntry.cs(12,32): warning CS8618: Non-nullable property 'Voucher' must contain a non-null value when exiting constructor. Consider adding the 'required' modifier or declaring the property as nullable. [C:\vaibhav\tallyAcczite\Acczite20_tm1w50bx_wpftmp.csproj]
C:\vaibhav\tallyAcczite\Models\Company.cs(7,23): warning CS8618: Non-nullable property 'Name' must contain a non-null value when exiting constructor. Consider adding the 'required' modifier or declaring the property as nullable. [C:\vaibhav\tallyAcczite\Acczite20_tm1w50bx_wpftmp.csproj]
C:\vaibhav\tallyAcczite\Models\Company.cs(8,23): warning CS8618: Non-nullable property 'TallyCompanyName' must contain a non-null value when exiting constructor. Consider adding the 'required' modifier or declaring the property as nullable. [C:\vaibhav\tallyAcczite\Acczite20_tm1w50bx_wpftmp.csproj]
C:\vaibhav\tallyAcczite\Models\Company.cs(9,23): warning CS8618: Non-nullable property 'GSTNumber' must contain a non-null value when exiting constructor. Consider adding the 'required' modifier or declaring the property as nullable. [C:\vaibhav\tallyAcczite\Acczite20_tm1w50bx_wpftmp.csproj]
C:\vaibhav\tallyAcczite\Models\Company.cs(10,23): warning CS8618: Non-nullable property 'Address' must contain a non-null value when exiting constructor. Consider adding the 'required' modifier or declaring the property as nullable. [C:\vaibhav\tallyAcczite\Acczite20_tm1w50bx_wpftmp.csproj]
C:\vaibhav\tallyAcczite\Services\Integration\EntityMappingService.cs(110,30): warning CS8601: Possible null reference assignment. [C:\vaibhav\tallyAcczite\Acczite20_tm1w50bx_wpftmp.csproj]
C:\vaibhav\tallyAcczite\Services\Integration\EntityMappingService.cs(111,37): warning CS8601: Possible null reference assignment. [C:\vaibhav\tallyAcczite\Acczite20_tm1w50bx_wpftmp.csproj]
C:\vaibhav\tallyAcczite\Services\Integration\EntityMappingService.cs(146,17): warning CS8604: Possible null reference argument for parameter 'entityType' in 'MappingApprovedEvent.MappingApprovedEvent(string entityType, string mernName, string tallyName)'. [C:\vaibhav\tallyAcczite\Acczite20_tm1w50bx_wpftmp.csproj]
C:\vaibhav\tallyAcczite\Services\Integration\EntityMappingService.cs(147,17): warning CS8604: Possible null reference argument for parameter 'mernName' in 'MappingApprovedEvent.MappingApprovedEvent(string entityType, string mernName, string tallyName)'. [C:\vaibhav\tallyAcczite\Acczite20_tm1w50bx_wpftmp.csproj]
C:\vaibhav\tallyAcczite\Services\Integration\EntityMappingService.cs(148,17): warning CS8604: Possible null reference argument for parameter 'tallyName' in 'MappingApprovedEvent.MappingApprovedEvent(string entityType, string mernName, string tallyName)'. [C:\vaibhav\tallyAcczite\Acczite20_tm1w50bx_wpftmp.csproj]
C:\vaibhav\tallyAcczite\Services\Sync\TallySyncOrchestrator.cs(187,46): warning CS8604: Possible null reference argument for parameter 'source' in 'bool Enumerable.Any<string>(IEnumerable<string> source, Func<string, bool> predicate)'. [C:\vaibhav\tallyAcczite\Acczite20_tm1w50bx_wpftmp.csproj]
C:\vaibhav\tallyAcczite\Services\Sync\TallySyncOrchestrator.cs(194,46): warning CS8604: Possible null reference argument for parameter 'source' in 'bool Enumerable.Any<string>(IEnumerable<string> source, Func<string, bool> predicate)'. [C:\vaibhav\tallyAcczite\Acczite20_tm1w50bx_wpftmp.csproj]
C:\vaibhav\tallyAcczite\Services\Sync\TallySyncOrchestrator.cs(69,25): warning CS0169: The field 'TallySyncOrchestrator._lastMasterIdInCheckpoint' is never used [C:\vaibhav\tallyAcczite\Acczite20_tm1w50bx_wpftmp.csproj]
C:\vaibhav\tallyAcczite\Services\Sync\TallySyncOrchestrator.cs(70,22): warning CS0414: The field 'TallySyncOrchestrator._lastBatchLatencyMs' is assigned but its value is never used [C:\vaibhav\tallyAcczite\Acczite20_tm1w50bx_wpftmp.csproj]
C:\vaibhav\tallyAcczite\App.xaml.cs(133,13): warning CA1416: This call site is reachable on all platforms. 'DashboardPage' is only supported on: 'windows' 7.0 and later. (https://learn.microsoft.com/dotnet/fundamentals/code-analysis/quality-rules/ca1416) [C:\vaibhav\tallyAcczite\Acczite20_tm1w50bx_wpftmp.csproj]
C:\vaibhav\tallyAcczite\App.xaml.cs(295,13): warning CA1416: This call site is reachable on all platforms. 'ThemeManager.ApplicationTheme' is only supported on: 'Windows'. (https://learn.microsoft.com/dotnet/fundamentals/code-analysis/quality-rules/ca1416) [C:\vaibhav\tallyAcczite\Acczite20_tm1w50bx_wpftmp.csproj]
C:\vaibhav\tallyAcczite\App.xaml.cs(295,13): warning CA1416: This call site is reachable on all platforms. 'ThemeManager.Current' is only supported on: 'Windows'. (https://learn.microsoft.com/dotnet/fundamentals/code-analysis/quality-rules/ca1416) [C:\vaibhav\tallyAcczite\Acczite20_tm1w50bx_wpftmp.csproj]
C:\vaibhav\tallyAcczite\App.xaml.cs(295,63): warning CA1416: This call site is reachable on all platforms. 'ApplicationTheme.Light' is only supported on: 'Windows'. (https://learn.microsoft.com/dotnet/fundamentals/code-analysis/quality-rules/ca1416) [C:\vaibhav\tallyAcczite\Acczite20_tm1w50bx_wpftmp.csproj]
C:\vaibhav\tallyAcczite\Views\Pages\TallySyncPage.xaml.cs(67,26): warning CA1416: This call site is reachable on all platforms. 'AutoSuggestBox.Text' is only supported on: 'Windows' 7.0 and later. (https://learn.microsoft.com/dotnet/fundamentals/code-analysis/quality-rules/ca1416) [C:\vaibhav\tallyAcczite\Acczite20_tm1w50bx_wpftmp.csproj]
C:\vaibhav\tallyAcczite\Services\Authentication\SessionPersistenceService.cs(43,76): warning CA1416: This call site is reachable on all platforms. 'DataProtectionScope.CurrentUser' is only supported on: 'windows'. (https://learn.microsoft.com/dotnet/fundamentals/code-analysis/quality-rules/ca1416) [C:\vaibhav\tallyAcczite\Acczite20_tm1w50bx_wpftmp.csproj]
C:\vaibhav\tallyAcczite\Services\Authentication\SessionPersistenceService.cs(43,38): warning CA1416: This call site is reachable on all platforms. 'ProtectedData.Protect(byte[], byte[]?, DataProtectionScope)' is only supported on: 'windows'. (https://learn.microsoft.com/dotnet/fundamentals/code-analysis/quality-rules/ca1416) [C:\vaibhav\tallyAcczite\Acczite20_tm1w50bx_wpftmp.csproj]
C:\vaibhav\tallyAcczite\Services\Authentication\SessionPersistenceService.cs(59,78): warning CA1416: This call site is reachable on all platforms. 'DataProtectionScope.CurrentUser' is only supported on: 'windows'. (https://learn.microsoft.com/dotnet/fundamentals/code-analysis/quality-rules/ca1416) [C:\vaibhav\tallyAcczite\Acczite20_tm1w50bx_wpftmp.csproj]
C:\vaibhav\tallyAcczite\Services\Authentication\SessionPersistenceService.cs(59,32): warning CA1416: This call site is reachable on all platforms. 'ProtectedData.Unprotect(byte[], byte[]?, DataProtectionScope)' is only supported on: 'windows'. (https://learn.microsoft.com/dotnet/fundamentals/code-analysis/quality-rules/ca1416) [C:\vaibhav\tallyAcczite\Acczite20_tm1w50bx_wpftmp.csproj]
C:\vaibhav\tallyAcczite\Views\Pages\TallySyncPage.xaml.cs(50,44): warning CA1416: This call site is reachable on all platforms. 'AutoSuggestBox.Text' is only supported on: 'Windows' 7.0 and later. (https://learn.microsoft.com/dotnet/fundamentals/code-analysis/quality-rules/ca1416) [C:\vaibhav\tallyAcczite\Acczite20_tm1w50bx_wpftmp.csproj]
C:\vaibhav\tallyAcczite\Views\Pages\TallySyncPage.xaml.cs(47,58): warning CA1416: This call site is reachable on all platforms. 'AutoSuggestBox.Text' is only supported on: 'Windows' 7.0 and later. (https://learn.microsoft.com/dotnet/fundamentals/code-analysis/quality-rules/ca1416) [C:\vaibhav\tallyAcczite\Acczite20_tm1w50bx_wpftmp.csproj]
C:\vaibhav\tallyAcczite\Views\Pages\TallyExecutePage.xaml.cs(314,21): warning CA1416: This call site is reachable on all platforms. 'ToggleSwitch.IsOn' is only supported on: 'Windows' 7.0 and later. (https://learn.microsoft.com/dotnet/fundamentals/code-analysis/quality-rules/ca1416) [C:\vaibhav\tallyAcczite\Acczite20_tm1w50bx_wpftmp.csproj]
C:\vaibhav\tallyAcczite\Views\Pages\TallyExecutePage.xaml.cs(310,17): warning CA1416: This call site is reachable on all platforms. 'ToggleSwitch.IsOn' is only supported on: 'Windows' 7.0 and later. (https://learn.microsoft.com/dotnet/fundamentals/code-analysis/quality-rules/ca1416) [C:\vaibhav\tallyAcczite\Acczite20_tm1w50bx_wpftmp.csproj]
C:\vaibhav\tallyAcczite\Views\Pages\TallyExecutePage.xaml.cs(133,13): warning CA1416: This call site is reachable on all platforms. 'ProgressRing.IsActive' is only supported on: 'Windows' 7.0 and later. (https://learn.microsoft.com/dotnet/fundamentals/code-analysis/quality-rules/ca1416) [C:\vaibhav\tallyAcczite\Acczite20_tm1w50bx_wpftmp.csproj]
C:\vaibhav\tallyAcczite\ViewModels\LoginViewModel.cs(95,29): warning CA1416: This call site is reachable on all platforms. 'DashboardPage' is only supported on: 'windows' 7.0 and later. (https://learn.microsoft.com/dotnet/fundamentals/code-analysis/quality-rules/ca1416) [C:\vaibhav\tallyAcczite\Acczite20_tm1w50bx_wpftmp.csproj]
C:\vaibhav\tallyAcczite\Views\Pages\TallyExecutePage.xaml.cs(257,23): warning CA1416: This call site is reachable on all platforms. 'ContentDialog.ShowAsync()' is only supported on: 'Windows' 7.0 and later. (https://learn.microsoft.com/dotnet/fundamentals/code-analysis/quality-rules/ca1416) [C:\vaibhav\tallyAcczite\Acczite20_tm1w50bx_wpftmp.csproj]
C:\vaibhav\tallyAcczite\Views\Pages\TallyExecutePage.xaml.cs(254,21): warning CA1416: This call site is reachable on all platforms. 'ContentDialog.Owner' is only supported on: 'Windows' 7.0 and later. (https://learn.microsoft.com/dotnet/fundamentals/code-analysis/quality-rules/ca1416) [C:\vaibhav\tallyAcczite\Acczite20_tm1w50bx_wpftmp.csproj]
C:\vaibhav\tallyAcczite\Views\MainWindow.xaml.cs(81,17): warning CA1416: This call site is reachable on all platforms. 'DashboardPage' is only supported on: 'windows' 7.0 and later. (https://learn.microsoft.com/dotnet/fundamentals/code-analysis/quality-rules/ca1416) [C:\vaibhav\tallyAcczite\Acczite20_tm1w50bx_wpftmp.csproj]
C:\vaibhav\tallyAcczite\Views\MainWindow.xaml.cs(341,78): warning CA1416: This call site is reachable on all platforms. 'DashboardPage' is only supported on: 'windows' 7.0 and later. (https://learn.microsoft.com/dotnet/fundamentals/code-analysis/quality-rules/ca1416) [C:\vaibhav\tallyAcczite\Acczite20_tm1w50bx_wpftmp.csproj]
C:\vaibhav\tallyAcczite\Views\Pages\DaybookPage.xaml.cs(47,17): warning CA1416: This call site is reachable on all platforms. 'ProgressRing.IsActive' is only supported on: 'Windows' 7.0 and later. (https://learn.microsoft.com/dotnet/fundamentals/code-analysis/quality-rules/ca1416) [C:\vaibhav\tallyAcczite\Acczite20_tm1w50bx_wpftmp.csproj]
C:\vaibhav\tallyAcczite\Views\Pages\DaybookPage.xaml.cs(142,17): warning CA1416: This call site is reachable on all platforms. 'ProgressRing.IsActive' is only supported on: 'Windows' 7.0 and later. (https://learn.microsoft.com/dotnet/fundamentals/code-analysis/quality-rules/ca1416) [C:\vaibhav\tallyAcczite\Acczite20_tm1w50bx_wpftmp.csproj]
C:\vaibhav\tallyAcczite\Views\Pages\GlobalSearchPage.xaml.cs(31,13): warning CA1416: This call site is reachable on all platforms. 'ProgressRing.IsActive' is only supported on: 'Windows' 7.0 and later. (https://learn.microsoft.com/dotnet/fundamentals/code-analysis/quality-rules/ca1416) [C:\vaibhav\tallyAcczite\Acczite20_tm1w50bx_wpftmp.csproj]
C:\vaibhav\tallyAcczite\Views\Pages\GlobalSearchPage.xaml.cs(46,17): warning CA1416: This call site is reachable on all platforms. 'ProgressRing.IsActive' is only supported on: 'Windows' 7.0 and later. (https://learn.microsoft.com/dotnet/fundamentals/code-analysis/quality-rules/ca1416) [C:\vaibhav\tallyAcczite\Acczite20_tm1w50bx_wpftmp.csproj]
C:\vaibhav\tallyAcczite\Views\Pages\GstReportingPage.xaml.cs(73,95): warning CA1416: This call site is reachable on all platforms. 'CircleGeometry' is only supported on: 'Windows' 7.0 and later. (https://learn.microsoft.com/dotnet/fundamentals/code-analysis/quality-rules/ca1416) [C:\vaibhav\tallyAcczite\Acczite20_tm1w50bx_wpftmp.csproj]
C:\vaibhav\tallyAcczite\Views\Pages\GstReportingPage.xaml.cs(73,95): warning CA1416: This call site is reachable on all platforms. 'LabelGeometry' is only supported on: 'Windows' 7.0 and later. (https://learn.microsoft.com/dotnet/fundamentals/code-analysis/quality-rules/ca1416) [C:\vaibhav\tallyAcczite\Acczite20_tm1w50bx_wpftmp.csproj]
C:\vaibhav\tallyAcczite\Views\Pages\GstReportingPage.xaml.cs(73,95): warning CA1416: This call site is reachable on all platforms. 'DoughnutGeometry' is only supported on: 'Windows' 7.0 and later. (https://learn.microsoft.com/dotnet/fundamentals/code-analysis/quality-rules/ca1416) [C:\vaibhav\tallyAcczite\Acczite20_tm1w50bx_wpftmp.csproj]
C:\vaibhav\tallyAcczite\Views\Pages\GstReportingPage.xaml.cs(73,95): warning CA1416: This call site is reachable on all platforms. 'CorePieSeries<decimal, DoughnutGeometry, LabelGeometry, CircleGeometry>.Pushout' is only supported on: 'Windows' 7.0 and later. (https://learn.microsoft.com/dotnet/fundamentals/code-analysis/quality-rules/ca1416) [C:\vaibhav\tallyAcczite\Acczite20_tm1w50bx_wpftmp.csproj]
C:\vaibhav\tallyAcczite\Views\Pages\GstReportingPage.xaml.cs(71,13): warning CA1416: This call site is reachable on all platforms. 'PieChart.Series' is only supported on: 'Windows' 7.0 and later. (https://learn.microsoft.com/dotnet/fundamentals/code-analysis/quality-rules/ca1416) [C:\vaibhav\tallyAcczite\Acczite20_tm1w50bx_wpftmp.csproj]
C:\vaibhav\tallyAcczite\Views\Pages\GstReportingPage.xaml.cs(75,80): warning CA1416: This call site is reachable on all platforms. 'LabelGeometry' is only supported on: 'Windows' 7.0 and later. (https://learn.microsoft.com/dotnet/fundamentals/code-analysis/quality-rules/ca1416) [C:\vaibhav\tallyAcczite\Acczite20_tm1w50bx_wpftmp.csproj]
C:\vaibhav\tallyAcczite\Views\Pages\GstReportingPage.xaml.cs(75,80): warning CA1416: This call site is reachable on all platforms. 'DoughnutGeometry' is only supported on: 'Windows' 7.0 and later. (https://learn.microsoft.com/dotnet/fundamentals/code-analysis/quality-rules/ca1416) [C:\vaibhav\tallyAcczite\Acczite20_tm1w50bx_wpftmp.csproj]
C:\vaibhav\tallyAcczite\Views\Pages\GstReportingPage.xaml.cs(75,80): warning CA1416: This call site is reachable on all platforms. 'Series<decimal, DoughnutGeometry, LabelGeometry>.Name' is only supported on: 'Windows' 7.0 and later. (https://learn.microsoft.com/dotnet/fundamentals/code-analysis/quality-rules/ca1416) [C:\vaibhav\tallyAcczite\Acczite20_tm1w50bx_wpftmp.csproj]
C:\vaibhav\tallyAcczite\Views\Pages\GstReportingPage.xaml.cs(74,95): warning CA1416: This call site is reachable on all platforms. 'CircleGeometry' is only supported on: 'Windows' 7.0 and later. (https://learn.microsoft.com/dotnet/fundamentals/code-analysis/quality-rules/ca1416) [C:\vaibhav\tallyAcczite\Acczite20_tm1w50bx_wpftmp.csproj]
C:\vaibhav\tallyAcczite\Views\Pages\GstReportingPage.xaml.cs(74,95): warning CA1416: This call site is reachable on all platforms. 'DoughnutGeometry' is only supported on: 'Windows' 7.0 and later. (https://learn.microsoft.com/dotnet/fundamentals/code-analysis/quality-rules/ca1416) [C:\vaibhav\tallyAcczite\Acczite20_tm1w50bx_wpftmp.csproj]
C:\vaibhav\tallyAcczite\Views\Pages\GstReportingPage.xaml.cs(74,95): warning CA1416: This call site is reachable on all platforms. 'CorePieSeries<decimal, DoughnutGeometry, LabelGeometry, CircleGeometry>.Pushout' is only supported on: 'Windows' 7.0 and later. (https://learn.microsoft.com/dotnet/fundamentals/code-analysis/quality-rules/ca1416) [C:\vaibhav\tallyAcczite\Acczite20_tm1w50bx_wpftmp.csproj]
C:\vaibhav\tallyAcczite\Views\Pages\GstReportingPage.xaml.cs(74,95): warning CA1416: This call site is reachable on all platforms. 'LabelGeometry' is only supported on: 'Windows' 7.0 and later. (https://learn.microsoft.com/dotnet/fundamentals/code-analysis/quality-rules/ca1416) [C:\vaibhav\tallyAcczite\Acczite20_tm1w50bx_wpftmp.csproj]
C:\vaibhav\tallyAcczite\Views\Pages\GstReportingPage.xaml.cs(75,42): warning CA1416: This call site is reachable on all platforms. 'LabelGeometry' is only supported on: 'Windows' 7.0 and later. (https://learn.microsoft.com/dotnet/fundamentals/code-analysis/quality-rules/ca1416) [C:\vaibhav\tallyAcczite\Acczite20_tm1w50bx_wpftmp.csproj]
C:\vaibhav\tallyAcczite\Views\Pages\GstReportingPage.xaml.cs(75,42): warning CA1416: This call site is reachable on all platforms. 'DoughnutGeometry' is only supported on: 'Windows' 7.0 and later. (https://learn.microsoft.com/dotnet/fundamentals/code-analysis/quality-rules/ca1416) [C:\vaibhav\tallyAcczite\Acczite20_tm1w50bx_wpftmp.csproj]
C:\vaibhav\tallyAcczite\Views\Pages\GstReportingPage.xaml.cs(75,42): warning CA1416: This call site is reachable on all platforms. 'Series<decimal, DoughnutGeometry, LabelGeometry>.Values' is only supported on: 'Windows' 7.0 and later. (https://learn.microsoft.com/dotnet/fundamentals/code-analysis/quality-rules/ca1416) [C:\vaibhav\tallyAcczite\Acczite20_tm1w50bx_wpftmp.csproj]
C:\vaibhav\tallyAcczite\Views\Pages\GstReportingPage.xaml.cs(73,80): warning CA1416: This call site is reachable on all platforms. 'LabelGeometry' is only supported on: 'Windows' 7.0 and later. (https://learn.microsoft.com/dotnet/fundamentals/code-analysis/quality-rules/ca1416) [C:\vaibhav\tallyAcczite\Acczite20_tm1w50bx_wpftmp.csproj]
C:\vaibhav\tallyAcczite\Views\Pages\GstReportingPage.xaml.cs(73,80): warning CA1416: This call site is reachable on all platforms. 'DoughnutGeometry' is only supported on: 'Windows' 7.0 and later. (https://learn.microsoft.com/dotnet/fundamentals/code-analysis/quality-rules/ca1416) [C:\vaibhav\tallyAcczite\Acczite20_tm1w50bx_wpftmp.csproj]
C:\vaibhav\tallyAcczite\Views\Pages\GstReportingPage.xaml.cs(73,80): warning CA1416: This call site is reachable on all platforms. 'Series<decimal, DoughnutGeometry, LabelGeometry>.Name' is only supported on: 'Windows' 7.0 and later. (https://learn.microsoft.com/dotnet/fundamentals/code-analysis/quality-rules/ca1416) [C:\vaibhav\tallyAcczite\Acczite20_tm1w50bx_wpftmp.csproj]
C:\vaibhav\tallyAcczite\Views\Pages\GstReportingPage.xaml.cs(74,17): warning CA1416: This call site is reachable on all platforms. 'PieSeries<decimal>' is only supported on: 'Windows' 7.0 and later. (https://learn.microsoft.com/dotnet/fundamentals/code-analysis/quality-rules/ca1416) [C:\vaibhav\tallyAcczite\Acczite20_tm1w50bx_wpftmp.csproj]
C:\vaibhav\tallyAcczite\Views\Pages\GstReportingPage.xaml.cs(73,17): warning CA1416: This call site is reachable on all platforms. 'PieSeries<decimal>' is only supported on: 'Windows' 7.0 and later. (https://learn.microsoft.com/dotnet/fundamentals/code-analysis/quality-rules/ca1416) [C:\vaibhav\tallyAcczite\Acczite20_tm1w50bx_wpftmp.csproj]
C:\vaibhav\tallyAcczite\Views\Pages\GstReportingPage.xaml.cs(74,42): warning CA1416: This call site is reachable on all platforms. 'LabelGeometry' is only supported on: 'Windows' 7.0 and later. (https://learn.microsoft.com/dotnet/fundamentals/code-analysis/quality-rules/ca1416) [C:\vaibhav\tallyAcczite\Acczite20_tm1w50bx_wpftmp.csproj]
C:\vaibhav\tallyAcczite\Views\Pages\GstReportingPage.xaml.cs(74,42): warning CA1416: This call site is reachable on all platforms. 'DoughnutGeometry' is only supported on: 'Windows' 7.0 and later. (https://learn.microsoft.com/dotnet/fundamentals/code-analysis/quality-rules/ca1416) [C:\vaibhav\tallyAcczite\Acczite20_tm1w50bx_wpftmp.csproj]
C:\vaibhav\tallyAcczite\Views\Pages\GstReportingPage.xaml.cs(74,42): warning CA1416: This call site is reachable on all platforms. 'Series<decimal, DoughnutGeometry, LabelGeometry>.Values' is only supported on: 'Windows' 7.0 and later. (https://learn.microsoft.com/dotnet/fundamentals/code-analysis/quality-rules/ca1416) [C:\vaibhav\tallyAcczite\Acczite20_tm1w50bx_wpftmp.csproj]
C:\vaibhav\tallyAcczite\Views\Pages\GstReportingPage.xaml.cs(74,80): warning CA1416: This call site is reachable on all platforms. 'LabelGeometry' is only supported on: 'Windows' 7.0 and later. (https://learn.microsoft.com/dotnet/fundamentals/code-analysis/quality-rules/ca1416) [C:\vaibhav\tallyAcczite\Acczite20_tm1w50bx_wpftmp.csproj]
C:\vaibhav\tallyAcczite\Views\Pages\GstReportingPage.xaml.cs(74,80): warning CA1416: This call site is reachable on all platforms. 'DoughnutGeometry' is only supported on: 'Windows' 7.0 and later. (https://learn.microsoft.com/dotnet/fundamentals/code-analysis/quality-rules/ca1416) [C:\vaibhav\tallyAcczite\Acczite20_tm1w50bx_wpftmp.csproj]
C:\vaibhav\tallyAcczite\Views\Pages\GstReportingPage.xaml.cs(74,80): warning CA1416: This call site is reachable on all platforms. 'Series<decimal, DoughnutGeometry, LabelGeometry>.Name' is only supported on: 'Windows' 7.0 and later. (https://learn.microsoft.com/dotnet/fundamentals/code-analysis/quality-rules/ca1416) [C:\vaibhav\tallyAcczite\Acczite20_tm1w50bx_wpftmp.csproj]
C:\vaibhav\tallyAcczite\Views\Pages\GstReportingPage.xaml.cs(73,42): warning CA1416: This call site is reachable on all platforms. 'LabelGeometry' is only supported on: 'Windows' 7.0 and later. (https://learn.microsoft.com/dotnet/fundamentals/code-analysis/quality-rules/ca1416) [C:\vaibhav\tallyAcczite\Acczite20_tm1w50bx_wpftmp.csproj]
C:\vaibhav\tallyAcczite\Views\Pages\GstReportingPage.xaml.cs(73,42): warning CA1416: This call site is reachable on all platforms. 'DoughnutGeometry' is only supported on: 'Windows' 7.0 and later. (https://learn.microsoft.com/dotnet/fundamentals/code-analysis/quality-rules/ca1416) [C:\vaibhav\tallyAcczite\Acczite20_tm1w50bx_wpftmp.csproj]
C:\vaibhav\tallyAcczite\Views\Pages\GstReportingPage.xaml.cs(73,42): warning CA1416: This call site is reachable on all platforms. 'Series<decimal, DoughnutGeometry, LabelGeometry>.Values' is only supported on: 'Windows' 7.0 and later. (https://learn.microsoft.com/dotnet/fundamentals/code-analysis/quality-rules/ca1416) [C:\vaibhav\tallyAcczite\Acczite20_tm1w50bx_wpftmp.csproj]
C:\vaibhav\tallyAcczite\Views\Pages\GstReportingPage.xaml.cs(75,95): warning CA1416: This call site is reachable on all platforms. 'CircleGeometry' is only supported on: 'Windows' 7.0 and later. (https://learn.microsoft.com/dotnet/fundamentals/code-analysis/quality-rules/ca1416) [C:\vaibhav\tallyAcczite\Acczite20_tm1w50bx_wpftmp.csproj]
C:\vaibhav\tallyAcczite\Views\Pages\GstReportingPage.xaml.cs(75,95): warning CA1416: This call site is reachable on all platforms. 'LabelGeometry' is only supported on: 'Windows' 7.0 and later. (https://learn.microsoft.com/dotnet/fundamentals/code-analysis/quality-rules/ca1416) [C:\vaibhav\tallyAcczite\Acczite20_tm1w50bx_wpftmp.csproj]
C:\vaibhav\tallyAcczite\Views\Pages\GstReportingPage.xaml.cs(75,95): warning CA1416: This call site is reachable on all platforms. 'DoughnutGeometry' is only supported on: 'Windows' 7.0 and later. (https://learn.microsoft.com/dotnet/fundamentals/code-analysis/quality-rules/ca1416) [C:\vaibhav\tallyAcczite\Acczite20_tm1w50bx_wpftmp.csproj]
C:\vaibhav\tallyAcczite\Views\Pages\GstReportingPage.xaml.cs(75,95): warning CA1416: This call site is reachable on all platforms. 'CorePieSeries<decimal, DoughnutGeometry, LabelGeometry, CircleGeometry>.Pushout' is only supported on: 'Windows' 7.0 and later. (https://learn.microsoft.com/dotnet/fundamentals/code-analysis/quality-rules/ca1416) [C:\vaibhav\tallyAcczite\Acczite20_tm1w50bx_wpftmp.csproj]
C:\vaibhav\tallyAcczite\Views\Pages\GstReportingPage.xaml.cs(75,17): warning CA1416: This call site is reachable on all platforms. 'PieSeries<decimal>' is only supported on: 'Windows' 7.0 and later. (https://learn.microsoft.com/dotnet/fundamentals/code-analysis/quality-rules/ca1416) [C:\vaibhav\tallyAcczite\Acczite20_tm1w50bx_wpftmp.csproj]
CSC : error CS2012: Cannot open 'C:\vaibhav\tallyAcczite\obj\Debug\net8.0-windows7.0\Acczite20.dll' for writing -- The process cannot access the file 'C:\vaibhav\tallyAcczite\obj\Debug\net8.0-windows7.0\Acczite20.dll' because it is being used by another process.; file may be locked by 'VBCSCompiler' (31528) [C:\vaibhav\tallyAcczite\Acczite20_tm1w50bx_wpftmp.csproj]
    265 Warning(s)
    1 Error(s)

Time Elapsed 00:00:08.39
