     2>C:\vaibhav\tallyAcczite\Views\Pages\ExecutiveDashboardPage.xaml.cs(83,17): error CS0103: The name 'EmptyAlertsPlaceholder' does not exist in the current context [C:\vaibhav\tallyAcczite\Acczite20_nuae11n4_wpftmp.csproj]
